Archive member included to satisfy reference by file (symbol)

/home/vladimir/src/libopencm3/lib/libopencm3_stm32f4.a(rcc.o)
                              src/init.o (rcc_clock_setup_hse_3v3)
/home/vladimir/src/libopencm3/lib/libopencm3_stm32f4.a(gpio_common_all.o)
                              src/init.o (gpio_set)
/home/vladimir/src/libopencm3/lib/libopencm3_stm32f4.a(gpio_common_f0234.o)
                              src/init.o (gpio_mode_setup)
/home/vladimir/src/libopencm3/lib/libopencm3_stm32f4.a(flash_common_f234.o)
                              /home/vladimir/src/libopencm3/lib/libopencm3_stm32f4.a(rcc.o) (flash_set_ws)
/home/vladimir/src/libopencm3/lib/libopencm3_stm32f4.a(exti_common_all.o)
                              src/init.o (exti_set_trigger)
/home/vladimir/src/libopencm3/lib/libopencm3_stm32f4.a(rcc_common_all.o)
                              src/init.o (rcc_periph_clock_enable)
/home/vladimir/src/libopencm3/lib/libopencm3_stm32f4.a(spi_common_all.o)
                              src/init.o (spi_reset)
/home/vladimir/src/libopencm3/lib/libopencm3_stm32f4.a(spi_common_v1.o)
                              src/init.o (spi_set_dff_8bit)
/home/vladimir/src/libopencm3/lib/libopencm3_stm32f4.a(usb.o)
                              src/usb.o (usbd_init)
/home/vladimir/src/libopencm3/lib/libopencm3_stm32f4.a(usb_standard.o)
                              src/usb.o (usbd_register_set_config_callback)
/home/vladimir/src/libopencm3/lib/libopencm3_stm32f4.a(usb_control.o)
                              src/usb.o (usbd_register_control_callback)
/home/vladimir/src/libopencm3/lib/libopencm3_stm32f4.a(usb_f107.o)
                              src/usb.o (stm32f107_usb_driver)
/home/vladimir/src/libopencm3/lib/libopencm3_stm32f4.a(vector.o)
                              (reset_handler)
/home/vladimir/src/libopencm3/lib/libopencm3_stm32f4.a(nvic.o)
                              src/init.o (nvic_enable_irq)
/home/vladimir/src/libopencm3/lib/libopencm3_stm32f4.a(dwt.o)
                              src/init.o (dwt_enable_cycle_counter)
/home/vladimir/src/libopencm3/lib/libopencm3_stm32f4.a(pwr.o)
                              /home/vladimir/src/libopencm3/lib/libopencm3_stm32f4.a(rcc.o) (pwr_set_vos_scale)
/home/vladimir/src/libopencm3/lib/libopencm3_stm32f4.a(usb_dwc_common.o)
                              /home/vladimir/src/libopencm3/lib/libopencm3_stm32f4.a(usb_f107.o) (dwc_set_address)
/opt/Atollic_TrueSTUDIO_for_STM32_x86_64_9.0.1/ARMTools/bin/../lib/gcc/arm-atollic-eabi/6.3.1/../../../../arm-atollic-eabi/lib/armv7e-m/fpu/libc_nano.a(lib_a-memcpy-stub.o)
                              src/comms.o (memcpy)
/opt/Atollic_TrueSTUDIO_for_STM32_x86_64_9.0.1/ARMTools/bin/../lib/gcc/arm-atollic-eabi/6.3.1/../../../../arm-atollic-eabi/lib/armv7e-m/fpu/libc_nano.a(lib_a-memset.o)
                              src/comms.o (memset)
/opt/Atollic_TrueSTUDIO_for_STM32_x86_64_9.0.1/ARMTools/bin/../lib/gcc/arm-atollic-eabi/6.3.1/../../../../arm-atollic-eabi/lib/armv7e-m/fpu/libc_nano.a(lib_a-strlen.o)
                              /home/vladimir/src/libopencm3/lib/libopencm3_stm32f4.a(usb_standard.o) (strlen)

Allocating common symbols
Common symbol       size              file

params              0xc               src/comms.o
simq                0x4c              src/comms.o
usb                 0x4               src/comms.o
buf                 0x20              src/mpu9250.o
usbd_control_buffer
                    0x80              src/usb.o

Discarded input sections

 .text          0x0000000000000000        0x0 src/comms.o
 .data          0x0000000000000000        0x0 src/comms.o
 .bss           0x0000000000000000        0x0 src/comms.o
 .text          0x0000000000000000        0x0 src/init.o
 .data          0x0000000000000000        0x0 src/init.o
 .bss           0x0000000000000000        0x0 src/init.o
 .text          0x0000000000000000        0x0 src/main.o
 .data          0x0000000000000000        0x0 src/main.o
 .bss           0x0000000000000000        0x0 src/main.o
 .text          0x0000000000000000        0x0 src/mpu9250.o
 .data          0x0000000000000000        0x0 src/mpu9250.o
 .bss           0x0000000000000000        0x0 src/mpu9250.o
 .text          0x0000000000000000        0x0 src/spi.o
 .data          0x0000000000000000        0x0 src/spi.o
 .bss           0x0000000000000000        0x0 src/spi.o
 .text          0x0000000000000000        0x0 src/usb.o
 .data          0x0000000000000000        0x0 src/usb.o
 .bss           0x0000000000000000        0x0 src/usb.o
 .text          0x0000000000000000        0x0 src/util.o
 .data          0x0000000000000000        0x0 src/util.o
 .bss           0x0000000000000000        0x0 src/util.o
 .group         0x0000000000000000        0x8 /home/vladimir/src/libopencm3/lib/libopencm3_stm32f4.a(rcc.o)
 .group         0x0000000000000000        0x8 /home/vladimir/src/libopencm3/lib/libopencm3_stm32f4.a(rcc.o)
[...]
Memory Configuration

Name             Origin             Length             Attributes
ram              0x0000000020000000 0x0000000000020000 xrw
rom              0x0000000008000000 0x0000000000100000 xr
ccm              0x0000000010000000 0x0000000000010000 xrw
*default*        0x0000000000000000 0xffffffffffffffff

Linker script and memory map

LOAD src/comms.o
LOAD src/init.o
LOAD src/main.o
LOAD src/mpu9250.o
LOAD src/spi.o
LOAD src/usb.o
LOAD src/util.o
LOAD /home/vladimir/src/libopencm3/lib/libopencm3_stm32f4.a
                0x0000000000000080                malloc_getpagesize_P = 0x80
START GROUP
LOAD /opt/Atollic_TrueSTUDIO_for_STM32_x86_64_9.0.1/ARMTools/bin/../lib/gcc/arm-atollic-eabi/6.3.1/../../../../arm-atollic-eabi/lib/armv7e-m/fpu/libc_nano.a
LOAD /opt/Atollic_TrueSTUDIO_for_STM32_x86_64_9.0.1/ARMTools/bin/../lib/gcc/arm-atollic-eabi/6.3.1/../../../../arm-atollic-eabi/lib/armv7e-m/fpu/libm.a
END GROUP
START GROUP
LOAD /opt/Atollic_TrueSTUDIO_for_STM32_x86_64_9.0.1/ARMTools/bin/../lib/gcc/arm-atollic-eabi/6.3.1/armv7e-m/fpu/libgcc.a
LOAD /opt/Atollic_TrueSTUDIO_for_STM32_x86_64_9.0.1/ARMTools/bin/../lib/gcc/arm-atollic-eabi/6.3.1/../../../../arm-atollic-eabi/lib/armv7e-m/fpu/libc_nano.a
END GROUP
START GROUP
LOAD /opt/Atollic_TrueSTUDIO_for_STM32_x86_64_9.0.1/ARMTools/bin/../lib/gcc/arm-atollic-eabi/6.3.1/armv7e-m/fpu/libgcc.a
LOAD /opt/Atollic_TrueSTUDIO_for_STM32_x86_64_9.0.1/ARMTools/bin/../lib/gcc/arm-atollic-eabi/6.3.1/../../../../arm-atollic-eabi/lib/armv7e-m/fpu/libc_nano.a
END GROUP

.text           0x0000000008000000     0x2240
 *(.vectors)
 .vectors       0x0000000008000000      0x1ac /home/vladimir/src/libopencm3/lib/libopencm3_stm32f4.a(vector.o)
                0x0000000008000000                vector_table
 *(.text*)
 .text.cm_enable_interrupts
                0x00000000080001ac       0x10 src/comms.o
 .text.cm_disable_interrupts
                0x00000000080001bc       0x10 src/comms.o
 .text.push     0x00000000080001cc       0x4c src/comms.o
                0x00000000080001cc                push
 .text.pop      0x0000000008000218       0x4c src/comms.o
                0x0000000008000218                pop
 .text.comms_init
                0x0000000008000264       0x48 src/comms.o
                0x0000000008000264                comms_init
 .text.comms_new_sample
                0x00000000080002ac       0x60 src/comms.o
                0x00000000080002ac                comms_new_sample
 .text.tx_callback
                0x000000000800030c       0x54 src/comms.o
                0x000000000800030c                tx_callback
 .text.hid_control_request_class
                0x0000000008000360       0x7c src/comms.o
                0x0000000008000360                hid_control_request_class
 .text.led_setup
                0x00000000080003dc       0x24 src/init.o
                0x00000000080003dc                led_setup
 .text.spi_setup
                0x0000000008000400       0x94 src/init.o
                0x0000000008000400                spi_setup
 .text.clk_setup
                0x0000000008000494       0x24 src/init.o
                0x0000000008000494                clk_setup
 .text.exti_setup
                0x00000000080004b8       0x44 src/init.o
                0x00000000080004b8                exti_setup
 .text.main     0x00000000080004fc       0x3c src/main.o
                0x00000000080004fc                main
 .text.exti4_isr
                0x0000000008000538       0x1c src/main.o
                0x0000000008000538                exti4_isr
 .text.mpuTask  0x0000000008000554       0x78 src/mpu9250.o
                0x0000000008000554                mpuTask
 .text.mpu_sendusb
                0x00000000080005cc       0x1c src/mpu9250.o
                0x00000000080005cc                mpu_sendusb
 .text.mpu_init
                0x00000000080005e8       0x78 src/mpu9250.o
                0x00000000080005e8                mpu_init
 .text.mpu_reset_fifo
                0x0000000008000660       0x8a src/mpu9250.o
                0x0000000008000660                mpu_reset_fifo
 *fill*         0x00000000080006ea        0x2 
 .text.mpu_run  0x00000000080006ec       0x94 src/mpu9250.o
                0x00000000080006ec                mpu_run
 .text.mpu_count
                0x0000000008000780       0x1a src/mpu9250.o
                0x0000000008000780                mpu_count
 .text.spi_read_reg
                0x000000000800079a       0x5c src/spi.o
                0x000000000800079a                spi_read_reg
 .text.spi_read_reg_d
                0x00000000080007f6       0x28 src/spi.o
                0x00000000080007f6                spi_read_reg_d
 .text.spi_write_reg
                0x000000000800081e       0x58 src/spi.o
                0x000000000800081e                spi_write_reg
 .text.spi_write_reg_d
                0x0000000008000876       0x28 src/spi.o
                0x0000000008000876                spi_write_reg_d
 .text.spi_read_reg16
                0x000000000800089e       0x78 src/spi.o
                0x000000000800089e                spi_read_reg16
 .text.spi_read_reg_burst
                0x0000000008000916       0x7a src/spi.o
                0x0000000008000916                spi_read_reg_burst
 .text.spi_modeFast
                0x0000000008000990       0x1c src/spi.o
                0x0000000008000990                spi_modeFast
 .text.spi_modeSlow
                0x00000000080009ac       0x1c src/spi.o
                0x00000000080009ac                spi_modeSlow
 .text.spi_delay
                0x00000000080009c8        0xe src/spi.o
                0x00000000080009c8                spi_delay
 *fill*         0x00000000080009d6        0x2 
 .text.hid_control_request
                0x00000000080009d8       0x4c src/usb.o
 .text.hid_set_config
                0x0000000008000a24       0x54 src/usb.o
 .text.usb_init
                0x0000000008000a78       0x94 src/usb.o
                0x0000000008000a78                usb_init
 .text.otg_fs_isr
                0x0000000008000b0c       0x18 src/usb.o
                0x0000000008000b0c                otg_fs_isr
 .text.delayUS_DWT
                0x0000000008000b24       0x38 src/util.o
                0x0000000008000b24                delayUS_DWT
 .text.delayMS_DWT
                0x0000000008000b5c       0x18 src/util.o
                0x0000000008000b5c                delayMS_DWT
 .text.rcc_is_osc_ready
                0x0000000008000b74       0x5c /home/vladimir/src/libopencm3/lib/libopencm3_stm32f4.a(rcc.o)
                0x0000000008000b74                rcc_is_osc_ready
 .text.rcc_wait_for_osc_ready
                0x0000000008000bd0       0x10 /home/vladimir/src/libopencm3/lib/libopencm3_stm32f4.a(rcc.o)
                0x0000000008000bd0                rcc_wait_for_osc_ready
 .text.rcc_osc_on
                0x0000000008000be0       0x58 /home/vladimir/src/libopencm3/lib/libopencm3_stm32f4.a(rcc.o)
                0x0000000008000be0                rcc_osc_on
 .text.rcc_osc_off
                0x0000000008000c38       0x58 /home/vladimir/src/libopencm3/lib/libopencm3_stm32f4.a(rcc.o)
                0x0000000008000c38                rcc_osc_off
 .text.rcc_set_sysclk_source
                0x0000000008000c90       0x14 /home/vladimir/src/libopencm3/lib/libopencm3_stm32f4.a(rcc.o)
                0x0000000008000c90                rcc_set_sysclk_source
 .text.rcc_set_ppre2
                0x0000000008000ca4       0x14 /home/vladimir/src/libopencm3/lib/libopencm3_stm32f4.a(rcc.o)
                0x0000000008000ca4                rcc_set_ppre2
 .text.rcc_set_ppre1
                0x0000000008000cb8       0x14 /home/vladimir/src/libopencm3/lib/libopencm3_stm32f4.a(rcc.o)
                0x0000000008000cb8                rcc_set_ppre1
 .text.rcc_set_hpre
                0x0000000008000ccc       0x14 /home/vladimir/src/libopencm3/lib/libopencm3_stm32f4.a(rcc.o)
                0x0000000008000ccc                rcc_set_hpre
 .text.rcc_set_main_pll_hse
                0x0000000008000ce0       0x44 /home/vladimir/src/libopencm3/lib/libopencm3_stm32f4.a(rcc.o)
                0x0000000008000ce0                rcc_set_main_pll_hse
 .text.rcc_clock_setup_hse_3v3
                0x0000000008000d24       0xac /home/vladimir/src/libopencm3/lib/libopencm3_stm32f4.a(rcc.o)
                0x0000000008000d24                rcc_clock_setup_hse_3v3
 .text.gpio_set
                0x0000000008000dd0        0x4 /home/vladimir/src/libopencm3/lib/libopencm3_stm32f4.a(gpio_common_all.o)
                0x0000000008000dd0                gpio_set
 .text.gpio_clear
                0x0000000008000dd4        0x6 /home/vladimir/src/libopencm3/lib/libopencm3_stm32f4.a(gpio_common_all.o)
                0x0000000008000dd4                gpio_clear
 .text.gpio_toggle
                0x0000000008000dda       0x12 /home/vladimir/src/libopencm3/lib/libopencm3_stm32f4.a(gpio_common_all.o)
                0x0000000008000dda                gpio_toggle
 .text.gpio_mode_setup
                0x0000000008000dec       0x44 /home/vladimir/src/libopencm3/lib/libopencm3_stm32f4.a(gpio_common_f0234.o)
                0x0000000008000dec                gpio_mode_setup
 .text.gpio_set_af
                0x0000000008000e30       0x58 /home/vladimir/src/libopencm3/lib/libopencm3_stm32f4.a(gpio_common_f0234.o)
                0x0000000008000e30                gpio_set_af
 .text.flash_set_ws
                0x0000000008000e88       0x14 /home/vladimir/src/libopencm3/lib/libopencm3_stm32f4.a(flash_common_f234.o)
                0x0000000008000e88                flash_set_ws
 .text.exti_set_trigger
                0x0000000008000e9c       0x3c /home/vladimir/src/libopencm3/lib/libopencm3_stm32f4.a(exti_common_all.o)
                0x0000000008000e9c                exti_set_trigger
 .text.exti_enable_request
                0x0000000008000ed8       0x14 /home/vladimir/src/libopencm3/lib/libopencm3_stm32f4.a(exti_common_all.o)
                0x0000000008000ed8                exti_enable_request
 .text.exti_reset_request
                0x0000000008000eec        0xc /home/vladimir/src/libopencm3/lib/libopencm3_stm32f4.a(exti_common_all.o)
                0x0000000008000eec                exti_reset_request
 .text.exti_select_source
                0x0000000008000ef8       0xd8 /home/vladimir/src/libopencm3/lib/libopencm3_stm32f4.a(exti_common_all.o)
                0x0000000008000ef8                exti_select_source
 .text.rcc_periph_clock_enable
                0x0000000008000fd0       0x1a /home/vladimir/src/libopencm3/lib/libopencm3_stm32f4.a(rcc_common_all.o)
                0x0000000008000fd0                rcc_periph_clock_enable
 .text.rcc_periph_reset_pulse
                0x0000000008000fea       0x22 /home/vladimir/src/libopencm3/lib/libopencm3_stm32f4.a(rcc_common_all.o)
                0x0000000008000fea                rcc_periph_reset_pulse
 .text.spi_reset
                0x000000000800100c       0x60 /home/vladimir/src/libopencm3/lib/libopencm3_stm32f4.a(spi_common_all.o)
                0x000000000800100c                spi_reset
 .text.spi_enable
                0x000000000800106c        0xa /home/vladimir/src/libopencm3/lib/libopencm3_stm32f4.a(spi_common_all.o)
                0x000000000800106c                spi_enable
 .text.spi_xfer
                0x0000000008001076        0xe /home/vladimir/src/libopencm3/lib/libopencm3_stm32f4.a(spi_common_all.o)
                0x0000000008001076                spi_xfer
 .text.spi_set_unidirectional_mode
                0x0000000008001084        0xa /home/vladimir/src/libopencm3/lib/libopencm3_stm32f4.a(spi_common_all.o)
                0x0000000008001084                spi_set_unidirectional_mode
 .text.spi_set_full_duplex_mode
                0x000000000800108e        0xa /home/vladimir/src/libopencm3/lib/libopencm3_stm32f4.a(spi_common_all.o)
                0x000000000800108e                spi_set_full_duplex_mode
 .text.spi_enable_software_slave_management
                0x0000000008001098       0x12 /home/vladimir/src/libopencm3/lib/libopencm3_stm32f4.a(spi_common_all.o)
                0x0000000008001098                spi_enable_software_slave_management
 .text.spi_set_nss_high
                0x00000000080010aa        0xa /home/vladimir/src/libopencm3/lib/libopencm3_stm32f4.a(spi_common_all.o)
                0x00000000080010aa                spi_set_nss_high
 .text.spi_send_msb_first
                0x00000000080010b4        0xa /home/vladimir/src/libopencm3/lib/libopencm3_stm32f4.a(spi_common_all.o)
                0x00000000080010b4                spi_send_msb_first
 .text.spi_set_baudrate_prescaler
                0x00000000080010be       0x16 /home/vladimir/src/libopencm3/lib/libopencm3_stm32f4.a(spi_common_all.o)
                0x00000000080010be                spi_set_baudrate_prescaler
 .text.spi_set_master_mode
                0x00000000080010d4        0xa /home/vladimir/src/libopencm3/lib/libopencm3_stm32f4.a(spi_common_all.o)
                0x00000000080010d4                spi_set_master_mode
 .text.spi_set_clock_polarity_1
                0x00000000080010de        0xa /home/vladimir/src/libopencm3/lib/libopencm3_stm32f4.a(spi_common_all.o)
                0x00000000080010de                spi_set_clock_polarity_1
 .text.spi_set_clock_phase_1
                0x00000000080010e8        0xa /home/vladimir/src/libopencm3/lib/libopencm3_stm32f4.a(spi_common_all.o)
                0x00000000080010e8                spi_set_clock_phase_1
 .text.spi_set_dff_8bit
                0x00000000080010f2        0xa /home/vladimir/src/libopencm3/lib/libopencm3_stm32f4.a(spi_common_v1.o)
                0x00000000080010f2                spi_set_dff_8bit
 .text.usbd_init
                0x00000000080010fc       0x50 /home/vladimir/src/libopencm3/lib/libopencm3_stm32f4.a(usb.o)
                0x00000000080010fc                usbd_init
 .text.usbd_poll
                0x000000000800114c        0x8 /home/vladimir/src/libopencm3/lib/libopencm3_stm32f4.a(usb.o)
                0x000000000800114c                usbd_poll
 .text.usbd_ep_setup
                0x0000000008001154       0x10 /home/vladimir/src/libopencm3/lib/libopencm3_stm32f4.a(usb.o)
                0x0000000008001154                usbd_ep_setup
 .text._usbd_reset
                0x0000000008001164       0x32 /home/vladimir/src/libopencm3/lib/libopencm3_stm32f4.a(usb.o)
                0x0000000008001164                _usbd_reset
 .text.usbd_ep_write_packet
                0x0000000008001196       0x10 /home/vladimir/src/libopencm3/lib/libopencm3_stm32f4.a(usb.o)
                0x0000000008001196                usbd_ep_write_packet
 .text.usbd_ep_read_packet
                0x00000000080011a6       0x10 /home/vladimir/src/libopencm3/lib/libopencm3_stm32f4.a(usb.o)
                0x00000000080011a6                usbd_ep_read_packet
 .text.usbd_ep_stall_set
                0x00000000080011b6        0x8 /home/vladimir/src/libopencm3/lib/libopencm3_stm32f4.a(usb.o)
                0x00000000080011b6                usbd_ep_stall_set
 .text.usbd_ep_stall_get
                0x00000000080011be        0x8 /home/vladimir/src/libopencm3/lib/libopencm3_stm32f4.a(usb.o)
                0x00000000080011be                usbd_ep_stall_get
 .text.usb_standard_set_configuration
                0x00000000080011c6       0x96 /home/vladimir/src/libopencm3/lib/libopencm3_stm32f4.a(usb_standard.o)
 .text.usb_standard_get_configuration
                0x000000000800125c       0x22 /home/vladimir/src/libopencm3/lib/libopencm3_stm32f4.a(usb_standard.o)
 .text.usb_standard_get_interface
                0x000000000800127e       0x38 /home/vladimir/src/libopencm3/lib/libopencm3_stm32f4.a(usb_standard.o)
 .text.usb_standard_device_get_status
                0x00000000080012b6       0x18 /home/vladimir/src/libopencm3/lib/libopencm3_stm32f4.a(usb_standard.o)
 .text.usb_standard_endpoint_get_status
                0x00000000080012ce       0x2a /home/vladimir/src/libopencm3/lib/libopencm3_stm32f4.a(usb_standard.o)
 .text.usb_standard_endpoint_stall
                0x00000000080012f8       0x10 /home/vladimir/src/libopencm3/lib/libopencm3_stm32f4.a(usb_standard.o)
 .text.usb_standard_endpoint_unstall
                0x0000000008001308       0x10 /home/vladimir/src/libopencm3/lib/libopencm3_stm32f4.a(usb_standard.o)
 .text.usb_standard_set_address
                0x0000000008001318       0x28 /home/vladimir/src/libopencm3/lib/libopencm3_stm32f4.a(usb_standard.o)
 .text.usb_standard_set_interface
                0x0000000008001340       0x52 /home/vladimir/src/libopencm3/lib/libopencm3_stm32f4.a(usb_standard.o)
 .text.usb_standard_get_descriptor
                0x0000000008001392      0x25a /home/vladimir/src/libopencm3/lib/libopencm3_stm32f4.a(usb_standard.o)
 .text.usb_standard_interface_get_status
                0x00000000080015ec       0x18 /home/vladimir/src/libopencm3/lib/libopencm3_stm32f4.a(usb_standard.o)
 .text.usbd_register_set_config_callback
                0x0000000008001604       0x24 /home/vladimir/src/libopencm3/lib/libopencm3_stm32f4.a(usb_standard.o)
                0x0000000008001604                usbd_register_set_config_callback
 .text._usbd_standard_request_device
                0x0000000008001628       0x4c /home/vladimir/src/libopencm3/lib/libopencm3_stm32f4.a(usb_standard.o)
                0x0000000008001628                _usbd_standard_request_device
 .text._usbd_standard_request_interface
                0x0000000008001674       0x34 /home/vladimir/src/libopencm3/lib/libopencm3_stm32f4.a(usb_standard.o)
                0x0000000008001674                _usbd_standard_request_interface
 .text._usbd_standard_request_endpoint
                0x00000000080016a8       0x40 /home/vladimir/src/libopencm3/lib/libopencm3_stm32f4.a(usb_standard.o)
                0x00000000080016a8                _usbd_standard_request_endpoint
 .text._usbd_standard_request
                0x00000000080016e8       0x38 /home/vladimir/src/libopencm3/lib/libopencm3_stm32f4.a(usb_standard.o)
                0x00000000080016e8                _usbd_standard_request
 .text.stall_transaction
                0x0000000008001720       0x14 /home/vladimir/src/libopencm3/lib/libopencm3_stm32f4.a(usb_control.o)
 .text.usb_control_recv_chunk
                0x0000000008001734       0x3c /home/vladimir/src/libopencm3/lib/libopencm3_stm32f4.a(usb_control.o)
 .text.usb_control_send_chunk
                0x0000000008001770       0x52 /home/vladimir/src/libopencm3/lib/libopencm3_stm32f4.a(usb_control.o)
 .text.usb_control_request_dispatch
                0x00000000080017c2       0x62 /home/vladimir/src/libopencm3/lib/libopencm3_stm32f4.a(usb_control.o)
 .text.usb_control_setup_read
                0x0000000008001824       0x6a /home/vladimir/src/libopencm3/lib/libopencm3_stm32f4.a(usb_control.o)
 .text.usbd_register_control_callback
                0x000000000800188e       0x26 /home/vladimir/src/libopencm3/lib/libopencm3_stm32f4.a(usb_control.o)
                0x000000000800188e                usbd_register_control_callback
 .text._usbd_control_setup
                0x00000000080018b4       0x5a /home/vladimir/src/libopencm3/lib/libopencm3_stm32f4.a(usb_control.o)
                0x00000000080018b4                _usbd_control_setup
 .text._usbd_control_out
                0x000000000800190e       0x82 /home/vladimir/src/libopencm3/lib/libopencm3_stm32f4.a(usb_control.o)
                0x000000000800190e                _usbd_control_out
 .text._usbd_control_in
                0x0000000008001990       0x56 /home/vladimir/src/libopencm3/lib/libopencm3_stm32f4.a(usb_control.o)
                0x0000000008001990                _usbd_control_in
 *fill*         0x00000000080019e6        0x2 
 .text.stm32f107_usbd_init
                0x00000000080019e8       0xd0 /home/vladimir/src/libopencm3/lib/libopencm3_stm32f4.a(usb_f107.o)
 .text.blocking_handler
                0x0000000008001ab8        0x2 /home/vladimir/src/libopencm3/lib/libopencm3_stm32f4.a(vector.o)
                0x0000000008001ab8                dma2_stream1_isr
                0x0000000008001ab8                tim8_brk_tim12_isr
                0x0000000008001ab8                dma1_stream7_isr
                0x0000000008001ab8                usart3_isr
                0x0000000008001ab8                tim7_isr
                0x0000000008001ab8                dma2d_isr
                0x0000000008001ab8                uart8_isr
                0x0000000008001ab8                dma1_stream2_isr
                0x0000000008001ab8                otg_hs_isr
                0x0000000008001ab8                blocking_handler
                0x0000000008001ab8                tim5_isr
                0x0000000008001ab8                rtc_wkup_isr
                0x0000000008001ab8                spi1_isr
                0x0000000008001ab8                i2c3_er_isr
                0x0000000008001ab8                exti2_isr
                0x0000000008001ab8                spi5_isr
                0x0000000008001ab8                usb_fs_wkup_isr
                0x0000000008001ab8                tamp_stamp_isr
                0x0000000008001ab8                can1_rx1_isr
                0x0000000008001ab8                dma2_stream0_isr
                0x0000000008001ab8                usart1_isr
                0x0000000008001ab8                i2c3_ev_isr
                0x0000000008001ab8                usage_fault_handler
                0x0000000008001ab8                can2_rx0_isr
                0x0000000008001ab8                dma1_stream6_isr
                0x0000000008001ab8                can2_rx1_isr
                0x0000000008001ab8                can1_sce_isr
                0x0000000008001ab8                tim1_cc_isr
                0x0000000008001ab8                can1_tx_isr
                0x0000000008001ab8                tim1_up_tim10_isr
                0x0000000008001ab8                sdio_isr
                0x0000000008001ab8                eth_isr
                0x0000000008001ab8                spi6_isr
                0x0000000008001ab8                dma2_stream5_isr
                0x0000000008001ab8                pvd_isr
                0x0000000008001ab8                can1_rx0_isr
                0x0000000008001ab8                rcc_isr
                0x0000000008001ab8                dma2_stream3_isr
                0x0000000008001ab8                flash_isr
                0x0000000008001ab8                uart4_isr
                0x0000000008001ab8                lcd_tft_isr
                0x0000000008001ab8                rtc_alarm_isr
                0x0000000008001ab8                exti15_10_isr
                0x0000000008001ab8                hash_rng_isr
                0x0000000008001ab8                tim1_trg_com_tim11_isr
                0x0000000008001ab8                hard_fault_handler
                0x0000000008001ab8                exti1_isr
                0x0000000008001ab8                i2c1_ev_isr
                0x0000000008001ab8                usart6_isr
                0x0000000008001ab8                spi2_isr
                0x0000000008001ab8                cryp_isr
                0x0000000008001ab8                nvic_wwdg_isr
                0x0000000008001ab8                dma1_stream1_isr
                0x0000000008001ab8                dma2_stream4_isr
                0x0000000008001ab8                exti3_isr
                0x0000000008001ab8                tim3_isr
                0x0000000008001ab8                usart2_isr
                0x0000000008001ab8                sai1_isr
                0x0000000008001ab8                fpu_isr
                0x0000000008001ab8                dma1_stream4_isr
                0x0000000008001ab8                i2c2_er_isr
                0x0000000008001ab8                i2c2_ev_isr
                0x0000000008001ab8                uart5_isr
                0x0000000008001ab8                dma2_stream6_isr
                0x0000000008001ab8                spi4_isr
                0x0000000008001ab8                adc_isr
                0x0000000008001ab8                dma2_stream7_isr
                0x0000000008001ab8                tim8_up_tim13_isr
                0x0000000008001ab8                fsmc_isr
                0x0000000008001ab8                tim6_dac_isr
                0x0000000008001ab8                dma1_stream3_isr
                0x0000000008001ab8                tim8_trg_com_tim14_isr
                0x0000000008001ab8                mem_manage_handler
                0x0000000008001ab8                lcd_tft_err_isr
                0x0000000008001ab8                can2_tx_isr
                0x0000000008001ab8                exti9_5_isr
                0x0000000008001ab8                tim1_brk_tim9_isr
                0x0000000008001ab8                uart7_isr
                0x0000000008001ab8                can2_sce_isr
                0x0000000008001ab8                tim4_isr
                0x0000000008001ab8                otg_hs_wkup_isr
                0x0000000008001ab8                i2c1_er_isr
                0x0000000008001ab8                dma1_stream0_isr
                0x0000000008001ab8                tim8_cc_isr
                0x0000000008001ab8                dcmi_isr
                0x0000000008001ab8                dma2_stream2_isr
                0x0000000008001ab8                eth_wkup_isr
                0x0000000008001ab8                bus_fault_handler
                0x0000000008001ab8                otg_hs_ep1_out_isr
                0x0000000008001ab8                spi3_isr
                0x0000000008001ab8                dma1_stream5_isr
                0x0000000008001ab8                otg_hs_ep1_in_isr
                0x0000000008001ab8                tim2_isr
                0x0000000008001ab8                exti0_isr
 .text.null_handler
                0x0000000008001aba        0x2 /home/vladimir/src/libopencm3/lib/libopencm3_stm32f4.a(vector.o)
                0x0000000008001aba                null_handler
                0x0000000008001aba                sv_call_handler
                0x0000000008001aba                pend_sv_handler
                0x0000000008001aba                debug_monitor_handler
                0x0000000008001aba                sys_tick_handler
                0x0000000008001aba                nmi_handler
 .text.reset_handler
                0x0000000008001abc       0x98 /home/vladimir/src/libopencm3/lib/libopencm3_stm32f4.a(vector.o)
                0x0000000008001abc                reset_handler
 .text.nvic_enable_irq
                0x0000000008001b54       0x1c /home/vladimir/src/libopencm3/lib/libopencm3_stm32f4.a(nvic.o)
                0x0000000008001b54                nvic_enable_irq
 .text.nvic_set_priority
                0x0000000008001b70       0x20 /home/vladimir/src/libopencm3/lib/libopencm3_stm32f4.a(nvic.o)
                0x0000000008001b70                nvic_set_priority
 .text.dwt_enable_cycle_counter
                0x0000000008001b90       0x34 /home/vladimir/src/libopencm3/lib/libopencm3_stm32f4.a(dwt.o)
                0x0000000008001b90                dwt_enable_cycle_counter
 .text.dwt_read_cycle_counter
                0x0000000008001bc4       0x14 /home/vladimir/src/libopencm3/lib/libopencm3_stm32f4.a(dwt.o)
                0x0000000008001bc4                dwt_read_cycle_counter
 .text.pwr_set_vos_scale
                0x0000000008001bd8       0x20 /home/vladimir/src/libopencm3/lib/libopencm3_stm32f4.a(pwr.o)
                0x0000000008001bd8                pwr_set_vos_scale
 .text.dwc_set_address
                0x0000000008001bf8       0x18 /home/vladimir/src/libopencm3/lib/libopencm3_stm32f4.a(usb_dwc_common.o)
                0x0000000008001bf8                dwc_set_address
 .text.dwc_ep_setup
                0x0000000008001c10      0x130 /home/vladimir/src/libopencm3/lib/libopencm3_stm32f4.a(usb_dwc_common.o)
                0x0000000008001c10                dwc_ep_setup
 .text.dwc_endpoints_reset
                0x0000000008001d40       0x4c /home/vladimir/src/libopencm3/lib/libopencm3_stm32f4.a(usb_dwc_common.o)
                0x0000000008001d40                dwc_endpoints_reset
 .text.dwc_ep_stall_set
                0x0000000008001d8c       0x4e /home/vladimir/src/libopencm3/lib/libopencm3_stm32f4.a(usb_dwc_common.o)
                0x0000000008001d8c                dwc_ep_stall_set
 .text.dwc_ep_stall_get
                0x0000000008001dda       0x1c /home/vladimir/src/libopencm3/lib/libopencm3_stm32f4.a(usb_dwc_common.o)
                0x0000000008001dda                dwc_ep_stall_get
 .text.dwc_ep_nak_set
                0x0000000008001df6       0x28 /home/vladimir/src/libopencm3/lib/libopencm3_stm32f4.a(usb_dwc_common.o)
                0x0000000008001df6                dwc_ep_nak_set
 .text.dwc_ep_write_packet
                0x0000000008001e1e       0x4a /home/vladimir/src/libopencm3/lib/libopencm3_stm32f4.a(usb_dwc_common.o)
                0x0000000008001e1e                dwc_ep_write_packet
 .text.dwc_ep_read_packet
                0x0000000008001e68       0x70 /home/vladimir/src/libopencm3/lib/libopencm3_stm32f4.a(usb_dwc_common.o)
                0x0000000008001e68                dwc_ep_read_packet
 .text.dwc_poll
                0x0000000008001ed8      0x1c0 /home/vladimir/src/libopencm3/lib/libopencm3_stm32f4.a(usb_dwc_common.o)
                0x0000000008001ed8                dwc_poll
 .text.dwc_disconnect
                0x0000000008002098       0x1c /home/vladimir/src/libopencm3/lib/libopencm3_stm32f4.a(usb_dwc_common.o)
                0x0000000008002098                dwc_disconnect
 .text.memcpy   0x00000000080020b4       0x16 /opt/Atollic_TrueSTUDIO_for_STM32_x86_64_9.0.1/ARMTools/bin/../lib/gcc/arm-atollic-eabi/6.3.1/../../../../arm-atollic-eabi/lib/armv7e-m/fpu/libc_nano.a(lib_a-memcpy-stub.o)
                0x00000000080020b4                memcpy
 .text.memset   0x00000000080020ca       0x10 /opt/Atollic_TrueSTUDIO_for_STM32_x86_64_9.0.1/ARMTools/bin/../lib/gcc/arm-atollic-eabi/6.3.1/../../../../arm-atollic-eabi/lib/armv7e-m/fpu/libc_nano.a(lib_a-memset.o)
                0x00000000080020ca                memset
 .text          0x00000000080020da       0x10 /opt/Atollic_TrueSTUDIO_for_STM32_x86_64_9.0.1/ARMTools/bin/../lib/gcc/arm-atollic-eabi/6.3.1/../../../../arm-atollic-eabi/lib/armv7e-m/fpu/libc_nano.a(lib_a-strlen.o)
                0x00000000080020da                strlen
                0x00000000080020ec                . = ALIGN (0x4)
 *fill*         0x00000000080020ea        0x2 
 *(.rodata*)
 .rodata.dev_descr
                0x00000000080020ec       0x12 src/usb.o
                0x00000000080020ec                dev_descr
 *fill*         0x00000000080020fe        0x2 
 .rodata.hid_report_descriptor
                0x0000000008002100       0x16 src/usb.o
 *fill*         0x0000000008002116        0x2 
 .rodata.hid_function
                0x0000000008002118        0x9 src/usb.o
 *fill*         0x0000000008002121        0x3 
 .rodata.hid_endpoint
                0x0000000008002124        0xf src/usb.o
                0x0000000008002124                hid_endpoint
 *fill*         0x0000000008002133        0x1 
 .rodata.hid_iface
                0x0000000008002134       0x15 src/usb.o
                0x0000000008002134                hid_iface
 *fill*         0x0000000008002149        0x3 
 .rodata.ifaces
                0x000000000800214c       0x10 src/usb.o
                0x000000000800214c                ifaces
 .rodata.config
                0x000000000800215c        0xd src/usb.o
                0x000000000800215c                config
 *fill*         0x0000000008002169        0x3 
 .rodata        0x000000000800216c       0x2d src/usb.o
 *fill*         0x0000000008002199        0x3 
 .rodata.rcc_hse_8mhz_3v3
                0x000000000800219c       0x70 /home/vladimir/src/libopencm3/lib/libopencm3_stm32f4.a(rcc.o)
                0x000000000800219c                rcc_hse_8mhz_3v3
 .rodata.stm32f107_usb_driver
                0x000000000800220c       0x34 /home/vladimir/src/libopencm3/lib/libopencm3_stm32f4.a(usb_f107.o)
                0x000000000800220c                stm32f107_usb_driver
                0x0000000008002240                . = ALIGN (0x4)

.glue_7         0x0000000008002240        0x0
 .glue_7        0x0000000008002240        0x0 linker stubs

.glue_7t        0x0000000008002240        0x0
 .glue_7t       0x0000000008002240        0x0 linker stubs

.vfp11_veneer   0x0000000008002240        0x0
 .vfp11_veneer  0x0000000008002240        0x0 linker stubs

.v4_bx          0x0000000008002240        0x0
 .v4_bx         0x0000000008002240        0x0 linker stubs

.iplt           0x0000000008002240        0x0
 .iplt          0x0000000008002240        0x0 src/comms.o

.rel.dyn        0x0000000008002240        0x0
 .rel.iplt      0x0000000008002240        0x0 src/comms.o

.preinit_array  0x0000000008002240        0x0
                0x0000000008002240                . = ALIGN (0x4)
                0x0000000008002240                __preinit_array_start = .
 *(.preinit_array)
                0x0000000008002240                __preinit_array_end = .

.init_array     0x0000000008002240        0x0
                0x0000000008002240                . = ALIGN (0x4)
                0x0000000008002240                __init_array_start = .
 *(SORT(.init_array.*))
 *(.init_array)
                0x0000000008002240                __init_array_end = .

.fini_array     0x0000000008002240        0x0
                0x0000000008002240                . = ALIGN (0x4)
                0x0000000008002240                __fini_array_start = .
 *(.fini_array)
 *(SORT(.fini_array.*))
                0x0000000008002240                __fini_array_end = .

.ARM.extab
 *(.ARM.extab*)

.ARM.exidx      0x0000000008002240        0x0
                0x0000000008002240                __exidx_start = .
 *(.ARM.exidx*)
                0x0000000008002240                __exidx_end = .
                0x0000000008002240                . = ALIGN (0x4)
                0x0000000008002240                _etext = .

.data           0x0000000020000000       0x28 load address 0x0000000008002240
                0x0000000020000000                _data = .
 *(.data*)
 .data.SystemCoreClock
                0x0000000020000000        0x4 src/init.o
                0x0000000020000000                SystemCoreClock
 .data.spi_hnd  0x0000000020000004        0xc src/main.o
                0x0000000020000004                spi_hnd
 .data.usb_strings
                0x0000000020000010        0xc src/usb.o
 .data.rcc_ahb_frequency
                0x000000002000001c        0x4 /home/vladimir/src/libopencm3/lib/libopencm3_stm32f4.a(rcc.o)
                0x000000002000001c                rcc_ahb_frequency
 .data.rcc_apb1_frequency
                0x0000000020000020        0x4 /home/vladimir/src/libopencm3/lib/libopencm3_stm32f4.a(rcc.o)
                0x0000000020000020                rcc_apb1_frequency
 .data.rcc_apb2_frequency
                0x0000000020000024        0x4 /home/vladimir/src/libopencm3/lib/libopencm3_stm32f4.a(rcc.o)
                0x0000000020000024                rcc_apb2_frequency
                0x0000000020000028                . = ALIGN (0x4)
                0x0000000020000028                _edata = .
                0x0000000008002240                _data_loadaddr = LOADADDR (.data)

.igot.plt       0x0000000020000028        0x0 load address 0x0000000008002268
 .igot.plt      0x0000000020000028        0x0 src/comms.o

.bss            0x0000000020000028      0x220 load address 0x0000000008002268
 *(.bss*)
 .bss.if_started
                0x0000000020000028        0x1 src/comms.o
                0x0000000020000028                if_started
 *fill*         0x0000000020000029        0x3 
 .bss.localbuf.7166
                0x000000002000002c       0x20 src/comms.o
 .bss.usbd_dev  0x000000002000004c        0x4 src/usb.o
 .bss.usbd_dev  0x0000000020000050       0xfc /home/vladimir/src/libopencm3/lib/libopencm3_stm32f4.a(usb_f107.o)
 *(COMMON)
 COMMON         0x000000002000014c       0x5c src/comms.o
                0x000000002000014c                params
                0x0000000020000158                simq
                0x00000000200001a4                usb
 COMMON         0x00000000200001a8       0x20 src/mpu9250.o
                0x00000000200001a8                buf
 COMMON         0x00000000200001c8       0x80 src/usb.o
                0x00000000200001c8                usbd_control_buffer
                0x0000000020000248                . = ALIGN (0x4)
                0x0000000020000248                _ebss = .

.ccm            0x0000000010000000        0x0
 *(.ccmram*)
                0x0000000010000000                . = ALIGN (0x4)

/DISCARD/
 *(.eh_frame)
                0x0000000010000000                . = ALIGN (0x4)
                0x0000000010000000                end = .
                0x0000000020020000                PROVIDE (_stack, (ORIGIN (ram) + LENGTH (ram)))
OUTPUT(cm3test.elf elf32-littlearm)

.debug_info     0x0000000000000000     0xeee5
 .debug_info    0x0000000000000000      0xddd src/comms.o
 .debug_info    0x0000000000000ddd      0x6d1 src/init.o
 .debug_info    0x00000000000014ae      0xbb9 src/main.o
 .debug_info    0x0000000000002067      0xca0 src/mpu9250.o
 .debug_info    0x0000000000002d07      0x427 src/spi.o
 .debug_info    0x000000000000312e     0x157f src/usb.o
 .debug_info    0x00000000000046ad      0x246 src/util.o
 .debug_info    0x00000000000048f3      0x952 /home/vladimir/src/libopencm3/lib/libopencm3_stm32f4.a(rcc.o)
 .debug_info    0x0000000000005245      0x22c /home/vladimir/src/libopencm3/lib/libopencm3_stm32f4.a(gpio_common_all.o)
 .debug_info    0x0000000000005471      0x1eb /home/vladimir/src/libopencm3/lib/libopencm3_stm32f4.a(gpio_common_f0234.o)
 .debug_info    0x000000000000565c      0x11b /home/vladimir/src/libopencm3/lib/libopencm3_stm32f4.a(flash_common_f234.o)
 .debug_info    0x0000000000005777      0x205 /home/vladimir/src/libopencm3/lib/libopencm3_stm32f4.a(exti_common_all.o)
 .debug_info    0x000000000000597c      0xa40 /home/vladimir/src/libopencm3/lib/libopencm3_stm32f4.a(rcc_common_all.o)
 .debug_info    0x00000000000063bc      0xae7 /home/vladimir/src/libopencm3/lib/libopencm3_stm32f4.a(spi_common_all.o)
 .debug_info    0x0000000000006ea3      0x295 /home/vladimir/src/libopencm3/lib/libopencm3_stm32f4.a(spi_common_v1.o)
 .debug_info    0x0000000000007138     0x161d /home/vladimir/src/libopencm3/lib/libopencm3_stm32f4.a(usb.o)
 .debug_info    0x0000000000008755     0x1c98 /home/vladimir/src/libopencm3/lib/libopencm3_stm32f4.a(usb_standard.o)
 .debug_info    0x000000000000a3ed     0x1728 /home/vladimir/src/libopencm3/lib/libopencm3_stm32f4.a(usb_control.o)
 .debug_info    0x000000000000bb15     0x1791 /home/vladimir/src/libopencm3/lib/libopencm3_stm32f4.a(usb_f107.o)
 .debug_info    0x000000000000d2a6      0x2b7 /home/vladimir/src/libopencm3/lib/libopencm3_stm32f4.a(vector.o)
 .debug_info    0x000000000000d55d      0x214 /home/vladimir/src/libopencm3/lib/libopencm3_stm32f4.a(nvic.o)
 .debug_info    0x000000000000d771       0xb7 /home/vladimir/src/libopencm3/lib/libopencm3_stm32f4.a(dwt.o)
 .debug_info    0x000000000000d828       0xc3 /home/vladimir/src/libopencm3/lib/libopencm3_stm32f4.a(pwr.o)
 .debug_info    0x000000000000d8eb     0x15fa /home/vladimir/src/libopencm3/lib/libopencm3_stm32f4.a(usb_dwc_common.o)

.debug_abbrev   0x0000000000000000     0x2a19
 .debug_abbrev  0x0000000000000000      0x248 src/comms.o
 .debug_abbrev  0x0000000000000248       0xe9 src/init.o
 .debug_abbrev  0x0000000000000331      0x1c5 src/main.o
 .debug_abbrev  0x00000000000004f6      0x217 src/mpu9250.o
 .debug_abbrev  0x000000000000070d      0x162 src/spi.o
 .debug_abbrev  0x000000000000086f      0x241 src/usb.o
 .debug_abbrev  0x0000000000000ab0       0xe7 src/util.o
 .debug_abbrev  0x0000000000000b97      0x244 /home/vladimir/src/libopencm3/lib/libopencm3_stm32f4.a(rcc.o)
 .debug_abbrev  0x0000000000000ddb       0xf4 /home/vladimir/src/libopencm3/lib/libopencm3_stm32f4.a(gpio_common_all.o)
 .debug_abbrev  0x0000000000000ecf       0xb7 /home/vladimir/src/libopencm3/lib/libopencm3_stm32f4.a(gpio_common_f0234.o)
 .debug_abbrev  0x0000000000000f86       0x88 /home/vladimir/src/libopencm3/lib/libopencm3_stm32f4.a(flash_common_f234.o)
 .debug_abbrev  0x000000000000100e       0xe7 /home/vladimir/src/libopencm3/lib/libopencm3_stm32f4.a(exti_common_all.o)
 .debug_abbrev  0x00000000000010f5      0x170 /home/vladimir/src/libopencm3/lib/libopencm3_stm32f4.a(rcc_common_all.o)
 .debug_abbrev  0x0000000000001265      0x1e5 /home/vladimir/src/libopencm3/lib/libopencm3_stm32f4.a(spi_common_all.o)
 .debug_abbrev  0x000000000000144a      0x101 /home/vladimir/src/libopencm3/lib/libopencm3_stm32f4.a(spi_common_v1.o)
 .debug_abbrev  0x000000000000154b      0x2e5 /home/vladimir/src/libopencm3/lib/libopencm3_stm32f4.a(usb.o)
 .debug_abbrev  0x0000000000001830      0x4e6 /home/vladimir/src/libopencm3/lib/libopencm3_stm32f4.a(usb_standard.o)
 .debug_abbrev  0x0000000000001d16      0x415 /home/vladimir/src/libopencm3/lib/libopencm3_stm32f4.a(usb_control.o)
 .debug_abbrev  0x000000000000212b      0x27d /home/vladimir/src/libopencm3/lib/libopencm3_stm32f4.a(usb_f107.o)
 .debug_abbrev  0x00000000000023a8      0x136 /home/vladimir/src/libopencm3/lib/libopencm3_stm32f4.a(vector.o)
 .debug_abbrev  0x00000000000024de       0xa6 /home/vladimir/src/libopencm3/lib/libopencm3_stm32f4.a(nvic.o)
 .debug_abbrev  0x0000000000002584       0x54 /home/vladimir/src/libopencm3/lib/libopencm3_stm32f4.a(dwt.o)
 .debug_abbrev  0x00000000000025d8       0x7d /home/vladimir/src/libopencm3/lib/libopencm3_stm32f4.a(pwr.o)
 .debug_abbrev  0x0000000000002655      0x3c4 /home/vladimir/src/libopencm3/lib/libopencm3_stm32f4.a(usb_dwc_common.o)

.debug_aranges  0x0000000000000000      0x8a8
 .debug_aranges
                0x0000000000000000       0x58 src/comms.o
 .debug_aranges
                0x0000000000000058       0x38 src/init.o
 .debug_aranges
                0x0000000000000090       0x28 src/main.o
 .debug_aranges
                0x00000000000000b8       0x48 src/mpu9250.o
 .debug_aranges
                0x0000000000000100       0x60 src/spi.o
 .debug_aranges
                0x0000000000000160       0x38 src/usb.o
 .debug_aranges
                0x0000000000000198       0x28 src/util.o
 .debug_aranges
                0x00000000000001c0       0xe0 /home/vladimir/src/libopencm3/lib/libopencm3_stm32f4.a(rcc.o)
 .debug_aranges
                0x00000000000002a0       0x50 /home/vladimir/src/libopencm3/lib/libopencm3_stm32f4.a(gpio_common_all.o)
 .debug_aranges
                0x00000000000002f0       0x30 /home/vladimir/src/libopencm3/lib/libopencm3_stm32f4.a(gpio_common_f0234.o)
 .debug_aranges
                0x0000000000000320       0x50 /home/vladimir/src/libopencm3/lib/libopencm3_stm32f4.a(flash_common_f234.o)
 .debug_aranges
                0x0000000000000370       0x48 /home/vladimir/src/libopencm3/lib/libopencm3_stm32f4.a(exti_common_all.o)
 .debug_aranges
                0x00000000000003b8       0x68 /home/vladimir/src/libopencm3/lib/libopencm3_stm32f4.a(rcc_common_all.o)
 .debug_aranges
                0x0000000000000420      0x178 /home/vladimir/src/libopencm3/lib/libopencm3_stm32f4.a(spi_common_all.o)
 .debug_aranges
                0x0000000000000598       0x30 /home/vladimir/src/libopencm3/lib/libopencm3_stm32f4.a(spi_common_v1.o)
 .debug_aranges
                0x00000000000005c8       0x88 /home/vladimir/src/libopencm3/lib/libopencm3_stm32f4.a(usb.o)
 .debug_aranges
                0x0000000000000650       0x98 /home/vladimir/src/libopencm3/lib/libopencm3_stm32f4.a(usb_standard.o)
 .debug_aranges
                0x00000000000006e8       0x60 /home/vladimir/src/libopencm3/lib/libopencm3_stm32f4.a(usb_control.o)
 .debug_aranges
                0x0000000000000748       0x20 /home/vladimir/src/libopencm3/lib/libopencm3_stm32f4.a(usb_f107.o)
 .debug_aranges
                0x0000000000000768       0x30 /home/vladimir/src/libopencm3/lib/libopencm3_stm32f4.a(vector.o)
 .debug_aranges
                0x0000000000000798       0x60 /home/vladimir/src/libopencm3/lib/libopencm3_stm32f4.a(nvic.o)
 .debug_aranges
                0x00000000000007f8       0x28 /home/vladimir/src/libopencm3/lib/libopencm3_stm32f4.a(dwt.o)
 .debug_aranges
                0x0000000000000820       0x20 /home/vladimir/src/libopencm3/lib/libopencm3_stm32f4.a(pwr.o)
 .debug_aranges
                0x0000000000000840       0x68 /home/vladimir/src/libopencm3/lib/libopencm3_stm32f4.a(usb_dwc_common.o)

.debug_ranges   0x0000000000000000      0x7e8
 .debug_ranges  0x0000000000000000       0x48 src/comms.o
 .debug_ranges  0x0000000000000048       0x28 src/init.o
 .debug_ranges  0x0000000000000070       0x18 src/main.o
 .debug_ranges  0x0000000000000088       0x38 src/mpu9250.o
 .debug_ranges  0x00000000000000c0       0x50 src/spi.o
 .debug_ranges  0x0000000000000110       0x28 src/usb.o
 .debug_ranges  0x0000000000000138       0x18 src/util.o
 .debug_ranges  0x0000000000000150       0xd0 /home/vladimir/src/libopencm3/lib/libopencm3_stm32f4.a(rcc.o)
 .debug_ranges  0x0000000000000220       0x40 /home/vladimir/src/libopencm3/lib/libopencm3_stm32f4.a(gpio_common_all.o)
 .debug_ranges  0x0000000000000260       0x20 /home/vladimir/src/libopencm3/lib/libopencm3_stm32f4.a(gpio_common_f0234.o)
 .debug_ranges  0x0000000000000280       0x40 /home/vladimir/src/libopencm3/lib/libopencm3_stm32f4.a(flash_common_f234.o)
 .debug_ranges  0x00000000000002c0       0x58 /home/vladimir/src/libopencm3/lib/libopencm3_stm32f4.a(exti_common_all.o)
 .debug_ranges  0x0000000000000318       0x58 /home/vladimir/src/libopencm3/lib/libopencm3_stm32f4.a(rcc_common_all.o)
 .debug_ranges  0x0000000000000370      0x168 /home/vladimir/src/libopencm3/lib/libopencm3_stm32f4.a(spi_common_all.o)
 .debug_ranges  0x00000000000004d8       0x20 /home/vladimir/src/libopencm3/lib/libopencm3_stm32f4.a(spi_common_v1.o)
 .debug_ranges  0x00000000000004f8       0x78 /home/vladimir/src/libopencm3/lib/libopencm3_stm32f4.a(usb.o)
 .debug_ranges  0x0000000000000570       0xe8 /home/vladimir/src/libopencm3/lib/libopencm3_stm32f4.a(usb_standard.o)
 .debug_ranges  0x0000000000000658       0x70 /home/vladimir/src/libopencm3/lib/libopencm3_stm32f4.a(usb_control.o)
 .debug_ranges  0x00000000000006c8       0x10 /home/vladimir/src/libopencm3/lib/libopencm3_stm32f4.a(usb_f107.o)
 .debug_ranges  0x00000000000006d8       0x20 /home/vladimir/src/libopencm3/lib/libopencm3_stm32f4.a(vector.o)
 .debug_ranges  0x00000000000006f8       0x50 /home/vladimir/src/libopencm3/lib/libopencm3_stm32f4.a(nvic.o)
 .debug_ranges  0x0000000000000748       0x18 /home/vladimir/src/libopencm3/lib/libopencm3_stm32f4.a(dwt.o)
 .debug_ranges  0x0000000000000760       0x10 /home/vladimir/src/libopencm3/lib/libopencm3_stm32f4.a(pwr.o)
 .debug_ranges  0x0000000000000770       0x78 /home/vladimir/src/libopencm3/lib/libopencm3_stm32f4.a(usb_dwc_common.o)

.debug_line     0x0000000000000000     0x5db5
 .debug_line    0x0000000000000000      0x3b7 src/comms.o
 .debug_line    0x00000000000003b7      0x200 src/init.o
 .debug_line    0x00000000000005b7      0x2c0 src/main.o
 .debug_line    0x0000000000000877      0x353 src/mpu9250.o
 .debug_line    0x0000000000000bca      0x213 src/spi.o
 .debug_line    0x0000000000000ddd      0x304 src/usb.o
 .debug_line    0x00000000000010e1      0x17e src/util.o
 .debug_line    0x000000000000125f      0x621 /home/vladimir/src/libopencm3/lib/libopencm3_stm32f4.a(rcc.o)
 .debug_line    0x0000000000001880      0x3ea /home/vladimir/src/libopencm3/lib/libopencm3_stm32f4.a(gpio_common_all.o)
 .debug_line    0x0000000000001c6a      0x3da /home/vladimir/src/libopencm3/lib/libopencm3_stm32f4.a(gpio_common_f0234.o)
 .debug_line    0x0000000000002044      0x3de /home/vladimir/src/libopencm3/lib/libopencm3_stm32f4.a(flash_common_f234.o)
 .debug_line    0x0000000000002422      0x479 /home/vladimir/src/libopencm3/lib/libopencm3_stm32f4.a(exti_common_all.o)
 .debug_line    0x000000000000289b      0x3f3 /home/vladimir/src/libopencm3/lib/libopencm3_stm32f4.a(rcc_common_all.o)
 .debug_line    0x0000000000002c8e      0x6de /home/vladimir/src/libopencm3/lib/libopencm3_stm32f4.a(spi_common_all.o)
 .debug_line    0x000000000000336c      0x3ca /home/vladimir/src/libopencm3/lib/libopencm3_stm32f4.a(spi_common_v1.o)
 .debug_line    0x0000000000003736      0x44f /home/vladimir/src/libopencm3/lib/libopencm3_stm32f4.a(usb.o)
 .debug_line    0x0000000000003b85      0x614 /home/vladimir/src/libopencm3/lib/libopencm3_stm32f4.a(usb_standard.o)
 .debug_line    0x0000000000004199      0x4aa /home/vladimir/src/libopencm3/lib/libopencm3_stm32f4.a(usb_control.o)
 .debug_line    0x0000000000004643      0x495 /home/vladimir/src/libopencm3/lib/libopencm3_stm32f4.a(usb_f107.o)
 .debug_line    0x0000000000004ad8      0x3f2 /home/vladimir/src/libopencm3/lib/libopencm3_stm32f4.a(vector.o)
 .debug_line    0x0000000000004eca      0x390 /home/vladimir/src/libopencm3/lib/libopencm3_stm32f4.a(nvic.o)
 .debug_line    0x000000000000525a      0x2b5 /home/vladimir/src/libopencm3/lib/libopencm3_stm32f4.a(dwt.o)
 .debug_line    0x000000000000550f      0x335 /home/vladimir/src/libopencm3/lib/libopencm3_stm32f4.a(pwr.o)
 .debug_line    0x0000000000005844      0x571 /home/vladimir/src/libopencm3/lib/libopencm3_stm32f4.a(usb_dwc_common.o)

.debug_str      0x0000000000000000    0x186ca
 .debug_str     0x0000000000000000      0x84c src/comms.o
                                        0x9fa (size before relaxing)
 .debug_str     0x000000000000084c      0x672 src/init.o
                                        0x9c6 (size before relaxing)
 .debug_str     0x0000000000000ebe       0x3b src/main.o
                                        0x8f2 (size before relaxing)
 .debug_str     0x0000000000000ef9       0x61 src/mpu9250.o
                                        0x91a (size before relaxing)
 .debug_str     0x0000000000000f5a       0x8d src/spi.o
                                        0x395 (size before relaxing)
 .debug_str     0x0000000000000fe7      0x3c4 src/usb.o
                                       0x1339 (size before relaxing)
 .debug_str     0x00000000000013ab       0x2d src/util.o
                                        0x315 (size before relaxing)
 .debug_str     0x00000000000013d8     0x93ed /home/vladimir/src/libopencm3/lib/libopencm3_stm32f4.a(rcc.o)
                                       0x9721 (size before relaxing)
 .debug_str     0x000000000000a7c5     0x141f /home/vladimir/src/libopencm3/lib/libopencm3_stm32f4.a(gpio_common_all.o)
                                       0x646c (size before relaxing)
 .debug_str     0x000000000000bbe4       0x95 /home/vladimir/src/libopencm3/lib/libopencm3_stm32f4.a(gpio_common_f0234.o)
                                       0x648e (size before relaxing)
 .debug_str     0x000000000000bc79       0x96 /home/vladimir/src/libopencm3/lib/libopencm3_stm32f4.a(flash_common_f234.o)
                                       0x57c7 (size before relaxing)
 .debug_str     0x000000000000bd0f      0x57f /home/vladimir/src/libopencm3/lib/libopencm3_stm32f4.a(exti_common_all.o)
                                       0x69ab (size before relaxing)
 .debug_str     0x000000000000c28e      0x420 /home/vladimir/src/libopencm3/lib/libopencm3_stm32f4.a(rcc_common_all.o)
                                       0x9389 (size before relaxing)
 .debug_str     0x000000000000c6ae     0x125a /home/vladimir/src/libopencm3/lib/libopencm3_stm32f4.a(spi_common_all.o)
                                       0x9e27 (size before relaxing)
 .debug_str     0x000000000000d908       0x60 /home/vladimir/src/libopencm3/lib/libopencm3_stm32f4.a(spi_common_v1.o)
                                       0x97b1 (size before relaxing)
 .debug_str     0x000000000000d968     0x383b /home/vladimir/src/libopencm3/lib/libopencm3_stm32f4.a(usb.o)
                                       0x806b (size before relaxing)
 .debug_str     0x00000000000111a3      0x2f5 /home/vladimir/src/libopencm3/lib/libopencm3_stm32f4.a(usb_standard.o)
                                       0x81eb (size before relaxing)
 .debug_str     0x0000000000011498      0x1a3 /home/vladimir/src/libopencm3/lib/libopencm3_stm32f4.a(usb_control.o)
                                       0x80a8 (size before relaxing)
 .debug_str     0x000000000001163b     0x3390 /home/vladimir/src/libopencm3/lib/libopencm3_stm32f4.a(usb_f107.o)
                                      0x102cd (size before relaxing)
 .debug_str     0x00000000000149cb     0x2a44 /home/vladimir/src/libopencm3/lib/libopencm3_stm32f4.a(vector.o)
                                       0x6ace (size before relaxing)
 .debug_str     0x000000000001740f      0x9f0 /home/vladimir/src/libopencm3/lib/libopencm3_stm32f4.a(nvic.o)
                                       0x5481 (size before relaxing)
 .debug_str     0x0000000000017dff      0x780 /home/vladimir/src/libopencm3/lib/libopencm3_stm32f4.a(dwt.o)
                                       0x5211 (size before relaxing)
 .debug_str     0x000000000001857f        0x6 /home/vladimir/src/libopencm3/lib/libopencm3_stm32f4.a(pwr.o)
                                       0x539d (size before relaxing)
 .debug_str     0x0000000000018585      0x145 /home/vladimir/src/libopencm3/lib/libopencm3_stm32f4.a(usb_dwc_common.o)
                                       0xa6ac (size before relaxing)

.comment        0x0000000000000000       0xee
 .comment       0x0000000000000000       0x7c src/comms.o
                                         0x7d (size before relaxing)
 .comment       0x000000000000007c       0x7d src/init.o
 .comment       0x000000000000007c       0x7d src/main.o
 .comment       0x000000000000007c       0x7d src/mpu9250.o
 .comment       0x000000000000007c       0x7d src/spi.o
 .comment       0x000000000000007c       0x7d src/usb.o
 .comment       0x000000000000007c       0x7d src/util.o
 .comment       0x000000000000007c       0x72 /home/vladimir/src/libopencm3/lib/libopencm3_stm32f4.a(rcc.o)
                                         0x73 (size before relaxing)
 .comment       0x00000000000000ee       0x73 /home/vladimir/src/libopencm3/lib/libopencm3_stm32f4.a(gpio_common_all.o)
 .comment       0x00000000000000ee       0x73 /home/vladimir/src/libopencm3/lib/libopencm3_stm32f4.a(gpio_common_f0234.o)
 .comment       0x00000000000000ee       0x73 /home/vladimir/src/libopencm3/lib/libopencm3_stm32f4.a(flash_common_f234.o)
 .comment       0x00000000000000ee       0x73 /home/vladimir/src/libopencm3/lib/libopencm3_stm32f4.a(exti_common_all.o)
 .comment       0x00000000000000ee       0x73 /home/vladimir/src/libopencm3/lib/libopencm3_stm32f4.a(rcc_common_all.o)
 .comment       0x00000000000000ee       0x73 /home/vladimir/src/libopencm3/lib/libopencm3_stm32f4.a(spi_common_all.o)
 .comment       0x00000000000000ee       0x73 /home/vladimir/src/libopencm3/lib/libopencm3_stm32f4.a(spi_common_v1.o)
 .comment       0x00000000000000ee       0x73 /home/vladimir/src/libopencm3/lib/libopencm3_stm32f4.a(usb.o)
 .comment       0x00000000000000ee       0x73 /home/vladimir/src/libopencm3/lib/libopencm3_stm32f4.a(usb_standard.o)
 .comment       0x00000000000000ee       0x73 /home/vladimir/src/libopencm3/lib/libopencm3_stm32f4.a(usb_control.o)
 .comment       0x00000000000000ee       0x73 /home/vladimir/src/libopencm3/lib/libopencm3_stm32f4.a(usb_f107.o)
 .comment       0x00000000000000ee       0x73 /home/vladimir/src/libopencm3/lib/libopencm3_stm32f4.a(vector.o)
 .comment       0x00000000000000ee       0x73 /home/vladimir/src/libopencm3/lib/libopencm3_stm32f4.a(nvic.o)
 .comment       0x00000000000000ee       0x73 /home/vladimir/src/libopencm3/lib/libopencm3_stm32f4.a(dwt.o)
 .comment       0x00000000000000ee       0x73 /home/vladimir/src/libopencm3/lib/libopencm3_stm32f4.a(pwr.o)
 .comment       0x00000000000000ee       0x73 /home/vladimir/src/libopencm3/lib/libopencm3_stm32f4.a(usb_dwc_common.o)

.ARM.attributes
                0x0000000000000000       0x37
 .ARM.attributes
                0x0000000000000000       0x39 src/comms.o
 .ARM.attributes
                0x0000000000000039       0x39 src/init.o
 .ARM.attributes
                0x0000000000000072       0x39 src/main.o
 .ARM.attributes
                0x00000000000000ab       0x39 src/mpu9250.o
 .ARM.attributes
                0x00000000000000e4       0x39 src/spi.o
 .ARM.attributes
                0x000000000000011d       0x39 src/usb.o
 .ARM.attributes
                0x0000000000000156       0x39 src/util.o
 .ARM.attributes
                0x000000000000018f       0x39 /home/vladimir/src/libopencm3/lib/libopencm3_stm32f4.a(rcc.o)
 .ARM.attributes
                0x00000000000001c8       0x39 /home/vladimir/src/libopencm3/lib/libopencm3_stm32f4.a(gpio_common_all.o)
 .ARM.attributes
                0x0000000000000201       0x39 /home/vladimir/src/libopencm3/lib/libopencm3_stm32f4.a(gpio_common_f0234.o)
 .ARM.attributes
                0x000000000000023a       0x39 /home/vladimir/src/libopencm3/lib/libopencm3_stm32f4.a(flash_common_f234.o)
 .ARM.attributes
                0x0000000000000273       0x39 /home/vladimir/src/libopencm3/lib/libopencm3_stm32f4.a(exti_common_all.o)
 .ARM.attributes
                0x00000000000002ac       0x39 /home/vladimir/src/libopencm3/lib/libopencm3_stm32f4.a(rcc_common_all.o)
 .ARM.attributes
                0x00000000000002e5       0x39 /home/vladimir/src/libopencm3/lib/libopencm3_stm32f4.a(spi_common_all.o)
 .ARM.attributes
                0x000000000000031e       0x39 /home/vladimir/src/libopencm3/lib/libopencm3_stm32f4.a(spi_common_v1.o)
 .ARM.attributes
                0x0000000000000357       0x39 /home/vladimir/src/libopencm3/lib/libopencm3_stm32f4.a(usb.o)
 .ARM.attributes
                0x0000000000000390       0x39 /home/vladimir/src/libopencm3/lib/libopencm3_stm32f4.a(usb_standard.o)
 .ARM.attributes
                0x00000000000003c9       0x39 /home/vladimir/src/libopencm3/lib/libopencm3_stm32f4.a(usb_control.o)
 .ARM.attributes
                0x0000000000000402       0x39 /home/vladimir/src/libopencm3/lib/libopencm3_stm32f4.a(usb_f107.o)
 .ARM.attributes
                0x000000000000043b       0x39 /home/vladimir/src/libopencm3/lib/libopencm3_stm32f4.a(vector.o)
 .ARM.attributes
                0x0000000000000474       0x39 /home/vladimir/src/libopencm3/lib/libopencm3_stm32f4.a(nvic.o)
 .ARM.attributes
                0x00000000000004ad       0x39 /home/vladimir/src/libopencm3/lib/libopencm3_stm32f4.a(dwt.o)
 .ARM.attributes
                0x00000000000004e6       0x39 /home/vladimir/src/libopencm3/lib/libopencm3_stm32f4.a(pwr.o)
 .ARM.attributes
                0x000000000000051f       0x39 /home/vladimir/src/libopencm3/lib/libopencm3_stm32f4.a(usb_dwc_common.o)
 .ARM.attributes
                0x0000000000000558       0x34 /opt/Atollic_TrueSTUDIO_for_STM32_x86_64_9.0.1/ARMTools/bin/../lib/gcc/arm-atollic-eabi/6.3.1/../../../../arm-atollic-eabi/lib/armv7e-m/fpu/libc_nano.a(lib_a-memcpy-stub.o)
 .ARM.attributes
                0x000000000000058c       0x34 /opt/Atollic_TrueSTUDIO_for_STM32_x86_64_9.0.1/ARMTools/bin/../lib/gcc/arm-atollic-eabi/6.3.1/../../../../arm-atollic-eabi/lib/armv7e-m/fpu/libc_nano.a(lib_a-memset.o)
 .ARM.attributes
                0x00000000000005c0       0x1b /opt/Atollic_TrueSTUDIO_for_STM32_x86_64_9.0.1/ARMTools/bin/../lib/gcc/arm-atollic-eabi/6.3.1/../../../../arm-atollic-eabi/lib/armv7e-m/fpu/libc_nano.a(lib_a-strlen.o)

.debug_frame    0x0000000000000000     0x13e8
 .debug_frame   0x0000000000000000      0x128 src/comms.o
 .debug_frame   0x0000000000000128       0x80 src/init.o
 .debug_frame   0x00000000000001a8       0x50 src/main.o
 .debug_frame   0x00000000000001f8       0xe4 src/mpu9250.o
 .debug_frame   0x00000000000002dc      0x154 src/spi.o
 .debug_frame   0x0000000000000430       0x9c src/usb.o
 .debug_frame   0x00000000000004cc       0x48 src/util.o
 .debug_frame   0x0000000000000514      0x1c8 /home/vladimir/src/libopencm3/lib/libopencm3_stm32f4.a(rcc.o)
 .debug_frame   0x00000000000006dc       0x80 /home/vladimir/src/libopencm3/lib/libopencm3_stm32f4.a(gpio_common_all.o)
 .debug_frame   0x000000000000075c       0x70 /home/vladimir/src/libopencm3/lib/libopencm3_stm32f4.a(gpio_common_f0234.o)
 .debug_frame   0x00000000000007cc       0x80 /home/vladimir/src/libopencm3/lib/libopencm3_stm32f4.a(flash_common_f234.o)
 .debug_frame   0x000000000000084c       0x88 /home/vladimir/src/libopencm3/lib/libopencm3_stm32f4.a(exti_common_all.o)
 .debug_frame   0x00000000000008d4       0xd0 /home/vladimir/src/libopencm3/lib/libopencm3_stm32f4.a(rcc_common_all.o)
 .debug_frame   0x00000000000009a4      0x2d0 /home/vladimir/src/libopencm3/lib/libopencm3_stm32f4.a(spi_common_all.o)
 .debug_frame   0x0000000000000c74       0x4c /home/vladimir/src/libopencm3/lib/libopencm3_stm32f4.a(spi_common_v1.o)
 .debug_frame   0x0000000000000cc0      0x13c /home/vladimir/src/libopencm3/lib/libopencm3_stm32f4.a(usb.o)
 .debug_frame   0x0000000000000dfc      0x1e4 /home/vladimir/src/libopencm3/lib/libopencm3_stm32f4.a(usb_standard.o)
 .debug_frame   0x0000000000000fe0      0x154 /home/vladimir/src/libopencm3/lib/libopencm3_stm32f4.a(usb_control.o)
 .debug_frame   0x0000000000001134       0x28 /home/vladimir/src/libopencm3/lib/libopencm3_stm32f4.a(usb_f107.o)
 .debug_frame   0x000000000000115c       0x40 /home/vladimir/src/libopencm3/lib/libopencm3_stm32f4.a(vector.o)
 .debug_frame   0x000000000000119c       0xa0 /home/vladimir/src/libopencm3/lib/libopencm3_stm32f4.a(nvic.o)
 .debug_frame   0x000000000000123c       0x30 /home/vladimir/src/libopencm3/lib/libopencm3_stm32f4.a(dwt.o)
 .debug_frame   0x000000000000126c       0x20 /home/vladimir/src/libopencm3/lib/libopencm3_stm32f4.a(pwr.o)
 .debug_frame   0x000000000000128c      0x114 /home/vladimir/src/libopencm3/lib/libopencm3_stm32f4.a(usb_dwc_common.o)
 .debug_frame   0x00000000000013a0       0x28 /opt/Atollic_TrueSTUDIO_for_STM32_x86_64_9.0.1/ARMTools/bin/../lib/gcc/arm-atollic-eabi/6.3.1/../../../../arm-atollic-eabi/lib/armv7e-m/fpu/libc_nano.a(lib_a-memcpy-stub.o)
 .debug_frame   0x00000000000013c8       0x20 /opt/Atollic_TrueSTUDIO_for_STM32_x86_64_9.0.1/ARMTools/bin/../lib/gcc/arm-atollic-eabi/6.3.1/../../../../arm-atollic-eabi/lib/armv7e-m/fpu/libc_nano.a(lib_a-memset.o)

.debug_loc      0x0000000000000000     0x3259
 .debug_loc     0x0000000000000000      0x5db /home/vladimir/src/libopencm3/lib/libopencm3_stm32f4.a(rcc.o)
 .debug_loc     0x00000000000005db       0x97 /home/vladimir/src/libopencm3/lib/libopencm3_stm32f4.a(gpio_common_all.o)
 .debug_loc     0x0000000000000672       0xdb /home/vladimir/src/libopencm3/lib/libopencm3_stm32f4.a(gpio_common_f0234.o)
 .debug_loc     0x000000000000074d       0x3f /home/vladimir/src/libopencm3/lib/libopencm3_stm32f4.a(flash_common_f234.o)
 .debug_loc     0x000000000000078c      0x1fd /home/vladimir/src/libopencm3/lib/libopencm3_stm32f4.a(exti_common_all.o)
 .debug_loc     0x0000000000000989      0x108 /home/vladimir/src/libopencm3/lib/libopencm3_stm32f4.a(rcc_common_all.o)
 .debug_loc     0x0000000000000a91      0x1a2 /home/vladimir/src/libopencm3/lib/libopencm3_stm32f4.a(spi_common_all.o)
 .debug_loc     0x0000000000000c33       0x60 /home/vladimir/src/libopencm3/lib/libopencm3_stm32f4.a(spi_common_v1.o)
 .debug_loc     0x0000000000000c93      0x499 /home/vladimir/src/libopencm3/lib/libopencm3_stm32f4.a(usb.o)
 .debug_loc     0x000000000000112c     0x1228 /home/vladimir/src/libopencm3/lib/libopencm3_stm32f4.a(usb_standard.o)
 .debug_loc     0x0000000000002354      0x61a /home/vladimir/src/libopencm3/lib/libopencm3_stm32f4.a(usb_control.o)
 .debug_loc     0x000000000000296e       0xea /home/vladimir/src/libopencm3/lib/libopencm3_stm32f4.a(vector.o)
 .debug_loc     0x0000000000002a58      0x129 /home/vladimir/src/libopencm3/lib/libopencm3_stm32f4.a(nvic.o)
 .debug_loc     0x0000000000002b81      0x6d8 /home/vladimir/src/libopencm3/lib/libopencm3_stm32f4.a(usb_dwc_common.o)

.debug_macro    0x0000000000000000     0x5d0f
 .debug_macro   0x0000000000000000      0x106 /home/vladimir/src/libopencm3/lib/libopencm3_stm32f4.a(rcc.o)
 .debug_macro   0x0000000000000106      0xa4e /home/vladimir/src/libopencm3/lib/libopencm3_stm32f4.a(rcc.o)
 .debug_macro   0x0000000000000b54       0x22 /home/vladimir/src/libopencm3/lib/libopencm3_stm32f4.a(rcc.o)
 .debug_macro   0x0000000000000b76       0x4f /home/vladimir/src/libopencm3/lib/libopencm3_stm32f4.a(rcc.o)
 .debug_macro   0x0000000000000bc5       0x51 /home/vladimir/src/libopencm3/lib/libopencm3_stm32f4.a(rcc.o)
 .debug_macro   0x0000000000000c16       0xef /home/vladimir/src/libopencm3/lib/libopencm3_stm32f4.a(rcc.o)
 .debug_macro   0x0000000000000d05       0x6a /home/vladimir/src/libopencm3/lib/libopencm3_stm32f4.a(rcc.o)
 .debug_macro   0x0000000000000d6f      0x1df /home/vladimir/src/libopencm3/lib/libopencm3_stm32f4.a(rcc.o)
 .debug_macro   0x0000000000000f4e       0x22 /home/vladimir/src/libopencm3/lib/libopencm3_stm32f4.a(rcc.o)
 .debug_macro   0x0000000000000f70       0xfa /home/vladimir/src/libopencm3/lib/libopencm3_stm32f4.a(rcc.o)
 .debug_macro   0x000000000000106a       0x16 /home/vladimir/src/libopencm3/lib/libopencm3_stm32f4.a(rcc.o)
 .debug_macro   0x0000000000001080       0x58 /home/vladimir/src/libopencm3/lib/libopencm3_stm32f4.a(rcc.o)
 .debug_macro   0x00000000000010d8      0x26d /home/vladimir/src/libopencm3/lib/libopencm3_stm32f4.a(rcc.o)
 .debug_macro   0x0000000000001345      0xc7e /home/vladimir/src/libopencm3/lib/libopencm3_stm32f4.a(rcc.o)
 .debug_macro   0x0000000000001fc3       0x8e /home/vladimir/src/libopencm3/lib/libopencm3_stm32f4.a(rcc.o)
 .debug_macro   0x0000000000002051       0x22 /home/vladimir/src/libopencm3/lib/libopencm3_stm32f4.a(rcc.o)
 .debug_macro   0x0000000000002073       0x6a /home/vladimir/src/libopencm3/lib/libopencm3_stm32f4.a(rcc.o)
 .debug_macro   0x00000000000020dd       0xf4 /home/vladimir/src/libopencm3/lib/libopencm3_stm32f4.a(rcc.o)
 .debug_macro   0x00000000000021d1       0xd2 /home/vladimir/src/libopencm3/lib/libopencm3_stm32f4.a(gpio_common_all.o)
 .debug_macro   0x00000000000022a3       0x76 /home/vladimir/src/libopencm3/lib/libopencm3_stm32f4.a(gpio_common_all.o)
 .debug_macro   0x0000000000002319      0x2e6 /home/vladimir/src/libopencm3/lib/libopencm3_stm32f4.a(gpio_common_all.o)
 .debug_macro   0x00000000000025ff      0x14e /home/vladimir/src/libopencm3/lib/libopencm3_stm32f4.a(gpio_common_all.o)
 .debug_macro   0x000000000000274d       0xd2 /home/vladimir/src/libopencm3/lib/libopencm3_stm32f4.a(gpio_common_f0234.o)
 .debug_macro   0x000000000000281f       0xc3 /home/vladimir/src/libopencm3/lib/libopencm3_stm32f4.a(flash_common_f234.o)
 .debug_macro   0x00000000000028e2      0x100 /home/vladimir/src/libopencm3/lib/libopencm3_stm32f4.a(exti_common_all.o)
 .debug_macro   0x00000000000029e2      0x112 /home/vladimir/src/libopencm3/lib/libopencm3_stm32f4.a(exti_common_all.o)
 .debug_macro   0x0000000000002af4       0x3a /home/vladimir/src/libopencm3/lib/libopencm3_stm32f4.a(exti_common_all.o)
 .debug_macro   0x0000000000002b2e       0xcf /home/vladimir/src/libopencm3/lib/libopencm3_stm32f4.a(rcc_common_all.o)
 .debug_macro   0x0000000000002bfd       0xde /home/vladimir/src/libopencm3/lib/libopencm3_stm32f4.a(spi_common_all.o)
 .debug_macro   0x0000000000002cdb      0x2eb /home/vladimir/src/libopencm3/lib/libopencm3_stm32f4.a(spi_common_all.o)
 .debug_macro   0x0000000000002fc6       0x16 /home/vladimir/src/libopencm3/lib/libopencm3_stm32f4.a(spi_common_all.o)
 .debug_macro   0x0000000000002fdc       0x22 /home/vladimir/src/libopencm3/lib/libopencm3_stm32f4.a(spi_common_all.o)
 .debug_macro   0x0000000000002ffe       0xde /home/vladimir/src/libopencm3/lib/libopencm3_stm32f4.a(spi_common_v1.o)
 .debug_macro   0x00000000000030dc      0x149 /home/vladimir/src/libopencm3/lib/libopencm3_stm32f4.a(usb.o)
 .debug_macro   0x0000000000003225       0x5e /home/vladimir/src/libopencm3/lib/libopencm3_stm32f4.a(usb.o)
 .debug_macro   0x0000000000003283       0x17 /home/vladimir/src/libopencm3/lib/libopencm3_stm32f4.a(usb.o)
 .debug_macro   0x000000000000329a       0x55 /home/vladimir/src/libopencm3/lib/libopencm3_stm32f4.a(usb.o)
 .debug_macro   0x00000000000032ef       0x35 /home/vladimir/src/libopencm3/lib/libopencm3_stm32f4.a(usb.o)
 .debug_macro   0x0000000000003324       0x9c /home/vladimir/src/libopencm3/lib/libopencm3_stm32f4.a(usb.o)
 .debug_macro   0x00000000000033c0      0x16d /home/vladimir/src/libopencm3/lib/libopencm3_stm32f4.a(usb.o)
 .debug_macro   0x000000000000352d       0x57 /home/vladimir/src/libopencm3/lib/libopencm3_stm32f4.a(usb.o)
 .debug_macro   0x0000000000003584       0x58 /home/vladimir/src/libopencm3/lib/libopencm3_stm32f4.a(usb.o)
 .debug_macro   0x00000000000035dc       0x1f /home/vladimir/src/libopencm3/lib/libopencm3_stm32f4.a(usb.o)
 .debug_macro   0x00000000000035fb       0x43 /home/vladimir/src/libopencm3/lib/libopencm3_stm32f4.a(usb.o)
 .debug_macro   0x000000000000363e       0x20 /home/vladimir/src/libopencm3/lib/libopencm3_stm32f4.a(usb.o)
 .debug_macro   0x000000000000365e      0x18e /home/vladimir/src/libopencm3/lib/libopencm3_stm32f4.a(usb.o)
 .debug_macro   0x00000000000037ec      0x353 /home/vladimir/src/libopencm3/lib/libopencm3_stm32f4.a(usb.o)
 .debug_macro   0x0000000000003b3f       0x10 /home/vladimir/src/libopencm3/lib/libopencm3_stm32f4.a(usb.o)
 .debug_macro   0x0000000000003b4f       0x35 /home/vladimir/src/libopencm3/lib/libopencm3_stm32f4.a(usb.o)
 .debug_macro   0x0000000000003b84      0x196 /home/vladimir/src/libopencm3/lib/libopencm3_stm32f4.a(usb.o)
 .debug_macro   0x0000000000003d1a       0x10 /home/vladimir/src/libopencm3/lib/libopencm3_stm32f4.a(usb.o)
 .debug_macro   0x0000000000003d2a       0x1c /home/vladimir/src/libopencm3/lib/libopencm3_stm32f4.a(usb.o)
 .debug_macro   0x0000000000003d46      0x149 /home/vladimir/src/libopencm3/lib/libopencm3_stm32f4.a(usb_standard.o)
 .debug_macro   0x0000000000003e8f      0x157 /home/vladimir/src/libopencm3/lib/libopencm3_stm32f4.a(usb_control.o)
 .debug_macro   0x0000000000003fe6       0x16 /home/vladimir/src/libopencm3/lib/libopencm3_stm32f4.a(usb_control.o)
 .debug_macro   0x0000000000003ffc      0x10e /home/vladimir/src/libopencm3/lib/libopencm3_stm32f4.a(usb_control.o)
 .debug_macro   0x000000000000410a       0x86 /home/vladimir/src/libopencm3/lib/libopencm3_stm32f4.a(usb_control.o)
 .debug_macro   0x0000000000004190       0x22 /home/vladimir/src/libopencm3/lib/libopencm3_stm32f4.a(usb_control.o)
 .debug_macro   0x00000000000041b2      0x1ae /home/vladimir/src/libopencm3/lib/libopencm3_stm32f4.a(usb_f107.o)
 .debug_macro   0x0000000000004360       0x3a /home/vladimir/src/libopencm3/lib/libopencm3_stm32f4.a(usb_f107.o)
 .debug_macro   0x000000000000439a      0x19c /home/vladimir/src/libopencm3/lib/libopencm3_stm32f4.a(usb_f107.o)
 .debug_macro   0x0000000000004536      0x8d7 /home/vladimir/src/libopencm3/lib/libopencm3_stm32f4.a(usb_f107.o)
 .debug_macro   0x0000000000004e0d      0x130 /home/vladimir/src/libopencm3/lib/libopencm3_stm32f4.a(usb_f107.o)
 .debug_macro   0x0000000000004f3d       0xd4 /home/vladimir/src/libopencm3/lib/libopencm3_stm32f4.a(vector.o)
 .debug_macro   0x0000000000005011      0x3a1 /home/vladimir/src/libopencm3/lib/libopencm3_stm32f4.a(vector.o)
 .debug_macro   0x00000000000053b2       0x6a /home/vladimir/src/libopencm3/lib/libopencm3_stm32f4.a(vector.o)
 .debug_macro   0x000000000000541c      0x22c /home/vladimir/src/libopencm3/lib/libopencm3_stm32f4.a(vector.o)
 .debug_macro   0x0000000000005648       0xb4 /home/vladimir/src/libopencm3/lib/libopencm3_stm32f4.a(nvic.o)
 .debug_macro   0x00000000000056fc       0x64 /home/vladimir/src/libopencm3/lib/libopencm3_stm32f4.a(nvic.o)
 .debug_macro   0x0000000000005760      0x1b0 /home/vladimir/src/libopencm3/lib/libopencm3_stm32f4.a(nvic.o)
 .debug_macro   0x0000000000005910       0x9c /home/vladimir/src/libopencm3/lib/libopencm3_stm32f4.a(dwt.o)
 .debug_macro   0x00000000000059ac      0x148 /home/vladimir/src/libopencm3/lib/libopencm3_stm32f4.a(dwt.o)
 .debug_macro   0x0000000000005af4       0xb9 /home/vladimir/src/libopencm3/lib/libopencm3_stm32f4.a(pwr.o)
 .debug_macro   0x0000000000005bad      0x162 /home/vladimir/src/libopencm3/lib/libopencm3_stm32f4.a(usb_dwc_common.o)

Cross Reference Table

Symbol                                            File
SystemCoreClock                                   src/init.o
                                                  src/util.o
__fini_array_end                                  /home/vladimir/src/libopencm3/lib/libopencm3_stm32f4.a(vector.o)
__fini_array_start                                /home/vladimir/src/libopencm3/lib/libopencm3_stm32f4.a(vector.o)
__init_array_end                                  /home/vladimir/src/libopencm3/lib/libopencm3_stm32f4.a(vector.o)
__init_array_start                                /home/vladimir/src/libopencm3/lib/libopencm3_stm32f4.a(vector.o)
__preinit_array_end                               /home/vladimir/src/libopencm3/lib/libopencm3_stm32f4.a(vector.o)
__preinit_array_start                             /home/vladimir/src/libopencm3/lib/libopencm3_stm32f4.a(vector.o)
_data                                             /home/vladimir/src/libopencm3/lib/libopencm3_stm32f4.a(vector.o)
_data_loadaddr                                    /home/vladimir/src/libopencm3/lib/libopencm3_stm32f4.a(vector.o)
_ebss                                             /home/vladimir/src/libopencm3/lib/libopencm3_stm32f4.a(vector.o)
_edata                                            /home/vladimir/src/libopencm3/lib/libopencm3_stm32f4.a(vector.o)
_stack                                            /home/vladimir/src/libopencm3/lib/libopencm3_stm32f4.a(vector.o)
_usbd_control_in                                  /home/vladimir/src/libopencm3/lib/libopencm3_stm32f4.a(usb_control.o)
                                                  /home/vladimir/src/libopencm3/lib/libopencm3_stm32f4.a(usb.o)
_usbd_control_out                                 /home/vladimir/src/libopencm3/lib/libopencm3_stm32f4.a(usb_control.o)
                                                  /home/vladimir/src/libopencm3/lib/libopencm3_stm32f4.a(usb.o)
_usbd_control_setup                               /home/vladimir/src/libopencm3/lib/libopencm3_stm32f4.a(usb_control.o)
                                                  /home/vladimir/src/libopencm3/lib/libopencm3_stm32f4.a(usb.o)
_usbd_reset                                       /home/vladimir/src/libopencm3/lib/libopencm3_stm32f4.a(usb.o)
                                                  /home/vladimir/src/libopencm3/lib/libopencm3_stm32f4.a(usb_dwc_common.o)
_usbd_standard_request                            /home/vladimir/src/libopencm3/lib/libopencm3_stm32f4.a(usb_standard.o)
                                                  /home/vladimir/src/libopencm3/lib/libopencm3_stm32f4.a(usb_control.o)
_usbd_standard_request_device                     /home/vladimir/src/libopencm3/lib/libopencm3_stm32f4.a(usb_standard.o)
_usbd_standard_request_endpoint                   /home/vladimir/src/libopencm3/lib/libopencm3_stm32f4.a(usb_standard.o)
_usbd_standard_request_interface                  /home/vladimir/src/libopencm3/lib/libopencm3_stm32f4.a(usb_standard.o)
adc_isr                                           /home/vladimir/src/libopencm3/lib/libopencm3_stm32f4.a(vector.o)
blocking_handler                                  /home/vladimir/src/libopencm3/lib/libopencm3_stm32f4.a(vector.o)
buf                                               src/mpu9250.o
bus_fault_handler                                 /home/vladimir/src/libopencm3/lib/libopencm3_stm32f4.a(vector.o)
can1_rx0_isr                                      /home/vladimir/src/libopencm3/lib/libopencm3_stm32f4.a(vector.o)
can1_rx1_isr                                      /home/vladimir/src/libopencm3/lib/libopencm3_stm32f4.a(vector.o)
can1_sce_isr                                      /home/vladimir/src/libopencm3/lib/libopencm3_stm32f4.a(vector.o)
can1_tx_isr                                       /home/vladimir/src/libopencm3/lib/libopencm3_stm32f4.a(vector.o)
can2_rx0_isr                                      /home/vladimir/src/libopencm3/lib/libopencm3_stm32f4.a(vector.o)
can2_rx1_isr                                      /home/vladimir/src/libopencm3/lib/libopencm3_stm32f4.a(vector.o)
can2_sce_isr                                      /home/vladimir/src/libopencm3/lib/libopencm3_stm32f4.a(vector.o)
can2_tx_isr                                       /home/vladimir/src/libopencm3/lib/libopencm3_stm32f4.a(vector.o)
clk_setup                                         src/init.o
                                                  src/main.o
comms_init                                        src/comms.o
                                                  src/main.o
comms_new_sample                                  src/comms.o
                                                  src/mpu9250.o
config                                            src/usb.o
cryp_isr                                          /home/vladimir/src/libopencm3/lib/libopencm3_stm32f4.a(vector.o)
dcmi_isr                                          /home/vladimir/src/libopencm3/lib/libopencm3_stm32f4.a(vector.o)
debug_monitor_handler                             /home/vladimir/src/libopencm3/lib/libopencm3_stm32f4.a(vector.o)
delayMS_DWT                                       src/util.o
                                                  src/mpu9250.o
delayUS_DWT                                       src/util.o
                                                  src/spi.o
                                                  src/mpu9250.o
dev_descr                                         src/usb.o
dma1_stream0_isr                                  /home/vladimir/src/libopencm3/lib/libopencm3_stm32f4.a(vector.o)
dma1_stream1_isr                                  /home/vladimir/src/libopencm3/lib/libopencm3_stm32f4.a(vector.o)
dma1_stream2_isr                                  /home/vladimir/src/libopencm3/lib/libopencm3_stm32f4.a(vector.o)
dma1_stream3_isr                                  /home/vladimir/src/libopencm3/lib/libopencm3_stm32f4.a(vector.o)
dma1_stream4_isr                                  /home/vladimir/src/libopencm3/lib/libopencm3_stm32f4.a(vector.o)
dma1_stream5_isr                                  /home/vladimir/src/libopencm3/lib/libopencm3_stm32f4.a(vector.o)
dma1_stream6_isr                                  /home/vladimir/src/libopencm3/lib/libopencm3_stm32f4.a(vector.o)
dma1_stream7_isr                                  /home/vladimir/src/libopencm3/lib/libopencm3_stm32f4.a(vector.o)
dma2_stream0_isr                                  /home/vladimir/src/libopencm3/lib/libopencm3_stm32f4.a(vector.o)
dma2_stream1_isr                                  /home/vladimir/src/libopencm3/lib/libopencm3_stm32f4.a(vector.o)
dma2_stream2_isr                                  /home/vladimir/src/libopencm3/lib/libopencm3_stm32f4.a(vector.o)
dma2_stream3_isr                                  /home/vladimir/src/libopencm3/lib/libopencm3_stm32f4.a(vector.o)
dma2_stream4_isr                                  /home/vladimir/src/libopencm3/lib/libopencm3_stm32f4.a(vector.o)
dma2_stream5_isr                                  /home/vladimir/src/libopencm3/lib/libopencm3_stm32f4.a(vector.o)
dma2_stream6_isr                                  /home/vladimir/src/libopencm3/lib/libopencm3_stm32f4.a(vector.o)
dma2_stream7_isr                                  /home/vladimir/src/libopencm3/lib/libopencm3_stm32f4.a(vector.o)
dma2d_isr                                         /home/vladimir/src/libopencm3/lib/libopencm3_stm32f4.a(vector.o)
dwc_disconnect                                    /home/vladimir/src/libopencm3/lib/libopencm3_stm32f4.a(usb_dwc_common.o)
                                                  /home/vladimir/src/libopencm3/lib/libopencm3_stm32f4.a(usb_f107.o)
dwc_endpoints_reset                               /home/vladimir/src/libopencm3/lib/libopencm3_stm32f4.a(usb_dwc_common.o)
                                                  /home/vladimir/src/libopencm3/lib/libopencm3_stm32f4.a(usb_f107.o)
dwc_ep_nak_set                                    /home/vladimir/src/libopencm3/lib/libopencm3_stm32f4.a(usb_dwc_common.o)
                                                  /home/vladimir/src/libopencm3/lib/libopencm3_stm32f4.a(usb_f107.o)
dwc_ep_read_packet                                /home/vladimir/src/libopencm3/lib/libopencm3_stm32f4.a(usb_dwc_common.o)
                                                  /home/vladimir/src/libopencm3/lib/libopencm3_stm32f4.a(usb_f107.o)
dwc_ep_setup                                      /home/vladimir/src/libopencm3/lib/libopencm3_stm32f4.a(usb_dwc_common.o)
                                                  /home/vladimir/src/libopencm3/lib/libopencm3_stm32f4.a(usb_f107.o)
dwc_ep_stall_get                                  /home/vladimir/src/libopencm3/lib/libopencm3_stm32f4.a(usb_dwc_common.o)
                                                  /home/vladimir/src/libopencm3/lib/libopencm3_stm32f4.a(usb_f107.o)
dwc_ep_stall_set                                  /home/vladimir/src/libopencm3/lib/libopencm3_stm32f4.a(usb_dwc_common.o)
                                                  /home/vladimir/src/libopencm3/lib/libopencm3_stm32f4.a(usb_f107.o)
dwc_ep_write_packet                               /home/vladimir/src/libopencm3/lib/libopencm3_stm32f4.a(usb_dwc_common.o)
                                                  /home/vladimir/src/libopencm3/lib/libopencm3_stm32f4.a(usb_f107.o)
dwc_poll                                          /home/vladimir/src/libopencm3/lib/libopencm3_stm32f4.a(usb_dwc_common.o)
                                                  /home/vladimir/src/libopencm3/lib/libopencm3_stm32f4.a(usb_f107.o)
dwc_set_address                                   /home/vladimir/src/libopencm3/lib/libopencm3_stm32f4.a(usb_dwc_common.o)
                                                  /home/vladimir/src/libopencm3/lib/libopencm3_stm32f4.a(usb_f107.o)
dwt_enable_cycle_counter                          /home/vladimir/src/libopencm3/lib/libopencm3_stm32f4.a(dwt.o)
                                                  src/init.o
dwt_read_cycle_counter                            /home/vladimir/src/libopencm3/lib/libopencm3_stm32f4.a(dwt.o)
                                                  src/util.o
                                                  src/comms.o
eth_isr                                           /home/vladimir/src/libopencm3/lib/libopencm3_stm32f4.a(vector.o)
eth_wkup_isr                                      /home/vladimir/src/libopencm3/lib/libopencm3_stm32f4.a(vector.o)
exti0_isr                                         /home/vladimir/src/libopencm3/lib/libopencm3_stm32f4.a(vector.o)
exti15_10_isr                                     /home/vladimir/src/libopencm3/lib/libopencm3_stm32f4.a(vector.o)
exti1_isr                                         /home/vladimir/src/libopencm3/lib/libopencm3_stm32f4.a(vector.o)
exti2_isr                                         /home/vladimir/src/libopencm3/lib/libopencm3_stm32f4.a(vector.o)
exti3_isr                                         /home/vladimir/src/libopencm3/lib/libopencm3_stm32f4.a(vector.o)
exti4_isr                                         src/main.o
exti9_5_isr                                       /home/vladimir/src/libopencm3/lib/libopencm3_stm32f4.a(vector.o)
exti_disable_request                              /home/vladimir/src/libopencm3/lib/libopencm3_stm32f4.a(exti_common_all.o)
exti_enable_request                               /home/vladimir/src/libopencm3/lib/libopencm3_stm32f4.a(exti_common_all.o)
                                                  src/init.o
exti_get_flag_status                              /home/vladimir/src/libopencm3/lib/libopencm3_stm32f4.a(exti_common_all.o)
exti_reset_request                                /home/vladimir/src/libopencm3/lib/libopencm3_stm32f4.a(exti_common_all.o)
                                                  src/main.o
exti_select_source                                /home/vladimir/src/libopencm3/lib/libopencm3_stm32f4.a(exti_common_all.o)
                                                  src/init.o
exti_set_trigger                                  /home/vladimir/src/libopencm3/lib/libopencm3_stm32f4.a(exti_common_all.o)
                                                  src/init.o
exti_setup                                        src/init.o
                                                  src/main.o
flash_clear_bsy_flag                              /home/vladimir/src/libopencm3/lib/libopencm3_stm32f4.a(flash_common_f234.o)
flash_clear_eop_flag                              /home/vladimir/src/libopencm3/lib/libopencm3_stm32f4.a(flash_common_f234.o)
flash_clear_pgperr_flag                           /home/vladimir/src/libopencm3/lib/libopencm3_stm32f4.a(flash_common_f234.o)
flash_isr                                         /home/vladimir/src/libopencm3/lib/libopencm3_stm32f4.a(vector.o)
flash_lock                                        /home/vladimir/src/libopencm3/lib/libopencm3_stm32f4.a(flash_common_f234.o)
flash_set_ws                                      /home/vladimir/src/libopencm3/lib/libopencm3_stm32f4.a(flash_common_f234.o)
                                                  /home/vladimir/src/libopencm3/lib/libopencm3_stm32f4.a(rcc.o)
flash_unlock                                      /home/vladimir/src/libopencm3/lib/libopencm3_stm32f4.a(flash_common_f234.o)
flash_wait_for_last_operation                     /home/vladimir/src/libopencm3/lib/libopencm3_stm32f4.a(flash_common_f234.o)
fpu_isr                                           /home/vladimir/src/libopencm3/lib/libopencm3_stm32f4.a(vector.o)
fsmc_isr                                          /home/vladimir/src/libopencm3/lib/libopencm3_stm32f4.a(vector.o)
gpio_clear                                        /home/vladimir/src/libopencm3/lib/libopencm3_stm32f4.a(gpio_common_all.o)
                                                  src/spi.o
                                                  src/mpu9250.o
gpio_get                                          /home/vladimir/src/libopencm3/lib/libopencm3_stm32f4.a(gpio_common_all.o)
gpio_mode_setup                                   /home/vladimir/src/libopencm3/lib/libopencm3_stm32f4.a(gpio_common_f0234.o)
                                                  src/usb.o
                                                  src/init.o
gpio_port_config_lock                             /home/vladimir/src/libopencm3/lib/libopencm3_stm32f4.a(gpio_common_all.o)
gpio_port_read                                    /home/vladimir/src/libopencm3/lib/libopencm3_stm32f4.a(gpio_common_all.o)
gpio_port_write                                   /home/vladimir/src/libopencm3/lib/libopencm3_stm32f4.a(gpio_common_all.o)
gpio_set                                          /home/vladimir/src/libopencm3/lib/libopencm3_stm32f4.a(gpio_common_all.o)
                                                  src/spi.o
                                                  src/mpu9250.o
                                                  src/init.o
gpio_set_af                                       /home/vladimir/src/libopencm3/lib/libopencm3_stm32f4.a(gpio_common_f0234.o)
                                                  src/usb.o
                                                  src/init.o
gpio_set_output_options                           /home/vladimir/src/libopencm3/lib/libopencm3_stm32f4.a(gpio_common_f0234.o)
gpio_toggle                                       /home/vladimir/src/libopencm3/lib/libopencm3_stm32f4.a(gpio_common_all.o)
                                                  src/main.o
                                                  src/comms.o
hard_fault_handler                                /home/vladimir/src/libopencm3/lib/libopencm3_stm32f4.a(vector.o)
hash_rng_isr                                      /home/vladimir/src/libopencm3/lib/libopencm3_stm32f4.a(vector.o)
hid_control_request_class                         src/comms.o
                                                  src/usb.o
hid_endpoint                                      src/usb.o
hid_iface                                         src/usb.o
i2c1_er_isr                                       /home/vladimir/src/libopencm3/lib/libopencm3_stm32f4.a(vector.o)
i2c1_ev_isr                                       /home/vladimir/src/libopencm3/lib/libopencm3_stm32f4.a(vector.o)
i2c2_er_isr                                       /home/vladimir/src/libopencm3/lib/libopencm3_stm32f4.a(vector.o)
i2c2_ev_isr                                       /home/vladimir/src/libopencm3/lib/libopencm3_stm32f4.a(vector.o)
i2c3_er_isr                                       /home/vladimir/src/libopencm3/lib/libopencm3_stm32f4.a(vector.o)
i2c3_ev_isr                                       /home/vladimir/src/libopencm3/lib/libopencm3_stm32f4.a(vector.o)
if_started                                        src/comms.o
                                                  src/usb.o
ifaces                                            src/usb.o
lcd_tft_err_isr                                   /home/vladimir/src/libopencm3/lib/libopencm3_stm32f4.a(vector.o)
lcd_tft_isr                                       /home/vladimir/src/libopencm3/lib/libopencm3_stm32f4.a(vector.o)
led_setup                                         src/init.o
                                                  src/main.o
main                                              src/main.o
                                                  /home/vladimir/src/libopencm3/lib/libopencm3_stm32f4.a(vector.o)
mem_manage_handler                                /home/vladimir/src/libopencm3/lib/libopencm3_stm32f4.a(vector.o)
memcpy                                            /opt/Atollic_TrueSTUDIO_for_STM32_x86_64_9.0.1/ARMTools/bin/../lib/gcc/arm-atollic-eabi/6.3.1/../../../../arm-atollic-eabi/lib/armv7e-m/fpu/libc_nano.a(lib_a-memcpy-stub.o)
                                                  /home/vladimir/src/libopencm3/lib/libopencm3_stm32f4.a(usb_dwc_common.o)
                                                  /home/vladimir/src/libopencm3/lib/libopencm3_stm32f4.a(usb_standard.o)
                                                  src/comms.o
memset                                            /opt/Atollic_TrueSTUDIO_for_STM32_x86_64_9.0.1/ARMTools/bin/../lib/gcc/arm-atollic-eabi/6.3.1/../../../../arm-atollic-eabi/lib/armv7e-m/fpu/libc_nano.a(lib_a-memset.o)
                                                  src/comms.o
mpuTask                                           src/mpu9250.o
                                                  src/main.o
mpu_count                                         src/mpu9250.o
mpu_init                                          src/mpu9250.o
mpu_reset_fifo                                    src/mpu9250.o
mpu_run                                           src/mpu9250.o
mpu_sendusb                                       src/mpu9250.o
nmi_handler                                       /home/vladimir/src/libopencm3/lib/libopencm3_stm32f4.a(vector.o)
null_handler                                      /home/vladimir/src/libopencm3/lib/libopencm3_stm32f4.a(vector.o)
nvic_clear_pending_irq                            /home/vladimir/src/libopencm3/lib/libopencm3_stm32f4.a(nvic.o)
nvic_disable_irq                                  /home/vladimir/src/libopencm3/lib/libopencm3_stm32f4.a(nvic.o)
nvic_enable_irq                                   /home/vladimir/src/libopencm3/lib/libopencm3_stm32f4.a(nvic.o)
                                                  src/usb.o
                                                  src/init.o
nvic_generate_software_interrupt                  /home/vladimir/src/libopencm3/lib/libopencm3_stm32f4.a(nvic.o)
nvic_get_active_irq                               /home/vladimir/src/libopencm3/lib/libopencm3_stm32f4.a(nvic.o)
nvic_get_irq_enabled                              /home/vladimir/src/libopencm3/lib/libopencm3_stm32f4.a(nvic.o)
nvic_get_pending_irq                              /home/vladimir/src/libopencm3/lib/libopencm3_stm32f4.a(nvic.o)
nvic_set_pending_irq                              /home/vladimir/src/libopencm3/lib/libopencm3_stm32f4.a(nvic.o)
nvic_set_priority                                 /home/vladimir/src/libopencm3/lib/libopencm3_stm32f4.a(nvic.o)
                                                  src/usb.o
nvic_wwdg_isr                                     /home/vladimir/src/libopencm3/lib/libopencm3_stm32f4.a(vector.o)
otg_fs_isr                                        src/usb.o
otg_hs_ep1_in_isr                                 /home/vladimir/src/libopencm3/lib/libopencm3_stm32f4.a(vector.o)
otg_hs_ep1_out_isr                                /home/vladimir/src/libopencm3/lib/libopencm3_stm32f4.a(vector.o)
otg_hs_isr                                        /home/vladimir/src/libopencm3/lib/libopencm3_stm32f4.a(vector.o)
otg_hs_wkup_isr                                   /home/vladimir/src/libopencm3/lib/libopencm3_stm32f4.a(vector.o)
params                                            src/comms.o
pend_sv_handler                                   /home/vladimir/src/libopencm3/lib/libopencm3_stm32f4.a(vector.o)
pop                                               src/comms.o
push                                              src/comms.o
pvd_isr                                           /home/vladimir/src/libopencm3/lib/libopencm3_stm32f4.a(vector.o)
pwr_set_vos_scale                                 /home/vladimir/src/libopencm3/lib/libopencm3_stm32f4.a(pwr.o)
                                                  /home/vladimir/src/libopencm3/lib/libopencm3_stm32f4.a(rcc.o)
rcc_ahb_frequency                                 /home/vladimir/src/libopencm3/lib/libopencm3_stm32f4.a(rcc.o)
rcc_apb1_frequency                                /home/vladimir/src/libopencm3/lib/libopencm3_stm32f4.a(rcc.o)
rcc_apb2_frequency                                /home/vladimir/src/libopencm3/lib/libopencm3_stm32f4.a(rcc.o)
rcc_clock_setup_hse_3v3                           /home/vladimir/src/libopencm3/lib/libopencm3_stm32f4.a(rcc.o)
                                                  src/init.o
rcc_css_disable                                   /home/vladimir/src/libopencm3/lib/libopencm3_stm32f4.a(rcc.o)
rcc_css_enable                                    /home/vladimir/src/libopencm3/lib/libopencm3_stm32f4.a(rcc.o)