Archive member included to satisfy reference by file (symbol)

/home/vladimir/src/libopencm3/lib/libopencm3_stm32f4.a(rcc.o)
                              src/init.o (rcc_clock_setup_hse_3v3)
/home/vladimir/src/libopencm3/lib/libopencm3_stm32f4.a(gpio_common_all.o)
                              src/comms.o (gpio_set)
/home/vladimir/src/libopencm3/lib/libopencm3_stm32f4.a(gpio_common_f0234.o)
                              src/init.o (gpio_mode_setup)
/home/vladimir/src/libopencm3/lib/libopencm3_stm32f4.a(flash_common_f234.o)
                              /home/vladimir/src/libopencm3/lib/libopencm3_stm32f4.a(rcc.o) (flash_set_ws)
/home/vladimir/src/libopencm3/lib/libopencm3_stm32f4.a(exti_common_all.o)
                              src/init.o (exti_set_trigger)
/home/vladimir/src/libopencm3/lib/libopencm3_stm32f4.a(rcc_common_all.o)
                              src/init.o (rcc_periph_clock_enable)
/home/vladimir/src/libopencm3/lib/libopencm3_stm32f4.a(spi_common_all.o)
                              src/init.o (spi_reset)
/home/vladimir/src/libopencm3/lib/libopencm3_stm32f4.a(spi_common_v1.o)
                              src/init.o (spi_set_dff_8bit)
/home/vladimir/src/libopencm3/lib/libopencm3_stm32f4.a(usb.o)
                              src/usb.o (usbd_init)
/home/vladimir/src/libopencm3/lib/libopencm3_stm32f4.a(usb_standard.o)
                              src/usb.o (usbd_register_set_config_callback)
/home/vladimir/src/libopencm3/lib/libopencm3_stm32f4.a(usb_control.o)
                              src/usb.o (usbd_register_control_callback)
/home/vladimir/src/libopencm3/lib/libopencm3_stm32f4.a(usb_f107.o)
                              src/usb.o (stm32f107_usb_driver)
/home/vladimir/src/libopencm3/lib/libopencm3_stm32f4.a(vector.o)
                              (reset_handler)
/home/vladimir/src/libopencm3/lib/libopencm3_stm32f4.a(nvic.o)
                              src/init.o (nvic_enable_irq)
/home/vladimir/src/libopencm3/lib/libopencm3_stm32f4.a(dwt.o)
                              src/init.o (dwt_enable_cycle_counter)
/home/vladimir/src/libopencm3/lib/libopencm3_stm32f4.a(pwr.o)
                              /home/vladimir/src/libopencm3/lib/libopencm3_stm32f4.a(rcc.o) (pwr_set_vos_scale)
/home/vladimir/src/libopencm3/lib/libopencm3_stm32f4.a(usb_dwc_common.o)
                              /home/vladimir/src/libopencm3/lib/libopencm3_stm32f4.a(usb_f107.o) (dwc_set_address)
/opt/Atollic_TrueSTUDIO_for_STM32_x86_64_9.0.1/ARMTools/bin/../lib/gcc/arm-atollic-eabi/6.3.1/../../../../arm-atollic-eabi/lib/armv7e-m/fpu/libc_nano.a(lib_a-memcpy-stub.o)
                              /home/vladimir/src/libopencm3/lib/libopencm3_stm32f4.a(usb_standard.o) (memcpy)
/opt/Atollic_TrueSTUDIO_for_STM32_x86_64_9.0.1/ARMTools/bin/../lib/gcc/arm-atollic-eabi/6.3.1/../../../../arm-atollic-eabi/lib/armv7e-m/fpu/libc_nano.a(lib_a-memset.o)
                              src/comms.o (memset)
/opt/Atollic_TrueSTUDIO_for_STM32_x86_64_9.0.1/ARMTools/bin/../lib/gcc/arm-atollic-eabi/6.3.1/../../../../arm-atollic-eabi/lib/armv7e-m/fpu/libc_nano.a(lib_a-strlen.o)
                              /home/vladimir/src/libopencm3/lib/libopencm3_stm32f4.a(usb_standard.o) (strlen)

Allocating common symbols
Common symbol       size              file

params              0x4               src/comms.o
simq                0x8c              src/comms.o
usb                 0x4               src/comms.o
buf                 0x20              src/mpu9250.o
usbd_control_buffer
                    0x80              src/usb.o
g_spi               0x4               src/mpu9250.o

Discarded input sections

 .text          0x0000000000000000        0x0 src/comms.o
 .data          0x0000000000000000        0x0 src/comms.o
 .bss           0x0000000000000000        0x0 src/comms.o
 .text.push     0x0000000000000000       0x50 src/comms.o
 .text.pop      0x0000000000000000       0x4c src/comms.o
 .bss.cnt       0x0000000000000000        0x8 src/comms.o
 .text          0x0000000000000000        0x0 src/init.o
 .data          0x0000000000000000        0x0 src/init.o
 .bss           0x0000000000000000        0x0 src/init.o
 .text          0x0000000000000000        0x0 src/main.o
 .data          0x0000000000000000        0x0 src/main.o
 .bss           0x0000000000000000        0x0 src/main.o
 .text          0x0000000000000000        0x0 src/mpu9250.o
 .data          0x0000000000000000        0x0 src/mpu9250.o
 .bss           0x0000000000000000        0x0 src/mpu9250.o
 .text.mpu_sendusb
                0x0000000000000000       0x54 src/mpu9250.o
 .text.mpu_reset_fifo
                0x0000000000000000       0x6c src/mpu9250.o
 .text.mpu_count
                0x0000000000000000        0x8 src/mpu9250.o
 .text          0x0000000000000000        0x0 src/spi.o
 .data          0x0000000000000000        0x0 src/spi.o
 .bss           0x0000000000000000        0x0 src/spi.o
 .text.spi_write_reg
                0x0000000000000000       0x2c src/spi.o
[...]
Memory Configuration

Name             Origin             Length             Attributes
ram              0x0000000020000000 0x0000000000020000 xrw
rom              0x0000000008000000 0x0000000000100000 xr
ccm              0x0000000010000000 0x0000000000010000 xrw
*default*        0x0000000000000000 0xffffffffffffffff

Linker script and memory map

LOAD src/comms.o
LOAD src/init.o
LOAD src/main.o
LOAD src/mpu9250.o
LOAD src/spi.o
LOAD src/usb.o
LOAD src/util.o
LOAD /home/vladimir/src/libopencm3/lib/libopencm3_stm32f4.a
                0x0000000000000080                malloc_getpagesize_P = 0x80
START GROUP
LOAD /opt/Atollic_TrueSTUDIO_for_STM32_x86_64_9.0.1/ARMTools/bin/../lib/gcc/arm-atollic-eabi/6.3.1/../../../../arm-atollic-eabi/lib/armv7e-m/fpu/libc_nano.a
LOAD /opt/Atollic_TrueSTUDIO_for_STM32_x86_64_9.0.1/ARMTools/bin/../lib/gcc/arm-atollic-eabi/6.3.1/../../../../arm-atollic-eabi/lib/armv7e-m/fpu/libm.a
END GROUP
START GROUP
LOAD /opt/Atollic_TrueSTUDIO_for_STM32_x86_64_9.0.1/ARMTools/bin/../lib/gcc/arm-atollic-eabi/6.3.1/armv7e-m/fpu/libgcc.a
LOAD /opt/Atollic_TrueSTUDIO_for_STM32_x86_64_9.0.1/ARMTools/bin/../lib/gcc/arm-atollic-eabi/6.3.1/../../../../arm-atollic-eabi/lib/armv7e-m/fpu/libc_nano.a
END GROUP
START GROUP
LOAD /opt/Atollic_TrueSTUDIO_for_STM32_x86_64_9.0.1/ARMTools/bin/../lib/gcc/arm-atollic-eabi/6.3.1/armv7e-m/fpu/libgcc.a
LOAD /opt/Atollic_TrueSTUDIO_for_STM32_x86_64_9.0.1/ARMTools/bin/../lib/gcc/arm-atollic-eabi/6.3.1/../../../../arm-atollic-eabi/lib/armv7e-m/fpu/libc_nano.a
LOAD /opt/Atollic_TrueSTUDIO_for_STM32_x86_64_9.0.1/ARMTools/bin/../lib/gcc/arm-atollic-eabi/6.3.1/../../../../arm-atollic-eabi/lib/armv7e-m/fpu/libnosys.a
END GROUP
START GROUP
LOAD /opt/Atollic_TrueSTUDIO_for_STM32_x86_64_9.0.1/ARMTools/bin/../lib/gcc/arm-atollic-eabi/6.3.1/armv7e-m/fpu/libgcc.a
LOAD /opt/Atollic_TrueSTUDIO_for_STM32_x86_64_9.0.1/ARMTools/bin/../lib/gcc/arm-atollic-eabi/6.3.1/../../../../arm-atollic-eabi/lib/armv7e-m/fpu/libc_nano.a
LOAD /opt/Atollic_TrueSTUDIO_for_STM32_x86_64_9.0.1/ARMTools/bin/../lib/gcc/arm-atollic-eabi/6.3.1/../../../../arm-atollic-eabi/lib/armv7e-m/fpu/libnosys.a
END GROUP

.text           0x0000000008000000     0x2080
 *(.vectors)
 .vectors       0x0000000008000000      0x1ac /home/vladimir/src/libopencm3/lib/libopencm3_stm32f4.a(vector.o)
                0x0000000008000000                vector_table
 *(.text*)
 .text.comms_init
                0x00000000080001ac       0x14 src/comms.o
                0x00000000080001ac                comms_init
 .text.exti4_isr
                0x00000000080001c0       0x2c src/comms.o
                0x00000000080001c0                exti4_isr
 .text.comms_new_sample
                0x00000000080001ec       0x50 src/comms.o
                0x00000000080001ec                comms_new_sample
 .text.tx_callback
                0x000000000800023c       0xa0 src/comms.o
                0x000000000800023c                tx_callback
 .text.hid_control_request_class
                0x00000000080002dc       0x68 src/comms.o
                0x00000000080002dc                hid_control_request_class
 .text.led_setup
                0x0000000008000344       0x20 src/init.o
                0x0000000008000344                led_setup
 .text.spi_setup
                0x0000000008000364       0x98 src/init.o
                0x0000000008000364                spi_setup
 .text.clk_setup
                0x00000000080003fc       0x24 src/init.o
                0x00000000080003fc                clk_setup
 .text.exti_setup
                0x0000000008000420       0x44 src/init.o
                0x0000000008000420                exti_setup
 .text.startup.main
                0x0000000008000464       0x34 src/main.o
                0x0000000008000464                main
 .text.mpu_init
                0x0000000008000498       0xe0 src/mpu9250.o
                0x0000000008000498                mpu_init
 .text.mpu_start
                0x0000000008000578       0x48 src/mpu9250.o
                0x0000000008000578                mpu_start
 .text.mpu_getsample
                0x00000000080005c0      0x170 src/mpu9250.o
                0x00000000080005c0                mpu_getsample
 .text.spi_read_reg
                0x0000000008000730       0x30 src/spi.o
                0x0000000008000730                spi_read_reg
 .text.spi_read_reg_d
                0x0000000008000760       0x34 src/spi.o
                0x0000000008000760                spi_read_reg_d
 .text.spi_write_reg_d
                0x0000000008000794       0x34 src/spi.o
                0x0000000008000794                spi_write_reg_d
 .text.spi_read_reg16
                0x00000000080007c8       0x3c src/spi.o
                0x00000000080007c8                spi_read_reg16
 .text.spi_read_reg_burst
                0x0000000008000804       0x40 src/spi.o
                0x0000000008000804                spi_read_reg_burst
 .text.spi_modeFast
                0x0000000008000844        0x8 src/spi.o
                0x0000000008000844                spi_modeFast
 .text.spi_modeSlow
                0x000000000800084c        0x8 src/spi.o
                0x000000000800084c                spi_modeSlow
 .text.spi_delay
                0x0000000008000854        0x8 src/spi.o
                0x0000000008000854                spi_delay
 .text.hid_set_config
                0x000000000800085c       0x50 src/usb.o
 .text.hid_control_request
                0x00000000080008ac       0x28 src/usb.o
 .text.usb_init
                0x00000000080008d4       0x78 src/usb.o
                0x00000000080008d4                usb_init
 .text.delayUS_DWT
                0x000000000800094c       0x38 src/util.o
                0x000000000800094c                delayUS_DWT
 .text.delayMS_DWT
                0x0000000008000984       0x44 src/util.o
                0x0000000008000984                delayMS_DWT
 .text.rcc_is_osc_ready
                0x00000000080009c8       0x5c /home/vladimir/src/libopencm3/lib/libopencm3_stm32f4.a(rcc.o)
                0x00000000080009c8                rcc_is_osc_ready
 .text.rcc_wait_for_osc_ready
                0x0000000008000a24       0x10 /home/vladimir/src/libopencm3/lib/libopencm3_stm32f4.a(rcc.o)
                0x0000000008000a24                rcc_wait_for_osc_ready
 .text.rcc_osc_on
                0x0000000008000a34       0x58 /home/vladimir/src/libopencm3/lib/libopencm3_stm32f4.a(rcc.o)
                0x0000000008000a34                rcc_osc_on
 .text.rcc_osc_off
                0x0000000008000a8c       0x58 /home/vladimir/src/libopencm3/lib/libopencm3_stm32f4.a(rcc.o)
                0x0000000008000a8c                rcc_osc_off
 .text.rcc_set_sysclk_source
                0x0000000008000ae4       0x14 /home/vladimir/src/libopencm3/lib/libopencm3_stm32f4.a(rcc.o)
                0x0000000008000ae4                rcc_set_sysclk_source
 .text.rcc_set_ppre2
                0x0000000008000af8       0x14 /home/vladimir/src/libopencm3/lib/libopencm3_stm32f4.a(rcc.o)
                0x0000000008000af8                rcc_set_ppre2
 .text.rcc_set_ppre1
                0x0000000008000b0c       0x14 /home/vladimir/src/libopencm3/lib/libopencm3_stm32f4.a(rcc.o)
                0x0000000008000b0c                rcc_set_ppre1
 .text.rcc_set_hpre
                0x0000000008000b20       0x14 /home/vladimir/src/libopencm3/lib/libopencm3_stm32f4.a(rcc.o)
                0x0000000008000b20                rcc_set_hpre
 .text.rcc_set_main_pll_hse
                0x0000000008000b34       0x44 /home/vladimir/src/libopencm3/lib/libopencm3_stm32f4.a(rcc.o)
                0x0000000008000b34                rcc_set_main_pll_hse
 .text.rcc_clock_setup_hse_3v3
                0x0000000008000b78       0xac /home/vladimir/src/libopencm3/lib/libopencm3_stm32f4.a(rcc.o)
                0x0000000008000b78                rcc_clock_setup_hse_3v3
 .text.gpio_set
                0x0000000008000c24        0x4 /home/vladimir/src/libopencm3/lib/libopencm3_stm32f4.a(gpio_common_all.o)
                0x0000000008000c24                gpio_set
 .text.gpio_clear
                0x0000000008000c28        0x6 /home/vladimir/src/libopencm3/lib/libopencm3_stm32f4.a(gpio_common_all.o)
                0x0000000008000c28                gpio_clear
 .text.gpio_toggle
                0x0000000008000c2e       0x12 /home/vladimir/src/libopencm3/lib/libopencm3_stm32f4.a(gpio_common_all.o)
                0x0000000008000c2e                gpio_toggle
 .text.gpio_mode_setup
                0x0000000008000c40       0x44 /home/vladimir/src/libopencm3/lib/libopencm3_stm32f4.a(gpio_common_f0234.o)
                0x0000000008000c40                gpio_mode_setup
 .text.gpio_set_af
                0x0000000008000c84       0x58 /home/vladimir/src/libopencm3/lib/libopencm3_stm32f4.a(gpio_common_f0234.o)
                0x0000000008000c84                gpio_set_af
 .text.flash_set_ws
                0x0000000008000cdc       0x14 /home/vladimir/src/libopencm3/lib/libopencm3_stm32f4.a(flash_common_f234.o)
                0x0000000008000cdc                flash_set_ws
 .text.exti_set_trigger
                0x0000000008000cf0       0x3c /home/vladimir/src/libopencm3/lib/libopencm3_stm32f4.a(exti_common_all.o)
                0x0000000008000cf0                exti_set_trigger
 .text.exti_enable_request
                0x0000000008000d2c       0x14 /home/vladimir/src/libopencm3/lib/libopencm3_stm32f4.a(exti_common_all.o)
                0x0000000008000d2c                exti_enable_request
 .text.exti_reset_request
                0x0000000008000d40        0xc /home/vladimir/src/libopencm3/lib/libopencm3_stm32f4.a(exti_common_all.o)
                0x0000000008000d40                exti_reset_request
 .text.exti_select_source
                0x0000000008000d4c       0xd8 /home/vladimir/src/libopencm3/lib/libopencm3_stm32f4.a(exti_common_all.o)
                0x0000000008000d4c                exti_select_source
 .text.rcc_periph_clock_enable
                0x0000000008000e24       0x1a /home/vladimir/src/libopencm3/lib/libopencm3_stm32f4.a(rcc_common_all.o)
                0x0000000008000e24                rcc_periph_clock_enable
 .text.rcc_periph_reset_pulse
                0x0000000008000e3e       0x22 /home/vladimir/src/libopencm3/lib/libopencm3_stm32f4.a(rcc_common_all.o)
                0x0000000008000e3e                rcc_periph_reset_pulse
 .text.spi_reset
                0x0000000008000e60       0x60 /home/vladimir/src/libopencm3/lib/libopencm3_stm32f4.a(spi_common_all.o)
                0x0000000008000e60                spi_reset
 .text.spi_enable
                0x0000000008000ec0        0xa /home/vladimir/src/libopencm3/lib/libopencm3_stm32f4.a(spi_common_all.o)
                0x0000000008000ec0                spi_enable
 .text.spi_xfer
                0x0000000008000eca        0xe /home/vladimir/src/libopencm3/lib/libopencm3_stm32f4.a(spi_common_all.o)
                0x0000000008000eca                spi_xfer
 .text.spi_set_unidirectional_mode
                0x0000000008000ed8        0xa /home/vladimir/src/libopencm3/lib/libopencm3_stm32f4.a(spi_common_all.o)
                0x0000000008000ed8                spi_set_unidirectional_mode
 .text.spi_set_full_duplex_mode
                0x0000000008000ee2        0xa /home/vladimir/src/libopencm3/lib/libopencm3_stm32f4.a(spi_common_all.o)
                0x0000000008000ee2                spi_set_full_duplex_mode
 .text.spi_enable_software_slave_management
                0x0000000008000eec       0x12 /home/vladimir/src/libopencm3/lib/libopencm3_stm32f4.a(spi_common_all.o)
                0x0000000008000eec                spi_enable_software_slave_management
 .text.spi_set_nss_high
                0x0000000008000efe        0xa /home/vladimir/src/libopencm3/lib/libopencm3_stm32f4.a(spi_common_all.o)
                0x0000000008000efe                spi_set_nss_high
 .text.spi_send_msb_first
                0x0000000008000f08        0xa /home/vladimir/src/libopencm3/lib/libopencm3_stm32f4.a(spi_common_all.o)
                0x0000000008000f08                spi_send_msb_first
 .text.spi_set_baudrate_prescaler
                0x0000000008000f12       0x16 /home/vladimir/src/libopencm3/lib/libopencm3_stm32f4.a(spi_common_all.o)
                0x0000000008000f12                spi_set_baudrate_prescaler
 .text.spi_set_master_mode
                0x0000000008000f28        0xa /home/vladimir/src/libopencm3/lib/libopencm3_stm32f4.a(spi_common_all.o)
                0x0000000008000f28                spi_set_master_mode
 .text.spi_set_clock_polarity_1
                0x0000000008000f32        0xa /home/vladimir/src/libopencm3/lib/libopencm3_stm32f4.a(spi_common_all.o)
                0x0000000008000f32                spi_set_clock_polarity_1
 .text.spi_set_clock_phase_1
                0x0000000008000f3c        0xa /home/vladimir/src/libopencm3/lib/libopencm3_stm32f4.a(spi_common_all.o)
                0x0000000008000f3c                spi_set_clock_phase_1
 .text.spi_set_dff_8bit
                0x0000000008000f46        0xa /home/vladimir/src/libopencm3/lib/libopencm3_stm32f4.a(spi_common_v1.o)
                0x0000000008000f46                spi_set_dff_8bit
 .text.usbd_init
                0x0000000008000f50       0x50 /home/vladimir/src/libopencm3/lib/libopencm3_stm32f4.a(usb.o)
                0x0000000008000f50                usbd_init
 .text.usbd_poll
                0x0000000008000fa0        0x8 /home/vladimir/src/libopencm3/lib/libopencm3_stm32f4.a(usb.o)
                0x0000000008000fa0                usbd_poll
 .text.usbd_ep_setup
                0x0000000008000fa8       0x10 /home/vladimir/src/libopencm3/lib/libopencm3_stm32f4.a(usb.o)
                0x0000000008000fa8                usbd_ep_setup
 .text._usbd_reset
                0x0000000008000fb8       0x32 /home/vladimir/src/libopencm3/lib/libopencm3_stm32f4.a(usb.o)
                0x0000000008000fb8                _usbd_reset
 .text.usbd_ep_write_packet
                0x0000000008000fea       0x10 /home/vladimir/src/libopencm3/lib/libopencm3_stm32f4.a(usb.o)
                0x0000000008000fea                usbd_ep_write_packet
 .text.usbd_ep_read_packet
                0x0000000008000ffa       0x10 /home/vladimir/src/libopencm3/lib/libopencm3_stm32f4.a(usb.o)
                0x0000000008000ffa                usbd_ep_read_packet
 .text.usbd_ep_stall_set
                0x000000000800100a        0x8 /home/vladimir/src/libopencm3/lib/libopencm3_stm32f4.a(usb.o)
                0x000000000800100a                usbd_ep_stall_set
 .text.usbd_ep_stall_get
                0x0000000008001012        0x8 /home/vladimir/src/libopencm3/lib/libopencm3_stm32f4.a(usb.o)
                0x0000000008001012                usbd_ep_stall_get
 .text.usb_standard_set_configuration
                0x000000000800101a       0x96 /home/vladimir/src/libopencm3/lib/libopencm3_stm32f4.a(usb_standard.o)
 .text.usb_standard_get_configuration
                0x00000000080010b0       0x22 /home/vladimir/src/libopencm3/lib/libopencm3_stm32f4.a(usb_standard.o)
 .text.usb_standard_get_interface
                0x00000000080010d2       0x38 /home/vladimir/src/libopencm3/lib/libopencm3_stm32f4.a(usb_standard.o)
 .text.usb_standard_device_get_status
                0x000000000800110a       0x18 /home/vladimir/src/libopencm3/lib/libopencm3_stm32f4.a(usb_standard.o)
 .text.usb_standard_endpoint_get_status
                0x0000000008001122       0x2a /home/vladimir/src/libopencm3/lib/libopencm3_stm32f4.a(usb_standard.o)
 .text.usb_standard_endpoint_stall
                0x000000000800114c       0x10 /home/vladimir/src/libopencm3/lib/libopencm3_stm32f4.a(usb_standard.o)
 .text.usb_standard_endpoint_unstall
                0x000000000800115c       0x10 /home/vladimir/src/libopencm3/lib/libopencm3_stm32f4.a(usb_standard.o)
 .text.usb_standard_set_address
                0x000000000800116c       0x28 /home/vladimir/src/libopencm3/lib/libopencm3_stm32f4.a(usb_standard.o)
 .text.usb_standard_set_interface
                0x0000000008001194       0x52 /home/vladimir/src/libopencm3/lib/libopencm3_stm32f4.a(usb_standard.o)
 .text.usb_standard_get_descriptor
                0x00000000080011e6      0x25a /home/vladimir/src/libopencm3/lib/libopencm3_stm32f4.a(usb_standard.o)
 .text.usb_standard_interface_get_status
                0x0000000008001440       0x18 /home/vladimir/src/libopencm3/lib/libopencm3_stm32f4.a(usb_standard.o)
 .text.usbd_register_set_config_callback
                0x0000000008001458       0x24 /home/vladimir/src/libopencm3/lib/libopencm3_stm32f4.a(usb_standard.o)
                0x0000000008001458                usbd_register_set_config_callback
 .text._usbd_standard_request_device
                0x000000000800147c       0x4c /home/vladimir/src/libopencm3/lib/libopencm3_stm32f4.a(usb_standard.o)
                0x000000000800147c                _usbd_standard_request_device
 .text._usbd_standard_request_interface
                0x00000000080014c8       0x34 /home/vladimir/src/libopencm3/lib/libopencm3_stm32f4.a(usb_standard.o)
                0x00000000080014c8                _usbd_standard_request_interface
 .text._usbd_standard_request_endpoint
                0x00000000080014fc       0x40 /home/vladimir/src/libopencm3/lib/libopencm3_stm32f4.a(usb_standard.o)
                0x00000000080014fc                _usbd_standard_request_endpoint
 .text._usbd_standard_request
                0x000000000800153c       0x38 /home/vladimir/src/libopencm3/lib/libopencm3_stm32f4.a(usb_standard.o)
                0x000000000800153c                _usbd_standard_request
 .text.stall_transaction
                0x0000000008001574       0x14 /home/vladimir/src/libopencm3/lib/libopencm3_stm32f4.a(usb_control.o)
 .text.usb_control_recv_chunk
                0x0000000008001588       0x3c /home/vladimir/src/libopencm3/lib/libopencm3_stm32f4.a(usb_control.o)
 .text.usb_control_send_chunk
                0x00000000080015c4       0x52 /home/vladimir/src/libopencm3/lib/libopencm3_stm32f4.a(usb_control.o)
 .text.usb_control_request_dispatch
                0x0000000008001616       0x62 /home/vladimir/src/libopencm3/lib/libopencm3_stm32f4.a(usb_control.o)
 .text.usb_control_setup_read
                0x0000000008001678       0x6a /home/vladimir/src/libopencm3/lib/libopencm3_stm32f4.a(usb_control.o)
 .text.usbd_register_control_callback
                0x00000000080016e2       0x26 /home/vladimir/src/libopencm3/lib/libopencm3_stm32f4.a(usb_control.o)
                0x00000000080016e2                usbd_register_control_callback
 .text._usbd_control_setup
                0x0000000008001708       0x5a /home/vladimir/src/libopencm3/lib/libopencm3_stm32f4.a(usb_control.o)
                0x0000000008001708                _usbd_control_setup
 .text._usbd_control_out
                0x0000000008001762       0x82 /home/vladimir/src/libopencm3/lib/libopencm3_stm32f4.a(usb_control.o)
                0x0000000008001762                _usbd_control_out
 .text._usbd_control_in
                0x00000000080017e4       0x56 /home/vladimir/src/libopencm3/lib/libopencm3_stm32f4.a(usb_control.o)
                0x00000000080017e4                _usbd_control_in
 *fill*         0x000000000800183a        0x2 
 .text.stm32f107_usbd_init
                0x000000000800183c       0xd0 /home/vladimir/src/libopencm3/lib/libopencm3_stm32f4.a(usb_f107.o)
 .text.blocking_handler
                0x000000000800190c        0x2 /home/vladimir/src/libopencm3/lib/libopencm3_stm32f4.a(vector.o)
                0x000000000800190c                dma2_stream1_isr
                0x000000000800190c                tim8_brk_tim12_isr
                0x000000000800190c                dma1_stream7_isr
                0x000000000800190c                usart3_isr
                0x000000000800190c                tim7_isr
                0x000000000800190c                dma2d_isr
                0x000000000800190c                uart8_isr
                0x000000000800190c                dma1_stream2_isr
                0x000000000800190c                otg_hs_isr
                0x000000000800190c                blocking_handler
                0x000000000800190c                tim5_isr
                0x000000000800190c                rtc_wkup_isr
                0x000000000800190c                otg_fs_isr
                0x000000000800190c                spi1_isr
                0x000000000800190c                i2c3_er_isr
                0x000000000800190c                exti2_isr
                0x000000000800190c                spi5_isr
                0x000000000800190c                usb_fs_wkup_isr
                0x000000000800190c                tamp_stamp_isr
                0x000000000800190c                can1_rx1_isr
                0x000000000800190c                dma2_stream0_isr
                0x000000000800190c                usart1_isr
                0x000000000800190c                i2c3_ev_isr
                0x000000000800190c                usage_fault_handler
                0x000000000800190c                can2_rx0_isr
                0x000000000800190c                dma1_stream6_isr
                0x000000000800190c                can2_rx1_isr
                0x000000000800190c                can1_sce_isr
                0x000000000800190c                tim1_cc_isr
                0x000000000800190c                can1_tx_isr
                0x000000000800190c                tim1_up_tim10_isr
                0x000000000800190c                sdio_isr
                0x000000000800190c                eth_isr
                0x000000000800190c                spi6_isr
                0x000000000800190c                dma2_stream5_isr
                0x000000000800190c                pvd_isr
                0x000000000800190c                can1_rx0_isr
                0x000000000800190c                rcc_isr
                0x000000000800190c                dma2_stream3_isr
                0x000000000800190c                flash_isr
                0x000000000800190c                uart4_isr
                0x000000000800190c                lcd_tft_isr
                0x000000000800190c                rtc_alarm_isr
                0x000000000800190c                exti15_10_isr
                0x000000000800190c                hash_rng_isr
                0x000000000800190c                tim1_trg_com_tim11_isr
                0x000000000800190c                hard_fault_handler
                0x000000000800190c                exti1_isr
                0x000000000800190c                i2c1_ev_isr
                0x000000000800190c                usart6_isr
                0x000000000800190c                spi2_isr
                0x000000000800190c                cryp_isr
                0x000000000800190c                nvic_wwdg_isr
                0x000000000800190c                dma1_stream1_isr
                0x000000000800190c                dma2_stream4_isr
                0x000000000800190c                exti3_isr
                0x000000000800190c                tim3_isr
                0x000000000800190c                usart2_isr
                0x000000000800190c                sai1_isr
                0x000000000800190c                fpu_isr
                0x000000000800190c                dma1_stream4_isr
                0x000000000800190c                i2c2_er_isr
                0x000000000800190c                i2c2_ev_isr
                0x000000000800190c                uart5_isr
                0x000000000800190c                dma2_stream6_isr
                0x000000000800190c                spi4_isr
                0x000000000800190c                adc_isr
                0x000000000800190c                dma2_stream7_isr
                0x000000000800190c                tim8_up_tim13_isr
                0x000000000800190c                fsmc_isr
                0x000000000800190c                tim6_dac_isr
                0x000000000800190c                dma1_stream3_isr
                0x000000000800190c                tim8_trg_com_tim14_isr
                0x000000000800190c                mem_manage_handler
                0x000000000800190c                lcd_tft_err_isr
                0x000000000800190c                can2_tx_isr
                0x000000000800190c                exti9_5_isr
                0x000000000800190c                tim1_brk_tim9_isr
                0x000000000800190c                uart7_isr
                0x000000000800190c                can2_sce_isr
                0x000000000800190c                tim4_isr
                0x000000000800190c                otg_hs_wkup_isr
                0x000000000800190c                i2c1_er_isr
                0x000000000800190c                dma1_stream0_isr
                0x000000000800190c                tim8_cc_isr
                0x000000000800190c                dcmi_isr
                0x000000000800190c                dma2_stream2_isr
                0x000000000800190c                eth_wkup_isr
                0x000000000800190c                bus_fault_handler
                0x000000000800190c                otg_hs_ep1_out_isr
                0x000000000800190c                spi3_isr
                0x000000000800190c                dma1_stream5_isr
                0x000000000800190c                otg_hs_ep1_in_isr
                0x000000000800190c                tim2_isr
                0x000000000800190c                exti0_isr
 .text.null_handler
                0x000000000800190e        0x2 /home/vladimir/src/libopencm3/lib/libopencm3_stm32f4.a(vector.o)
                0x000000000800190e                null_handler
                0x000000000800190e                sv_call_handler
                0x000000000800190e                pend_sv_handler
                0x000000000800190e                debug_monitor_handler
                0x000000000800190e                sys_tick_handler
                0x000000000800190e                nmi_handler
 .text.reset_handler
                0x0000000008001910       0x98 /home/vladimir/src/libopencm3/lib/libopencm3_stm32f4.a(vector.o)
                0x0000000008001910                reset_handler
 .text.nvic_enable_irq
                0x00000000080019a8       0x1c /home/vladimir/src/libopencm3/lib/libopencm3_stm32f4.a(nvic.o)
                0x00000000080019a8                nvic_enable_irq
 .text.dwt_enable_cycle_counter
                0x00000000080019c4       0x34 /home/vladimir/src/libopencm3/lib/libopencm3_stm32f4.a(dwt.o)
                0x00000000080019c4                dwt_enable_cycle_counter
 .text.dwt_read_cycle_counter
                0x00000000080019f8       0x14 /home/vladimir/src/libopencm3/lib/libopencm3_stm32f4.a(dwt.o)
                0x00000000080019f8                dwt_read_cycle_counter
 .text.pwr_set_vos_scale
                0x0000000008001a0c       0x20 /home/vladimir/src/libopencm3/lib/libopencm3_stm32f4.a(pwr.o)
                0x0000000008001a0c                pwr_set_vos_scale
 .text.dwc_set_address
                0x0000000008001a2c       0x18 /home/vladimir/src/libopencm3/lib/libopencm3_stm32f4.a(usb_dwc_common.o)
                0x0000000008001a2c                dwc_set_address
 .text.dwc_ep_setup
                0x0000000008001a44      0x130 /home/vladimir/src/libopencm3/lib/libopencm3_stm32f4.a(usb_dwc_common.o)
                0x0000000008001a44                dwc_ep_setup
 .text.dwc_endpoints_reset
                0x0000000008001b74       0x4c /home/vladimir/src/libopencm3/lib/libopencm3_stm32f4.a(usb_dwc_common.o)
                0x0000000008001b74                dwc_endpoints_reset
 .text.dwc_ep_stall_set
                0x0000000008001bc0       0x4e /home/vladimir/src/libopencm3/lib/libopencm3_stm32f4.a(usb_dwc_common.o)
                0x0000000008001bc0                dwc_ep_stall_set
 .text.dwc_ep_stall_get
                0x0000000008001c0e       0x1c /home/vladimir/src/libopencm3/lib/libopencm3_stm32f4.a(usb_dwc_common.o)
                0x0000000008001c0e                dwc_ep_stall_get
 .text.dwc_ep_nak_set
                0x0000000008001c2a       0x28 /home/vladimir/src/libopencm3/lib/libopencm3_stm32f4.a(usb_dwc_common.o)
                0x0000000008001c2a                dwc_ep_nak_set
 .text.dwc_ep_write_packet
                0x0000000008001c52       0x4a /home/vladimir/src/libopencm3/lib/libopencm3_stm32f4.a(usb_dwc_common.o)
                0x0000000008001c52                dwc_ep_write_packet
 .text.dwc_ep_read_packet
                0x0000000008001c9c       0x70 /home/vladimir/src/libopencm3/lib/libopencm3_stm32f4.a(usb_dwc_common.o)
                0x0000000008001c9c                dwc_ep_read_packet
 .text.dwc_poll
                0x0000000008001d0c      0x1c0 /home/vladimir/src/libopencm3/lib/libopencm3_stm32f4.a(usb_dwc_common.o)
                0x0000000008001d0c                dwc_poll
 .text.dwc_disconnect
                0x0000000008001ecc       0x1c /home/vladimir/src/libopencm3/lib/libopencm3_stm32f4.a(usb_dwc_common.o)
                0x0000000008001ecc                dwc_disconnect
 .text.memcpy   0x0000000008001ee8       0x16 /opt/Atollic_TrueSTUDIO_for_STM32_x86_64_9.0.1/ARMTools/bin/../lib/gcc/arm-atollic-eabi/6.3.1/../../../../arm-atollic-eabi/lib/armv7e-m/fpu/libc_nano.a(lib_a-memcpy-stub.o)
                0x0000000008001ee8                memcpy
 .text.memset   0x0000000008001efe       0x10 /opt/Atollic_TrueSTUDIO_for_STM32_x86_64_9.0.1/ARMTools/bin/../lib/gcc/arm-atollic-eabi/6.3.1/../../../../arm-atollic-eabi/lib/armv7e-m/fpu/libc_nano.a(lib_a-memset.o)
                0x0000000008001efe                memset
 .text          0x0000000008001f0e       0x10 /opt/Atollic_TrueSTUDIO_for_STM32_x86_64_9.0.1/ARMTools/bin/../lib/gcc/arm-atollic-eabi/6.3.1/../../../../arm-atollic-eabi/lib/armv7e-m/fpu/libc_nano.a(lib_a-strlen.o)
                0x0000000008001f0e                strlen
                0x0000000008001f20                . = ALIGN (0x4)
 *fill*         0x0000000008001f1e        0x2 
 *(.rodata*)
 .rodata.config
                0x0000000008001f20        0xd src/usb.o
                0x0000000008001f20                config
 *fill*         0x0000000008001f2d        0x3 
 .rodata.dev_descr
                0x0000000008001f30       0x12 src/usb.o
                0x0000000008001f30                dev_descr
 *fill*         0x0000000008001f42        0x2 
 .rodata.hid_endpoint
                0x0000000008001f44        0xf src/usb.o
                0x0000000008001f44                hid_endpoint
 *fill*         0x0000000008001f53        0x1 
 .rodata.hid_function
                0x0000000008001f54        0x9 src/usb.o
 *fill*         0x0000000008001f5d        0x3 
 .rodata.hid_iface
                0x0000000008001f60       0x15 src/usb.o
                0x0000000008001f60                hid_iface
 *fill*         0x0000000008001f75        0x3 
 .rodata.hid_report_descriptor
                0x0000000008001f78       0x24 src/usb.o
 .rodata.ifaces
                0x0000000008001f9c       0x10 src/usb.o
                0x0000000008001f9c                ifaces
 .rodata.str1.4
                0x0000000008001fac       0x30 src/usb.o
                                         0x2d (size before relaxing)
 .rodata.rcc_hse_8mhz_3v3
                0x0000000008001fdc       0x70 /home/vladimir/src/libopencm3/lib/libopencm3_stm32f4.a(rcc.o)
                0x0000000008001fdc                rcc_hse_8mhz_3v3
 .rodata.stm32f107_usb_driver
                0x000000000800204c       0x34 /home/vladimir/src/libopencm3/lib/libopencm3_stm32f4.a(usb_f107.o)
                0x000000000800204c                stm32f107_usb_driver
                0x0000000008002080                . = ALIGN (0x4)

.glue_7         0x0000000008002080        0x0
 .glue_7        0x0000000008002080        0x0 linker stubs

.glue_7t        0x0000000008002080        0x0
 .glue_7t       0x0000000008002080        0x0 linker stubs

.vfp11_veneer   0x0000000008002080        0x0
 .vfp11_veneer  0x0000000008002080        0x0 linker stubs

.v4_bx          0x0000000008002080        0x0
 .v4_bx         0x0000000008002080        0x0 linker stubs

.iplt           0x0000000008002080        0x0
 .iplt          0x0000000008002080        0x0 src/comms.o

.rel.dyn        0x0000000008002080        0x0
 .rel.iplt      0x0000000008002080        0x0 src/comms.o

.preinit_array  0x0000000008002080        0x0
                0x0000000008002080                . = ALIGN (0x4)
                0x0000000008002080                __preinit_array_start = .
 *(.preinit_array)
                0x0000000008002080                __preinit_array_end = .

.init_array     0x0000000008002080        0x0
                0x0000000008002080                . = ALIGN (0x4)
                0x0000000008002080                __init_array_start = .
 *(SORT(.init_array.*))
 *(.init_array)
                0x0000000008002080                __init_array_end = .

.fini_array     0x0000000008002080        0x0
                0x0000000008002080                . = ALIGN (0x4)
                0x0000000008002080                __fini_array_start = .
 *(.fini_array)
 *(SORT(.fini_array.*))
                0x0000000008002080                __fini_array_end = .

.ARM.extab
 *(.ARM.extab*)

.ARM.exidx      0x0000000008002080        0x0
                0x0000000008002080                __exidx_start = .
 *(.ARM.exidx*)
                0x0000000008002080                __exidx_end = .
                0x0000000008002080                . = ALIGN (0x4)
                0x0000000008002080                _etext = .

.data           0x0000000020000000       0x28 load address 0x0000000008002080
                0x0000000020000000                _data = .
 *(.data*)
 .data.SystemCoreClock
                0x0000000020000000        0x4 src/init.o
                0x0000000020000000                SystemCoreClock
 .data.spi_hnd  0x0000000020000004        0xc src/main.o
                0x0000000020000004                spi_hnd
 .data.usb_strings
                0x0000000020000010        0xc src/usb.o
 .data.rcc_ahb_frequency
                0x000000002000001c        0x4 /home/vladimir/src/libopencm3/lib/libopencm3_stm32f4.a(rcc.o)
                0x000000002000001c                rcc_ahb_frequency
 .data.rcc_apb1_frequency
                0x0000000020000020        0x4 /home/vladimir/src/libopencm3/lib/libopencm3_stm32f4.a(rcc.o)
                0x0000000020000020                rcc_apb1_frequency
 .data.rcc_apb2_frequency
                0x0000000020000024        0x4 /home/vladimir/src/libopencm3/lib/libopencm3_stm32f4.a(rcc.o)
                0x0000000020000024                rcc_apb2_frequency
                0x0000000020000028                . = ALIGN (0x4)
                0x0000000020000028                _edata = .
                0x0000000008002080                _data_loadaddr = LOADADDR (.data)

.igot.plt       0x0000000020000028        0x0 load address 0x00000000080020a8
 .igot.plt      0x0000000020000028        0x0 src/comms.o

.bss            0x0000000020000028      0x258 load address 0x00000000080020a8
 *(.bss*)
 .bss.localbuf.7149
                0x0000000020000028       0x20 src/comms.o
 .bss.usbd_dev  0x0000000020000048        0x4 src/usb.o
 .bss.usbd_dev  0x000000002000004c       0xfc /home/vladimir/src/libopencm3/lib/libopencm3_stm32f4.a(usb_f107.o)
 *(COMMON)
 COMMON         0x0000000020000148       0x94 src/comms.o
                0x0000000020000148                params
                0x000000002000014c                simq
                0x00000000200001d8                usb
 COMMON         0x00000000200001dc       0x24 src/mpu9250.o
                0x00000000200001dc                buf
                0x00000000200001fc                g_spi
 COMMON         0x0000000020000200       0x80 src/usb.o
                0x0000000020000200                usbd_control_buffer
                0x0000000020000280                . = ALIGN (0x4)
                0x0000000020000280                _ebss = .

.ccm            0x0000000010000000        0x0
 *(.ccmram*)
                0x0000000010000000                . = ALIGN (0x4)

/DISCARD/
 *(.eh_frame)
                0x0000000010000000                . = ALIGN (0x4)
                0x0000000010000000                end = .
                0x0000000020020000                PROVIDE (_stack, (ORIGIN (ram) + LENGTH (ram)))
OUTPUT(cm3test.elf elf32-littlearm)

.comment        0x0000000000000000       0xee
 .comment       0x0000000000000000       0x7c src/comms.o
                                         0x7d (size before relaxing)
 .comment       0x000000000000007c       0x7d src/init.o
 .comment       0x000000000000007c       0x7d src/main.o
 .comment       0x000000000000007c       0x7d src/mpu9250.o
 .comment       0x000000000000007c       0x7d src/spi.o
 .comment       0x000000000000007c       0x7d src/usb.o
 .comment       0x000000000000007c       0x7d src/util.o
 .comment       0x000000000000007c       0x72 /home/vladimir/src/libopencm3/lib/libopencm3_stm32f4.a(rcc.o)
                                         0x73 (size before relaxing)
 .comment       0x00000000000000ee       0x73 /home/vladimir/src/libopencm3/lib/libopencm3_stm32f4.a(gpio_common_all.o)
 .comment       0x00000000000000ee       0x73 /home/vladimir/src/libopencm3/lib/libopencm3_stm32f4.a(gpio_common_f0234.o)
 .comment       0x00000000000000ee       0x73 /home/vladimir/src/libopencm3/lib/libopencm3_stm32f4.a(flash_common_f234.o)
 .comment       0x00000000000000ee       0x73 /home/vladimir/src/libopencm3/lib/libopencm3_stm32f4.a(exti_common_all.o)
 .comment       0x00000000000000ee       0x73 /home/vladimir/src/libopencm3/lib/libopencm3_stm32f4.a(rcc_common_all.o)
 .comment       0x00000000000000ee       0x73 /home/vladimir/src/libopencm3/lib/libopencm3_stm32f4.a(spi_common_all.o)
 .comment       0x00000000000000ee       0x73 /home/vladimir/src/libopencm3/lib/libopencm3_stm32f4.a(spi_common_v1.o)
 .comment       0x00000000000000ee       0x73 /home/vladimir/src/libopencm3/lib/libopencm3_stm32f4.a(usb.o)
 .comment       0x00000000000000ee       0x73 /home/vladimir/src/libopencm3/lib/libopencm3_stm32f4.a(usb_standard.o)
 .comment       0x00000000000000ee       0x73 /home/vladimir/src/libopencm3/lib/libopencm3_stm32f4.a(usb_control.o)
 .comment       0x00000000000000ee       0x73 /home/vladimir/src/libopencm3/lib/libopencm3_stm32f4.a(usb_f107.o)
 .comment       0x00000000000000ee       0x73 /home/vladimir/src/libopencm3/lib/libopencm3_stm32f4.a(vector.o)
 .comment       0x00000000000000ee       0x73 /home/vladimir/src/libopencm3/lib/libopencm3_stm32f4.a(nvic.o)
 .comment       0x00000000000000ee       0x73 /home/vladimir/src/libopencm3/lib/libopencm3_stm32f4.a(dwt.o)
 .comment       0x00000000000000ee       0x73 /home/vladimir/src/libopencm3/lib/libopencm3_stm32f4.a(pwr.o)
 .comment       0x00000000000000ee       0x73 /home/vladimir/src/libopencm3/lib/libopencm3_stm32f4.a(usb_dwc_common.o)

.ARM.attributes
                0x0000000000000000       0x37
 .ARM.attributes
                0x0000000000000000       0x35 src/comms.o
 .ARM.attributes
                0x0000000000000035       0x35 src/init.o
 .ARM.attributes
                0x000000000000006a       0x35 src/main.o
 .ARM.attributes
                0x000000000000009f       0x35 src/mpu9250.o
 .ARM.attributes
                0x00000000000000d4       0x35 src/spi.o
 .ARM.attributes
                0x0000000000000109       0x35 src/usb.o
 .ARM.attributes
                0x000000000000013e       0x35 src/util.o
 .ARM.attributes
                0x0000000000000173       0x39 /home/vladimir/src/libopencm3/lib/libopencm3_stm32f4.a(rcc.o)
 .ARM.attributes
                0x00000000000001ac       0x39 /home/vladimir/src/libopencm3/lib/libopencm3_stm32f4.a(gpio_common_all.o)
 .ARM.attributes
                0x00000000000001e5       0x39 /home/vladimir/src/libopencm3/lib/libopencm3_stm32f4.a(gpio_common_f0234.o)
 .ARM.attributes
                0x000000000000021e       0x39 /home/vladimir/src/libopencm3/lib/libopencm3_stm32f4.a(flash_common_f234.o)
 .ARM.attributes
                0x0000000000000257       0x39 /home/vladimir/src/libopencm3/lib/libopencm3_stm32f4.a(exti_common_all.o)
 .ARM.attributes
                0x0000000000000290       0x39 /home/vladimir/src/libopencm3/lib/libopencm3_stm32f4.a(rcc_common_all.o)
 .ARM.attributes
                0x00000000000002c9       0x39 /home/vladimir/src/libopencm3/lib/libopencm3_stm32f4.a(spi_common_all.o)
 .ARM.attributes
                0x0000000000000302       0x39 /home/vladimir/src/libopencm3/lib/libopencm3_stm32f4.a(spi_common_v1.o)
 .ARM.attributes
                0x000000000000033b       0x39 /home/vladimir/src/libopencm3/lib/libopencm3_stm32f4.a(usb.o)
 .ARM.attributes
                0x0000000000000374       0x39 /home/vladimir/src/libopencm3/lib/libopencm3_stm32f4.a(usb_standard.o)
 .ARM.attributes
                0x00000000000003ad       0x39 /home/vladimir/src/libopencm3/lib/libopencm3_stm32f4.a(usb_control.o)
 .ARM.attributes
                0x00000000000003e6       0x39 /home/vladimir/src/libopencm3/lib/libopencm3_stm32f4.a(usb_f107.o)
 .ARM.attributes
                0x000000000000041f       0x39 /home/vladimir/src/libopencm3/lib/libopencm3_stm32f4.a(vector.o)
 .ARM.attributes
                0x0000000000000458       0x39 /home/vladimir/src/libopencm3/lib/libopencm3_stm32f4.a(nvic.o)
 .ARM.attributes
                0x0000000000000491       0x39 /home/vladimir/src/libopencm3/lib/libopencm3_stm32f4.a(dwt.o)
 .ARM.attributes
                0x00000000000004ca       0x39 /home/vladimir/src/libopencm3/lib/libopencm3_stm32f4.a(pwr.o)
 .ARM.attributes
                0x0000000000000503       0x39 /home/vladimir/src/libopencm3/lib/libopencm3_stm32f4.a(usb_dwc_common.o)
 .ARM.attributes
                0x000000000000053c       0x34 /opt/Atollic_TrueSTUDIO_for_STM32_x86_64_9.0.1/ARMTools/bin/../lib/gcc/arm-atollic-eabi/6.3.1/../../../../arm-atollic-eabi/lib/armv7e-m/fpu/libc_nano.a(lib_a-memcpy-stub.o)
 .ARM.attributes
                0x0000000000000570       0x34 /opt/Atollic_TrueSTUDIO_for_STM32_x86_64_9.0.1/ARMTools/bin/../lib/gcc/arm-atollic-eabi/6.3.1/../../../../arm-atollic-eabi/lib/armv7e-m/fpu/libc_nano.a(lib_a-memset.o)
 .ARM.attributes
                0x00000000000005a4       0x1b /opt/Atollic_TrueSTUDIO_for_STM32_x86_64_9.0.1/ARMTools/bin/../lib/gcc/arm-atollic-eabi/6.3.1/../../../../arm-atollic-eabi/lib/armv7e-m/fpu/libc_nano.a(lib_a-strlen.o)

.debug_info     0x0000000000000000     0xa5f2
 .debug_info    0x0000000000000000      0x952 /home/vladimir/src/libopencm3/lib/libopencm3_stm32f4.a(rcc.o)
 .debug_info    0x0000000000000952      0x22c /home/vladimir/src/libopencm3/lib/libopencm3_stm32f4.a(gpio_common_all.o)
 .debug_info    0x0000000000000b7e      0x1eb /home/vladimir/src/libopencm3/lib/libopencm3_stm32f4.a(gpio_common_f0234.o)
 .debug_info    0x0000000000000d69      0x11b /home/vladimir/src/libopencm3/lib/libopencm3_stm32f4.a(flash_common_f234.o)
 .debug_info    0x0000000000000e84      0x205 /home/vladimir/src/libopencm3/lib/libopencm3_stm32f4.a(exti_common_all.o)
 .debug_info    0x0000000000001089      0xa40 /home/vladimir/src/libopencm3/lib/libopencm3_stm32f4.a(rcc_common_all.o)
 .debug_info    0x0000000000001ac9      0xae7 /home/vladimir/src/libopencm3/lib/libopencm3_stm32f4.a(spi_common_all.o)
 .debug_info    0x00000000000025b0      0x295 /home/vladimir/src/libopencm3/lib/libopencm3_stm32f4.a(spi_common_v1.o)
 .debug_info    0x0000000000002845     0x161d /home/vladimir/src/libopencm3/lib/libopencm3_stm32f4.a(usb.o)
 .debug_info    0x0000000000003e62     0x1c98 /home/vladimir/src/libopencm3/lib/libopencm3_stm32f4.a(usb_standard.o)
 .debug_info    0x0000000000005afa     0x1728 /home/vladimir/src/libopencm3/lib/libopencm3_stm32f4.a(usb_control.o)
 .debug_info    0x0000000000007222     0x1791 /home/vladimir/src/libopencm3/lib/libopencm3_stm32f4.a(usb_f107.o)
 .debug_info    0x00000000000089b3      0x2b7 /home/vladimir/src/libopencm3/lib/libopencm3_stm32f4.a(vector.o)
 .debug_info    0x0000000000008c6a      0x214 /home/vladimir/src/libopencm3/lib/libopencm3_stm32f4.a(nvic.o)
 .debug_info    0x0000000000008e7e       0xb7 /home/vladimir/src/libopencm3/lib/libopencm3_stm32f4.a(dwt.o)
 .debug_info    0x0000000000008f35       0xc3 /home/vladimir/src/libopencm3/lib/libopencm3_stm32f4.a(pwr.o)
 .debug_info    0x0000000000008ff8     0x15fa /home/vladimir/src/libopencm3/lib/libopencm3_stm32f4.a(usb_dwc_common.o)

.debug_abbrev   0x0000000000000000     0x1e82
 .debug_abbrev  0x0000000000000000      0x244 /home/vladimir/src/libopencm3/lib/libopencm3_stm32f4.a(rcc.o)
 .debug_abbrev  0x0000000000000244       0xf4 /home/vladimir/src/libopencm3/lib/libopencm3_stm32f4.a(gpio_common_all.o)
 .debug_abbrev  0x0000000000000338       0xb7 /home/vladimir/src/libopencm3/lib/libopencm3_stm32f4.a(gpio_common_f0234.o)
 .debug_abbrev  0x00000000000003ef       0x88 /home/vladimir/src/libopencm3/lib/libopencm3_stm32f4.a(flash_common_f234.o)
 .debug_abbrev  0x0000000000000477       0xe7 /home/vladimir/src/libopencm3/lib/libopencm3_stm32f4.a(exti_common_all.o)
 .debug_abbrev  0x000000000000055e      0x170 /home/vladimir/src/libopencm3/lib/libopencm3_stm32f4.a(rcc_common_all.o)
 .debug_abbrev  0x00000000000006ce      0x1e5 /home/vladimir/src/libopencm3/lib/libopencm3_stm32f4.a(spi_common_all.o)
 .debug_abbrev  0x00000000000008b3      0x101 /home/vladimir/src/libopencm3/lib/libopencm3_stm32f4.a(spi_common_v1.o)
 .debug_abbrev  0x00000000000009b4      0x2e5 /home/vladimir/src/libopencm3/lib/libopencm3_stm32f4.a(usb.o)
 .debug_abbrev  0x0000000000000c99      0x4e6 /home/vladimir/src/libopencm3/lib/libopencm3_stm32f4.a(usb_standard.o)
 .debug_abbrev  0x000000000000117f      0x415 /home/vladimir/src/libopencm3/lib/libopencm3_stm32f4.a(usb_control.o)
 .debug_abbrev  0x0000000000001594      0x27d /home/vladimir/src/libopencm3/lib/libopencm3_stm32f4.a(usb_f107.o)
 .debug_abbrev  0x0000000000001811      0x136 /home/vladimir/src/libopencm3/lib/libopencm3_stm32f4.a(vector.o)
 .debug_abbrev  0x0000000000001947       0xa6 /home/vladimir/src/libopencm3/lib/libopencm3_stm32f4.a(nvic.o)
 .debug_abbrev  0x00000000000019ed       0x54 /home/vladimir/src/libopencm3/lib/libopencm3_stm32f4.a(dwt.o)
 .debug_abbrev  0x0000000000001a41       0x7d /home/vladimir/src/libopencm3/lib/libopencm3_stm32f4.a(pwr.o)
 .debug_abbrev  0x0000000000001abe      0x3c4 /home/vladimir/src/libopencm3/lib/libopencm3_stm32f4.a(usb_dwc_common.o)

.debug_loc      0x0000000000000000     0x3259
 .debug_loc     0x0000000000000000      0x5db /home/vladimir/src/libopencm3/lib/libopencm3_stm32f4.a(rcc.o)
 .debug_loc     0x00000000000005db       0x97 /home/vladimir/src/libopencm3/lib/libopencm3_stm32f4.a(gpio_common_all.o)
 .debug_loc     0x0000000000000672       0xdb /home/vladimir/src/libopencm3/lib/libopencm3_stm32f4.a(gpio_common_f0234.o)
 .debug_loc     0x000000000000074d       0x3f /home/vladimir/src/libopencm3/lib/libopencm3_stm32f4.a(flash_common_f234.o)
 .debug_loc     0x000000000000078c      0x1fd /home/vladimir/src/libopencm3/lib/libopencm3_stm32f4.a(exti_common_all.o)
 .debug_loc     0x0000000000000989      0x108 /home/vladimir/src/libopencm3/lib/libopencm3_stm32f4.a(rcc_common_all.o)
 .debug_loc     0x0000000000000a91      0x1a2 /home/vladimir/src/libopencm3/lib/libopencm3_stm32f4.a(spi_common_all.o)
 .debug_loc     0x0000000000000c33       0x60 /home/vladimir/src/libopencm3/lib/libopencm3_stm32f4.a(spi_common_v1.o)
 .debug_loc     0x0000000000000c93      0x499 /home/vladimir/src/libopencm3/lib/libopencm3_stm32f4.a(usb.o)
 .debug_loc     0x000000000000112c     0x1228 /home/vladimir/src/libopencm3/lib/libopencm3_stm32f4.a(usb_standard.o)
 .debug_loc     0x0000000000002354      0x61a /home/vladimir/src/libopencm3/lib/libopencm3_stm32f4.a(usb_control.o)
 .debug_loc     0x000000000000296e       0xea /home/vladimir/src/libopencm3/lib/libopencm3_stm32f4.a(vector.o)
 .debug_loc     0x0000000000002a58      0x129 /home/vladimir/src/libopencm3/lib/libopencm3_stm32f4.a(nvic.o)
 .debug_loc     0x0000000000002b81      0x6d8 /home/vladimir/src/libopencm3/lib/libopencm3_stm32f4.a(usb_dwc_common.o)

.debug_aranges  0x0000000000000000      0x6e8
 .debug_aranges
                0x0000000000000000       0xe0 /home/vladimir/src/libopencm3/lib/libopencm3_stm32f4.a(rcc.o)
 .debug_aranges
                0x00000000000000e0       0x50 /home/vladimir/src/libopencm3/lib/libopencm3_stm32f4.a(gpio_common_all.o)
 .debug_aranges
                0x0000000000000130       0x30 /home/vladimir/src/libopencm3/lib/libopencm3_stm32f4.a(gpio_common_f0234.o)
 .debug_aranges
                0x0000000000000160       0x50 /home/vladimir/src/libopencm3/lib/libopencm3_stm32f4.a(flash_common_f234.o)
 .debug_aranges
                0x00000000000001b0       0x48 /home/vladimir/src/libopencm3/lib/libopencm3_stm32f4.a(exti_common_all.o)
 .debug_aranges
                0x00000000000001f8       0x68 /home/vladimir/src/libopencm3/lib/libopencm3_stm32f4.a(rcc_common_all.o)
 .debug_aranges
                0x0000000000000260      0x178 /home/vladimir/src/libopencm3/lib/libopencm3_stm32f4.a(spi_common_all.o)
 .debug_aranges
                0x00000000000003d8       0x30 /home/vladimir/src/libopencm3/lib/libopencm3_stm32f4.a(spi_common_v1.o)
 .debug_aranges
                0x0000000000000408       0x88 /home/vladimir/src/libopencm3/lib/libopencm3_stm32f4.a(usb.o)
 .debug_aranges
                0x0000000000000490       0x98 /home/vladimir/src/libopencm3/lib/libopencm3_stm32f4.a(usb_standard.o)
 .debug_aranges
                0x0000000000000528       0x60 /home/vladimir/src/libopencm3/lib/libopencm3_stm32f4.a(usb_control.o)
 .debug_aranges
                0x0000000000000588       0x20 /home/vladimir/src/libopencm3/lib/libopencm3_stm32f4.a(usb_f107.o)
 .debug_aranges
                0x00000000000005a8       0x30 /home/vladimir/src/libopencm3/lib/libopencm3_stm32f4.a(vector.o)
 .debug_aranges
                0x00000000000005d8       0x60 /home/vladimir/src/libopencm3/lib/libopencm3_stm32f4.a(nvic.o)
 .debug_aranges
                0x0000000000000638       0x28 /home/vladimir/src/libopencm3/lib/libopencm3_stm32f4.a(dwt.o)
 .debug_aranges
                0x0000000000000660       0x20 /home/vladimir/src/libopencm3/lib/libopencm3_stm32f4.a(pwr.o)
 .debug_aranges
                0x0000000000000680       0x68 /home/vladimir/src/libopencm3/lib/libopencm3_stm32f4.a(usb_dwc_common.o)

.debug_ranges   0x0000000000000000      0x698
 .debug_ranges  0x0000000000000000       0xd0 /home/vladimir/src/libopencm3/lib/libopencm3_stm32f4.a(rcc.o)
 .debug_ranges  0x00000000000000d0       0x40 /home/vladimir/src/libopencm3/lib/libopencm3_stm32f4.a(gpio_common_all.o)
 .debug_ranges  0x0000000000000110       0x20 /home/vladimir/src/libopencm3/lib/libopencm3_stm32f4.a(gpio_common_f0234.o)
 .debug_ranges  0x0000000000000130       0x40 /home/vladimir/src/libopencm3/lib/libopencm3_stm32f4.a(flash_common_f234.o)
 .debug_ranges  0x0000000000000170       0x58 /home/vladimir/src/libopencm3/lib/libopencm3_stm32f4.a(exti_common_all.o)
 .debug_ranges  0x00000000000001c8       0x58 /home/vladimir/src/libopencm3/lib/libopencm3_stm32f4.a(rcc_common_all.o)
 .debug_ranges  0x0000000000000220      0x168 /home/vladimir/src/libopencm3/lib/libopencm3_stm32f4.a(spi_common_all.o)
 .debug_ranges  0x0000000000000388       0x20 /home/vladimir/src/libopencm3/lib/libopencm3_stm32f4.a(spi_common_v1.o)
 .debug_ranges  0x00000000000003a8       0x78 /home/vladimir/src/libopencm3/lib/libopencm3_stm32f4.a(usb.o)
 .debug_ranges  0x0000000000000420       0xe8 /home/vladimir/src/libopencm3/lib/libopencm3_stm32f4.a(usb_standard.o)
 .debug_ranges  0x0000000000000508       0x70 /home/vladimir/src/libopencm3/lib/libopencm3_stm32f4.a(usb_control.o)
 .debug_ranges  0x0000000000000578       0x10 /home/vladimir/src/libopencm3/lib/libopencm3_stm32f4.a(usb_f107.o)
 .debug_ranges  0x0000000000000588       0x20 /home/vladimir/src/libopencm3/lib/libopencm3_stm32f4.a(vector.o)
 .debug_ranges  0x00000000000005a8       0x50 /home/vladimir/src/libopencm3/lib/libopencm3_stm32f4.a(nvic.o)
 .debug_ranges  0x00000000000005f8       0x18 /home/vladimir/src/libopencm3/lib/libopencm3_stm32f4.a(dwt.o)
 .debug_ranges  0x0000000000000610       0x10 /home/vladimir/src/libopencm3/lib/libopencm3_stm32f4.a(pwr.o)
 .debug_ranges  0x0000000000000620       0x78 /home/vladimir/src/libopencm3/lib/libopencm3_stm32f4.a(usb_dwc_common.o)

.debug_macro    0x0000000000000000     0x5d0f
 .debug_macro   0x0000000000000000      0x106 /home/vladimir/src/libopencm3/lib/libopencm3_stm32f4.a(rcc.o)
 .debug_macro   0x0000000000000106      0xa4e /home/vladimir/src/libopencm3/lib/libopencm3_stm32f4.a(rcc.o)
 .debug_macro   0x0000000000000b54       0x22 /home/vladimir/src/libopencm3/lib/libopencm3_stm32f4.a(rcc.o)
 .debug_macro   0x0000000000000b76       0x4f /home/vladimir/src/libopencm3/lib/libopencm3_stm32f4.a(rcc.o)
 .debug_macro   0x0000000000000bc5       0x51 /home/vladimir/src/libopencm3/lib/libopencm3_stm32f4.a(rcc.o)
 .debug_macro   0x0000000000000c16       0xef /home/vladimir/src/libopencm3/lib/libopencm3_stm32f4.a(rcc.o)
 .debug_macro   0x0000000000000d05       0x6a /home/vladimir/src/libopencm3/lib/libopencm3_stm32f4.a(rcc.o)
 .debug_macro   0x0000000000000d6f      0x1df /home/vladimir/src/libopencm3/lib/libopencm3_stm32f4.a(rcc.o)
 .debug_macro   0x0000000000000f4e       0x22 /home/vladimir/src/libopencm3/lib/libopencm3_stm32f4.a(rcc.o)
 .debug_macro   0x0000000000000f70       0xfa /home/vladimir/src/libopencm3/lib/libopencm3_stm32f4.a(rcc.o)
 .debug_macro   0x000000000000106a       0x16 /home/vladimir/src/libopencm3/lib/libopencm3_stm32f4.a(rcc.o)
 .debug_macro   0x0000000000001080       0x58 /home/vladimir/src/libopencm3/lib/libopencm3_stm32f4.a(rcc.o)
 .debug_macro   0x00000000000010d8      0x26d /home/vladimir/src/libopencm3/lib/libopencm3_stm32f4.a(rcc.o)
 .debug_macro   0x0000000000001345      0xc7e /home/vladimir/src/libopencm3/lib/libopencm3_stm32f4.a(rcc.o)
 .debug_macro   0x0000000000001fc3       0x8e /home/vladimir/src/libopencm3/lib/libopencm3_stm32f4.a(rcc.o)
 .debug_macro   0x0000000000002051       0x22 /home/vladimir/src/libopencm3/lib/libopencm3_stm32f4.a(rcc.o)
 .debug_macro   0x0000000000002073       0x6a /home/vladimir/src/libopencm3/lib/libopencm3_stm32f4.a(rcc.o)
 .debug_macro   0x00000000000020dd       0xf4 /home/vladimir/src/libopencm3/lib/libopencm3_stm32f4.a(rcc.o)
 .debug_macro   0x00000000000021d1       0xd2 /home/vladimir/src/libopencm3/lib/libopencm3_stm32f4.a(gpio_common_all.o)
 .debug_macro   0x00000000000022a3       0x76 /home/vladimir/src/libopencm3/lib/libopencm3_stm32f4.a(gpio_common_all.o)
 .debug_macro   0x0000000000002319      0x2e6 /home/vladimir/src/libopencm3/lib/libopencm3_stm32f4.a(gpio_common_all.o)
 .debug_macro   0x00000000000025ff      0x14e /home/vladimir/src/libopencm3/lib/libopencm3_stm32f4.a(gpio_common_all.o)
 .debug_macro   0x000000000000274d       0xd2 /home/vladimir/src/libopencm3/lib/libopencm3_stm32f4.a(gpio_common_f0234.o)
 .debug_macro   0x000000000000281f       0xc3 /home/vladimir/src/libopencm3/lib/libopencm3_stm32f4.a(flash_common_f234.o)
 .debug_macro   0x00000000000028e2      0x100 /home/vladimir/src/libopencm3/lib/libopencm3_stm32f4.a(exti_common_all.o)
 .debug_macro   0x00000000000029e2      0x112 /home/vladimir/src/libopencm3/lib/libopencm3_stm32f4.a(exti_common_all.o)
 .debug_macro   0x0000000000002af4       0x3a /home/vladimir/src/libopencm3/lib/libopencm3_stm32f4.a(exti_common_all.o)
 .debug_macro   0x0000000000002b2e       0xcf /home/vladimir/src/libopencm3/lib/libopencm3_stm32f4.a(rcc_common_all.o)
 .debug_macro   0x0000000000002bfd       0xde /home/vladimir/src/libopencm3/lib/libopencm3_stm32f4.a(spi_common_all.o)
 .debug_macro   0x0000000000002cdb      0x2eb /home/vladimir/src/libopencm3/lib/libopencm3_stm32f4.a(spi_common_all.o)
 .debug_macro   0x0000000000002fc6       0x16 /home/vladimir/src/libopencm3/lib/libopencm3_stm32f4.a(spi_common_all.o)
 .debug_macro   0x0000000000002fdc       0x22 /home/vladimir/src/libopencm3/lib/libopencm3_stm32f4.a(spi_common_all.o)
 .debug_macro   0x0000000000002ffe       0xde /home/vladimir/src/libopencm3/lib/libopencm3_stm32f4.a(spi_common_v1.o)
 .debug_macro   0x00000000000030dc      0x149 /home/vladimir/src/libopencm3/lib/libopencm3_stm32f4.a(usb.o)
 .debug_macro   0x0000000000003225       0x5e /home/vladimir/src/libopencm3/lib/libopencm3_stm32f4.a(usb.o)
 .debug_macro   0x0000000000003283       0x17 /home/vladimir/src/libopencm3/lib/libopencm3_stm32f4.a(usb.o)
 .debug_macro   0x000000000000329a       0x55 /home/vladimir/src/libopencm3/lib/libopencm3_stm32f4.a(usb.o)
 .debug_macro   0x00000000000032ef       0x35 /home/vladimir/src/libopencm3/lib/libopencm3_stm32f4.a(usb.o)
 .debug_macro   0x0000000000003324       0x9c /home/vladimir/src/libopencm3/lib/libopencm3_stm32f4.a(usb.o)
 .debug_macro   0x00000000000033c0      0x16d /home/vladimir/src/libopencm3/lib/libopencm3_stm32f4.a(usb.o)
 .debug_macro   0x000000000000352d       0x57 /home/vladimir/src/libopencm3/lib/libopencm3_stm32f4.a(usb.o)
 .debug_macro   0x0000000000003584       0x58 /home/vladimir/src/libopencm3/lib/libopencm3_stm32f4.a(usb.o)
 .debug_macro   0x00000000000035dc       0x1f /home/vladimir/src/libopencm3/lib/libopencm3_stm32f4.a(usb.o)
 .debug_macro   0x00000000000035fb       0x43 /home/vladimir/src/libopencm3/lib/libopencm3_stm32f4.a(usb.o)
 .debug_macro   0x000000000000363e       0x20 /home/vladimir/src/libopencm3/lib/libopencm3_stm32f4.a(usb.o)
 .debug_macro   0x000000000000365e      0x18e /home/vladimir/src/libopencm3/lib/libopencm3_stm32f4.a(usb.o)
 .debug_macro   0x00000000000037ec      0x353 /home/vladimir/src/libopencm3/lib/libopencm3_stm32f4.a(usb.o)
 .debug_macro   0x0000000000003b3f       0x10 /home/vladimir/src/libopencm3/lib/libopencm3_stm32f4.a(usb.o)
 .debug_macro   0x0000000000003b4f       0x35 /home/vladimir/src/libopencm3/lib/libopencm3_stm32f4.a(usb.o)
 .debug_macro   0x0000000000003b84      0x196 /home/vladimir/src/libopencm3/lib/libopencm3_stm32f4.a(usb.o)
 .debug_macro   0x0000000000003d1a       0x10 /home/vladimir/src/libopencm3/lib/libopencm3_stm32f4.a(usb.o)
 .debug_macro   0x0000000000003d2a       0x1c /home/vladimir/src/libopencm3/lib/libopencm3_stm32f4.a(usb.o)
 .debug_macro   0x0000000000003d46      0x149 /home/vladimir/src/libopencm3/lib/libopencm3_stm32f4.a(usb_standard.o)
 .debug_macro   0x0000000000003e8f      0x157 /home/vladimir/src/libopencm3/lib/libopencm3_stm32f4.a(usb_control.o)
 .debug_macro   0x0000000000003fe6       0x16 /home/vladimir/src/libopencm3/lib/libopencm3_stm32f4.a(usb_control.o)
 .debug_macro   0x0000000000003ffc      0x10e /home/vladimir/src/libopencm3/lib/libopencm3_stm32f4.a(usb_control.o)
 .debug_macro   0x000000000000410a       0x86 /home/vladimir/src/libopencm3/lib/libopencm3_stm32f4.a(usb_control.o)
 .debug_macro   0x0000000000004190       0x22 /home/vladimir/src/libopencm3/lib/libopencm3_stm32f4.a(usb_control.o)
 .debug_macro   0x00000000000041b2      0x1ae /home/vladimir/src/libopencm3/lib/libopencm3_stm32f4.a(usb_f107.o)
 .debug_macro   0x0000000000004360       0x3a /home/vladimir/src/libopencm3/lib/libopencm3_stm32f4.a(usb_f107.o)
 .debug_macro   0x000000000000439a      0x19c /home/vladimir/src/libopencm3/lib/libopencm3_stm32f4.a(usb_f107.o)
 .debug_macro   0x0000000000004536      0x8d7 /home/vladimir/src/libopencm3/lib/libopencm3_stm32f4.a(usb_f107.o)
 .debug_macro   0x0000000000004e0d      0x130 /home/vladimir/src/libopencm3/lib/libopencm3_stm32f4.a(usb_f107.o)
 .debug_macro   0x0000000000004f3d       0xd4 /home/vladimir/src/libopencm3/lib/libopencm3_stm32f4.a(vector.o)
 .debug_macro   0x0000000000005011      0x3a1 /home/vladimir/src/libopencm3/lib/libopencm3_stm32f4.a(vector.o)
 .debug_macro   0x00000000000053b2       0x6a /home/vladimir/src/libopencm3/lib/libopencm3_stm32f4.a(vector.o)
 .debug_macro   0x000000000000541c      0x22c /home/vladimir/src/libopencm3/lib/libopencm3_stm32f4.a(vector.o)
 .debug_macro   0x0000000000005648       0xb4 /home/vladimir/src/libopencm3/lib/libopencm3_stm32f4.a(nvic.o)
 .debug_macro   0x00000000000056fc       0x64 /home/vladimir/src/libopencm3/lib/libopencm3_stm32f4.a(nvic.o)
 .debug_macro   0x0000000000005760      0x1b0 /home/vladimir/src/libopencm3/lib/libopencm3_stm32f4.a(nvic.o)
 .debug_macro   0x0000000000005910       0x9c /home/vladimir/src/libopencm3/lib/libopencm3_stm32f4.a(dwt.o)
 .debug_macro   0x00000000000059ac      0x148 /home/vladimir/src/libopencm3/lib/libopencm3_stm32f4.a(dwt.o)
 .debug_macro   0x0000000000005af4       0xb9 /home/vladimir/src/libopencm3/lib/libopencm3_stm32f4.a(pwr.o)
 .debug_macro   0x0000000000005bad      0x162 /home/vladimir/src/libopencm3/lib/libopencm3_stm32f4.a(usb_dwc_common.o)

.debug_line     0x0000000000000000     0x4b56
 .debug_line    0x0000000000000000      0x621 /home/vladimir/src/libopencm3/lib/libopencm3_stm32f4.a(rcc.o)
 .debug_line    0x0000000000000621      0x3ea /home/vladimir/src/libopencm3/lib/libopencm3_stm32f4.a(gpio_common_all.o)
 .debug_line    0x0000000000000a0b      0x3da /home/vladimir/src/libopencm3/lib/libopencm3_stm32f4.a(gpio_common_f0234.o)
 .debug_line    0x0000000000000de5      0x3de /home/vladimir/src/libopencm3/lib/libopencm3_stm32f4.a(flash_common_f234.o)
 .debug_line    0x00000000000011c3      0x479 /home/vladimir/src/libopencm3/lib/libopencm3_stm32f4.a(exti_common_all.o)
 .debug_line    0x000000000000163c      0x3f3 /home/vladimir/src/libopencm3/lib/libopencm3_stm32f4.a(rcc_common_all.o)
 .debug_line    0x0000000000001a2f      0x6de /home/vladimir/src/libopencm3/lib/libopencm3_stm32f4.a(spi_common_all.o)
 .debug_line    0x000000000000210d      0x3ca /home/vladimir/src/libopencm3/lib/libopencm3_stm32f4.a(spi_common_v1.o)
 .debug_line    0x00000000000024d7      0x44f /home/vladimir/src/libopencm3/lib/libopencm3_stm32f4.a(usb.o)
 .debug_line    0x0000000000002926      0x614 /home/vladimir/src/libopencm3/lib/libopencm3_stm32f4.a(usb_standard.o)
 .debug_line    0x0000000000002f3a      0x4aa /home/vladimir/src/libopencm3/lib/libopencm3_stm32f4.a(usb_control.o)
 .debug_line    0x00000000000033e4      0x495 /home/vladimir/src/libopencm3/lib/libopencm3_stm32f4.a(usb_f107.o)
 .debug_line    0x0000000000003879      0x3f2 /home/vladimir/src/libopencm3/lib/libopencm3_stm32f4.a(vector.o)
 .debug_line    0x0000000000003c6b      0x390 /home/vladimir/src/libopencm3/lib/libopencm3_stm32f4.a(nvic.o)
 .debug_line    0x0000000000003ffb      0x2b5 /home/vladimir/src/libopencm3/lib/libopencm3_stm32f4.a(dwt.o)
 .debug_line    0x00000000000042b0      0x335 /home/vladimir/src/libopencm3/lib/libopencm3_stm32f4.a(pwr.o)
 .debug_line    0x00000000000045e5      0x571 /home/vladimir/src/libopencm3/lib/libopencm3_stm32f4.a(usb_dwc_common.o)

.debug_str      0x0000000000000000    0x181a1
 .debug_str     0x0000000000000000     0x953f /home/vladimir/src/libopencm3/lib/libopencm3_stm32f4.a(rcc.o)
                                       0x9721 (size before relaxing)
 .debug_str     0x000000000000953f     0x141f /home/vladimir/src/libopencm3/lib/libopencm3_stm32f4.a(gpio_common_all.o)
                                       0x646c (size before relaxing)
 .debug_str     0x000000000000a95e       0x95 /home/vladimir/src/libopencm3/lib/libopencm3_stm32f4.a(gpio_common_f0234.o)
                                       0x648e (size before relaxing)
 .debug_str     0x000000000000a9f3       0x96 /home/vladimir/src/libopencm3/lib/libopencm3_stm32f4.a(flash_common_f234.o)
                                       0x57c7 (size before relaxing)
 .debug_str     0x000000000000aa89      0x5cc /home/vladimir/src/libopencm3/lib/libopencm3_stm32f4.a(exti_common_all.o)
                                       0x69ab (size before relaxing)
 .debug_str     0x000000000000b055      0xa0e /home/vladimir/src/libopencm3/lib/libopencm3_stm32f4.a(rcc_common_all.o)
                                       0x9389 (size before relaxing)
 .debug_str     0x000000000000ba63     0x125a /home/vladimir/src/libopencm3/lib/libopencm3_stm32f4.a(spi_common_all.o)
                                       0x9e27 (size before relaxing)
 .debug_str     0x000000000000ccbd       0x60 /home/vladimir/src/libopencm3/lib/libopencm3_stm32f4.a(spi_common_v1.o)
                                       0x97b1 (size before relaxing)
 .debug_str     0x000000000000cd1d     0x3f57 /home/vladimir/src/libopencm3/lib/libopencm3_stm32f4.a(usb.o)
                                       0x806b (size before relaxing)
 .debug_str     0x0000000000010c74      0x2fb /home/vladimir/src/libopencm3/lib/libopencm3_stm32f4.a(usb_standard.o)
                                       0x81eb (size before relaxing)
 .debug_str     0x0000000000010f6f      0x1a3 /home/vladimir/src/libopencm3/lib/libopencm3_stm32f4.a(usb_control.o)
                                       0x80a8 (size before relaxing)
 .debug_str     0x0000000000011112     0x3390 /home/vladimir/src/libopencm3/lib/libopencm3_stm32f4.a(usb_f107.o)
                                      0x102cd (size before relaxing)
 .debug_str     0x00000000000144a2     0x2a44 /home/vladimir/src/libopencm3/lib/libopencm3_stm32f4.a(vector.o)
                                       0x6ace (size before relaxing)
 .debug_str     0x0000000000016ee6      0x9f0 /home/vladimir/src/libopencm3/lib/libopencm3_stm32f4.a(nvic.o)
                                       0x5481 (size before relaxing)
 .debug_str     0x00000000000178d6      0x780 /home/vladimir/src/libopencm3/lib/libopencm3_stm32f4.a(dwt.o)
                                       0x5211 (size before relaxing)
 .debug_str     0x0000000000018056        0x6 /home/vladimir/src/libopencm3/lib/libopencm3_stm32f4.a(pwr.o)
                                       0x539d (size before relaxing)
 .debug_str     0x000000000001805c      0x145 /home/vladimir/src/libopencm3/lib/libopencm3_stm32f4.a(usb_dwc_common.o)
                                       0xa6ac (size before relaxing)

.debug_frame    0x0000000000000000      0xed4
 .debug_frame   0x0000000000000000      0x1c8 /home/vladimir/src/libopencm3/lib/libopencm3_stm32f4.a(rcc.o)
 .debug_frame   0x00000000000001c8       0x80 /home/vladimir/src/libopencm3/lib/libopencm3_stm32f4.a(gpio_common_all.o)
 .debug_frame   0x0000000000000248       0x70 /home/vladimir/src/libopencm3/lib/libopencm3_stm32f4.a(gpio_common_f0234.o)
 .debug_frame   0x00000000000002b8       0x80 /home/vladimir/src/libopencm3/lib/libopencm3_stm32f4.a(flash_common_f234.o)
 .debug_frame   0x0000000000000338       0x88 /home/vladimir/src/libopencm3/lib/libopencm3_stm32f4.a(exti_common_all.o)
 .debug_frame   0x00000000000003c0       0xd0 /home/vladimir/src/libopencm3/lib/libopencm3_stm32f4.a(rcc_common_all.o)
 .debug_frame   0x0000000000000490      0x2d0 /home/vladimir/src/libopencm3/lib/libopencm3_stm32f4.a(spi_common_all.o)
 .debug_frame   0x0000000000000760       0x4c /home/vladimir/src/libopencm3/lib/libopencm3_stm32f4.a(spi_common_v1.o)
 .debug_frame   0x00000000000007ac      0x13c /home/vladimir/src/libopencm3/lib/libopencm3_stm32f4.a(usb.o)
 .debug_frame   0x00000000000008e8      0x1e4 /home/vladimir/src/libopencm3/lib/libopencm3_stm32f4.a(usb_standard.o)
 .debug_frame   0x0000000000000acc      0x154 /home/vladimir/src/libopencm3/lib/libopencm3_stm32f4.a(usb_control.o)
 .debug_frame   0x0000000000000c20       0x28 /home/vladimir/src/libopencm3/lib/libopencm3_stm32f4.a(usb_f107.o)
 .debug_frame   0x0000000000000c48       0x40 /home/vladimir/src/libopencm3/lib/libopencm3_stm32f4.a(vector.o)
 .debug_frame   0x0000000000000c88       0xa0 /home/vladimir/src/libopencm3/lib/libopencm3_stm32f4.a(nvic.o)
 .debug_frame   0x0000000000000d28       0x30 /home/vladimir/src/libopencm3/lib/libopencm3_stm32f4.a(dwt.o)
 .debug_frame   0x0000000000000d58       0x20 /home/vladimir/src/libopencm3/lib/libopencm3_stm32f4.a(pwr.o)
 .debug_frame   0x0000000000000d78      0x114 /home/vladimir/src/libopencm3/lib/libopencm3_stm32f4.a(usb_dwc_common.o)
 .debug_frame   0x0000000000000e8c       0x28 /opt/Atollic_TrueSTUDIO_for_STM32_x86_64_9.0.1/ARMTools/bin/../lib/gcc/arm-atollic-eabi/6.3.1/../../../../arm-atollic-eabi/lib/armv7e-m/fpu/libc_nano.a(lib_a-memcpy-stub.o)
 .debug_frame   0x0000000000000eb4       0x20 /opt/Atollic_TrueSTUDIO_for_STM32_x86_64_9.0.1/ARMTools/bin/../lib/gcc/arm-atollic-eabi/6.3.1/../../../../arm-atollic-eabi/lib/armv7e-m/fpu/libc_nano.a(lib_a-memset.o)

Cross Reference Table

Symbol                                            File
SystemCoreClock                                   src/init.o
                                                  src/util.o
__fini_array_end                                  /home/vladimir/src/libopencm3/lib/libopencm3_stm32f4.a(vector.o)
__fini_array_start                                /home/vladimir/src/libopencm3/lib/libopencm3_stm32f4.a(vector.o)
__init_array_end                                  /home/vladimir/src/libopencm3/lib/libopencm3_stm32f4.a(vector.o)
__init_array_start                                /home/vladimir/src/libopencm3/lib/libopencm3_stm32f4.a(vector.o)
__preinit_array_end                               /home/vladimir/src/libopencm3/lib/libopencm3_stm32f4.a(vector.o)
__preinit_array_start                             /home/vladimir/src/libopencm3/lib/libopencm3_stm32f4.a(vector.o)
_data                                             /home/vladimir/src/libopencm3/lib/libopencm3_stm32f4.a(vector.o)
_data_loadaddr                                    /home/vladimir/src/libopencm3/lib/libopencm3_stm32f4.a(vector.o)
_ebss                                             /home/vladimir/src/libopencm3/lib/libopencm3_stm32f4.a(vector.o)
_edata                                            /home/vladimir/src/libopencm3/lib/libopencm3_stm32f4.a(vector.o)
_stack                                            /home/vladimir/src/libopencm3/lib/libopencm3_stm32f4.a(vector.o)
_usbd_control_in                                  /home/vladimir/src/libopencm3/lib/libopencm3_stm32f4.a(usb_control.o)
                                                  /home/vladimir/src/libopencm3/lib/libopencm3_stm32f4.a(usb.o)
_usbd_control_out                                 /home/vladimir/src/libopencm3/lib/libopencm3_stm32f4.a(usb_control.o)
                                                  /home/vladimir/src/libopencm3/lib/libopencm3_stm32f4.a(usb.o)
_usbd_control_setup                               /home/vladimir/src/libopencm3/lib/libopencm3_stm32f4.a(usb_control.o)
                                                  /home/vladimir/src/libopencm3/lib/libopencm3_stm32f4.a(usb.o)
_usbd_reset                                       /home/vladimir/src/libopencm3/lib/libopencm3_stm32f4.a(usb.o)
                                                  /home/vladimir/src/libopencm3/lib/libopencm3_stm32f4.a(usb_dwc_common.o)
_usbd_standard_request                            /home/vladimir/src/libopencm3/lib/libopencm3_stm32f4.a(usb_standard.o)
                                                  /home/vladimir/src/libopencm3/lib/libopencm3_stm32f4.a(usb_control.o)
_usbd_standard_request_device                     /home/vladimir/src/libopencm3/lib/libopencm3_stm32f4.a(usb_standard.o)
_usbd_standard_request_endpoint                   /home/vladimir/src/libopencm3/lib/libopencm3_stm32f4.a(usb_standard.o)
_usbd_standard_request_interface                  /home/vladimir/src/libopencm3/lib/libopencm3_stm32f4.a(usb_standard.o)
adc_isr                                           /home/vladimir/src/libopencm3/lib/libopencm3_stm32f4.a(vector.o)
blocking_handler                                  /home/vladimir/src/libopencm3/lib/libopencm3_stm32f4.a(vector.o)
buf                                               src/mpu9250.o
bus_fault_handler                                 /home/vladimir/src/libopencm3/lib/libopencm3_stm32f4.a(vector.o)
can1_rx0_isr                                      /home/vladimir/src/libopencm3/lib/libopencm3_stm32f4.a(vector.o)
can1_rx1_isr                                      /home/vladimir/src/libopencm3/lib/libopencm3_stm32f4.a(vector.o)
can1_sce_isr                                      /home/vladimir/src/libopencm3/lib/libopencm3_stm32f4.a(vector.o)
can1_tx_isr                                       /home/vladimir/src/libopencm3/lib/libopencm3_stm32f4.a(vector.o)
can2_rx0_isr                                      /home/vladimir/src/libopencm3/lib/libopencm3_stm32f4.a(vector.o)
can2_rx1_isr                                      /home/vladimir/src/libopencm3/lib/libopencm3_stm32f4.a(vector.o)
can2_sce_isr                                      /home/vladimir/src/libopencm3/lib/libopencm3_stm32f4.a(vector.o)
can2_tx_isr                                       /home/vladimir/src/libopencm3/lib/libopencm3_stm32f4.a(vector.o)
clk_setup                                         src/init.o
                                                  src/main.o
cnt                                               src/comms.o
comms_init                                        src/comms.o
                                                  src/main.o
comms_new_sample                                  src/comms.o
                                                  src/mpu9250.o
config                                            src/usb.o
cryp_isr                                          /home/vladimir/src/libopencm3/lib/libopencm3_stm32f4.a(vector.o)
dcmi_isr                                          /home/vladimir/src/libopencm3/lib/libopencm3_stm32f4.a(vector.o)
debug_monitor_handler                             /home/vladimir/src/libopencm3/lib/libopencm3_stm32f4.a(vector.o)
delayMS_DWT                                       src/util.o
                                                  src/main.o
delayUS_DWT                                       src/util.o
                                                  src/spi.o
                                                  src/mpu9250.o
dev_descr                                         src/usb.o
dma1_stream0_isr                                  /home/vladimir/src/libopencm3/lib/libopencm3_stm32f4.a(vector.o)
dma1_stream1_isr                                  /home/vladimir/src/libopencm3/lib/libopencm3_stm32f4.a(vector.o)
dma1_stream2_isr                                  /home/vladimir/src/libopencm3/lib/libopencm3_stm32f4.a(vector.o)
dma1_stream3_isr                                  /home/vladimir/src/libopencm3/lib/libopencm3_stm32f4.a(vector.o)
dma1_stream4_isr                                  /home/vladimir/src/libopencm3/lib/libopencm3_stm32f4.a(vector.o)
dma1_stream5_isr                                  /home/vladimir/src/libopencm3/lib/libopencm3_stm32f4.a(vector.o)
dma1_stream6_isr                                  /home/vladimir/src/libopencm3/lib/libopencm3_stm32f4.a(vector.o)
dma1_stream7_isr                                  /home/vladimir/src/libopencm3/lib/libopencm3_stm32f4.a(vector.o)
dma2_stream0_isr                                  /home/vladimir/src/libopencm3/lib/libopencm3_stm32f4.a(vector.o)
dma2_stream1_isr                                  /home/vladimir/src/libopencm3/lib/libopencm3_stm32f4.a(vector.o)
dma2_stream2_isr                                  /home/vladimir/src/libopencm3/lib/libopencm3_stm32f4.a(vector.o)
dma2_stream3_isr                                  /home/vladimir/src/libopencm3/lib/libopencm3_stm32f4.a(vector.o)
dma2_stream4_isr                                  /home/vladimir/src/libopencm3/lib/libopencm3_stm32f4.a(vector.o)
dma2_stream5_isr                                  /home/vladimir/src/libopencm3/lib/libopencm3_stm32f4.a(vector.o)
dma2_stream6_isr                                  /home/vladimir/src/libopencm3/lib/libopencm3_stm32f4.a(vector.o)
dma2_stream7_isr                                  /home/vladimir/src/libopencm3/lib/libopencm3_stm32f4.a(vector.o)
dma2d_isr                                         /home/vladimir/src/libopencm3/lib/libopencm3_stm32f4.a(vector.o)
dwc_disconnect                                    /home/vladimir/src/libopencm3/lib/libopencm3_stm32f4.a(usb_dwc_common.o)
                                                  /home/vladimir/src/libopencm3/lib/libopencm3_stm32f4.a(usb_f107.o)
dwc_endpoints_reset                               /home/vladimir/src/libopencm3/lib/libopencm3_stm32f4.a(usb_dwc_common.o)
                                                  /home/vladimir/src/libopencm3/lib/libopencm3_stm32f4.a(usb_f107.o)
dwc_ep_nak_set                                    /home/vladimir/src/libopencm3/lib/libopencm3_stm32f4.a(usb_dwc_common.o)
                                                  /home/vladimir/src/libopencm3/lib/libopencm3_stm32f4.a(usb_f107.o)
dwc_ep_read_packet                                /home/vladimir/src/libopencm3/lib/libopencm3_stm32f4.a(usb_dwc_common.o)
                                                  /home/vladimir/src/libopencm3/lib/libopencm3_stm32f4.a(usb_f107.o)
dwc_ep_setup                                      /home/vladimir/src/libopencm3/lib/libopencm3_stm32f4.a(usb_dwc_common.o)
                                                  /home/vladimir/src/libopencm3/lib/libopencm3_stm32f4.a(usb_f107.o)
dwc_ep_stall_get                                  /home/vladimir/src/libopencm3/lib/libopencm3_stm32f4.a(usb_dwc_common.o)
                                                  /home/vladimir/src/libopencm3/lib/libopencm3_stm32f4.a(usb_f107.o)
dwc_ep_stall_set                                  /home/vladimir/src/libopencm3/lib/libopencm3_stm32f4.a(usb_dwc_common.o)
                                                  /home/vladimir/src/libopencm3/lib/libopencm3_stm32f4.a(usb_f107.o)
dwc_ep_write_packet                               /home/vladimir/src/libopencm3/lib/libopencm3_stm32f4.a(usb_dwc_common.o)
                                                  /home/vladimir/src/libopencm3/lib/libopencm3_stm32f4.a(usb_f107.o)
dwc_poll                                          /home/vladimir/src/libopencm3/lib/libopencm3_stm32f4.a(usb_dwc_common.o)
                                                  /home/vladimir/src/libopencm3/lib/libopencm3_stm32f4.a(usb_f107.o)
dwc_set_address                                   /home/vladimir/src/libopencm3/lib/libopencm3_stm32f4.a(usb_dwc_common.o)
                                                  /home/vladimir/src/libopencm3/lib/libopencm3_stm32f4.a(usb_f107.o)
dwt_enable_cycle_counter                          /home/vladimir/src/libopencm3/lib/libopencm3_stm32f4.a(dwt.o)
                                                  src/init.o
dwt_read_cycle_counter                            /home/vladimir/src/libopencm3/lib/libopencm3_stm32f4.a(dwt.o)
                                                  src/util.o
                                                  src/mpu9250.o
                                                  src/comms.o
eth_isr                                           /home/vladimir/src/libopencm3/lib/libopencm3_stm32f4.a(vector.o)
eth_wkup_isr                                      /home/vladimir/src/libopencm3/lib/libopencm3_stm32f4.a(vector.o)
exti0_isr                                         /home/vladimir/src/libopencm3/lib/libopencm3_stm32f4.a(vector.o)
exti15_10_isr                                     /home/vladimir/src/libopencm3/lib/libopencm3_stm32f4.a(vector.o)
exti1_isr                                         /home/vladimir/src/libopencm3/lib/libopencm3_stm32f4.a(vector.o)
exti2_isr                                         /home/vladimir/src/libopencm3/lib/libopencm3_stm32f4.a(vector.o)
exti3_isr                                         /home/vladimir/src/libopencm3/lib/libopencm3_stm32f4.a(vector.o)
exti4_isr                                         src/comms.o
exti9_5_isr                                       /home/vladimir/src/libopencm3/lib/libopencm3_stm32f4.a(vector.o)
exti_disable_request                              /home/vladimir/src/libopencm3/lib/libopencm3_stm32f4.a(exti_common_all.o)
exti_enable_request                               /home/vladimir/src/libopencm3/lib/libopencm3_stm32f4.a(exti_common_all.o)
                                                  src/init.o
exti_get_flag_status                              /home/vladimir/src/libopencm3/lib/libopencm3_stm32f4.a(exti_common_all.o)
exti_reset_request                                /home/vladimir/src/libopencm3/lib/libopencm3_stm32f4.a(exti_common_all.o)
                                                  src/comms.o
exti_select_source                                /home/vladimir/src/libopencm3/lib/libopencm3_stm32f4.a(exti_common_all.o)
                                                  src/init.o
exti_set_trigger                                  /home/vladimir/src/libopencm3/lib/libopencm3_stm32f4.a(exti_common_all.o)
                                                  src/init.o
exti_setup                                        src/init.o
                                                  src/mpu9250.o
flash_clear_bsy_flag                              /home/vladimir/src/libopencm3/lib/libopencm3_stm32f4.a(flash_common_f234.o)
flash_clear_eop_flag                              /home/vladimir/src/libopencm3/lib/libopencm3_stm32f4.a(flash_common_f234.o)
flash_clear_pgperr_flag                           /home/vladimir/src/libopencm3/lib/libopencm3_stm32f4.a(flash_common_f234.o)
flash_isr                                         /home/vladimir/src/libopencm3/lib/libopencm3_stm32f4.a(vector.o)
flash_lock                                        /home/vladimir/src/libopencm3/lib/libopencm3_stm32f4.a(flash_common_f234.o)
flash_set_ws                                      /home/vladimir/src/libopencm3/lib/libopencm3_stm32f4.a(flash_common_f234.o)
                                                  /home/vladimir/src/libopencm3/lib/libopencm3_stm32f4.a(rcc.o)
flash_unlock                                      /home/vladimir/src/libopencm3/lib/libopencm3_stm32f4.a(flash_common_f234.o)
flash_wait_for_last_operation                     /home/vladimir/src/libopencm3/lib/libopencm3_stm32f4.a(flash_common_f234.o)
fpu_isr                                           /home/vladimir/src/libopencm3/lib/libopencm3_stm32f4.a(vector.o)
fsmc_isr                                          /home/vladimir/src/libopencm3/lib/libopencm3_stm32f4.a(vector.o)
g_spi                                             src/mpu9250.o
gpio_clear                                        /home/vladimir/src/libopencm3/lib/libopencm3_stm32f4.a(gpio_common_all.o)
                                                  src/spi.o
                                                  src/mpu9250.o
                                                  src/comms.o
gpio_get                                          /home/vladimir/src/libopencm3/lib/libopencm3_stm32f4.a(gpio_common_all.o)
gpio_mode_setup                                   /home/vladimir/src/libopencm3/lib/libopencm3_stm32f4.a(gpio_common_f0234.o)
                                                  src/usb.o
                                                  src/init.o
gpio_port_config_lock                             /home/vladimir/src/libopencm3/lib/libopencm3_stm32f4.a(gpio_common_all.o)
gpio_port_read                                    /home/vladimir/src/libopencm3/lib/libopencm3_stm32f4.a(gpio_common_all.o)
gpio_port_write                                   /home/vladimir/src/libopencm3/lib/libopencm3_stm32f4.a(gpio_common_all.o)
gpio_set                                          /home/vladimir/src/libopencm3/lib/libopencm3_stm32f4.a(gpio_common_all.o)
                                                  src/spi.o
                                                  src/mpu9250.o
                                                  src/init.o
                                                  src/comms.o
gpio_set_af                                       /home/vladimir/src/libopencm3/lib/libopencm3_stm32f4.a(gpio_common_f0234.o)
                                                  src/usb.o
                                                  src/init.o
gpio_set_output_options                           /home/vladimir/src/libopencm3/lib/libopencm3_stm32f4.a(gpio_common_f0234.o)
gpio_toggle                                       /home/vladimir/src/libopencm3/lib/libopencm3_stm32f4.a(gpio_common_all.o)
                                                  src/comms.o
hard_fault_handler                                /home/vladimir/src/libopencm3/lib/libopencm3_stm32f4.a(vector.o)
hash_rng_isr                                      /home/vladimir/src/libopencm3/lib/libopencm3_stm32f4.a(vector.o)
hid_control_request_class                         src/comms.o
                                                  src/usb.o
hid_endpoint                                      src/usb.o
hid_iface                                         src/usb.o
i2c1_er_isr                                       /home/vladimir/src/libopencm3/lib/libopencm3_stm32f4.a(vector.o)
i2c1_ev_isr                                       /home/vladimir/src/libopencm3/lib/libopencm3_stm32f4.a(vector.o)
i2c2_er_isr                                       /home/vladimir/src/libopencm3/lib/libopencm3_stm32f4.a(vector.o)
i2c2_ev_isr                                       /home/vladimir/src/libopencm3/lib/libopencm3_stm32f4.a(vector.o)
i2c3_er_isr                                       /home/vladimir/src/libopencm3/lib/libopencm3_stm32f4.a(vector.o)
i2c3_ev_isr                                       /home/vladimir/src/libopencm3/lib/libopencm3_stm32f4.a(vector.o)
ifaces                                            src/usb.o
lcd_tft_err_isr                                   /home/vladimir/src/libopencm3/lib/libopencm3_stm32f4.a(vector.o)
lcd_tft_isr                                       /home/vladimir/src/libopencm3/lib/libopencm3_stm32f4.a(vector.o)
led_setup                                         src/init.o
                                                  src/main.o
main                                              src/main.o
                                                  /home/vladimir/src/libopencm3/lib/libopencm3_stm32f4.a(vector.o)
mem_manage_handler                                /home/vladimir/src/libopencm3/lib/libopencm3_stm32f4.a(vector.o)
memcpy                                            /opt/Atollic_TrueSTUDIO_for_STM32_x86_64_9.0.1/ARMTools/bin/../lib/gcc/arm-atollic-eabi/6.3.1/../../../../arm-atollic-eabi/lib/armv7e-m/fpu/libc_nano.a(lib_a-memcpy-stub.o)
                                                  /home/vladimir/src/libopencm3/lib/libopencm3_stm32f4.a(usb_dwc_common.o)
                                                  /home/vladimir/src/libopencm3/lib/libopencm3_stm32f4.a(usb_standard.o)
memset                                            /opt/Atollic_TrueSTUDIO_for_STM32_x86_64_9.0.1/ARMTools/bin/../lib/gcc/arm-atollic-eabi/6.3.1/../../../../arm-atollic-eabi/lib/armv7e-m/fpu/libc_nano.a(lib_a-memset.o)
                                                  src/comms.o
mpu_count                                         src/mpu9250.o
mpu_getsample                                     src/mpu9250.o
                                                  src/comms.o
mpu_init                                          src/mpu9250.o
mpu_reset_fifo                                    src/mpu9250.o
mpu_sendusb                                       src/mpu9250.o
mpu_start                                         src/mpu9250.o
                                                  src/main.o
nmi_handler                                       /home/vladimir/src/libopencm3/lib/libopencm3_stm32f4.a(vector.o)
null_handler                                      /home/vladimir/src/libopencm3/lib/libopencm3_stm32f4.a(vector.o)
nvic_clear_pending_irq                            /home/vladimir/src/libopencm3/lib/libopencm3_stm32f4.a(nvic.o)
nvic_disable_irq                                  /home/vladimir/src/libopencm3/lib/libopencm3_stm32f4.a(nvic.o)
nvic_enable_irq                                   /home/vladimir/src/libopencm3/lib/libopencm3_stm32f4.a(nvic.o)
                                                  src/init.o
nvic_generate_software_interrupt                  /home/vladimir/src/libopencm3/lib/libopencm3_stm32f4.a(nvic.o)
nvic_get_active_irq                               /home/vladimir/src/libopencm3/lib/libopencm3_stm32f4.a(nvic.o)
nvic_get_irq_enabled                              /home/vladimir/src/libopencm3/lib/libopencm3_stm32f4.a(nvic.o)
nvic_get_pending_irq                              /home/vladimir/src/libopencm3/lib/libopencm3_stm32f4.a(nvic.o)
nvic_set_pending_irq                              /home/vladimir/src/libopencm3/lib/libopencm3_stm32f4.a(nvic.o)
nvic_set_priority                                 /home/vladimir/src/libopencm3/lib/libopencm3_stm32f4.a(nvic.o)
nvic_wwdg_isr                                     /home/vladimir/src/libopencm3/lib/libopencm3_stm32f4.a(vector.o)
otg_fs_isr                                        /home/vladimir/src/libopencm3/lib/libopencm3_stm32f4.a(vector.o)
otg_hs_ep1_in_isr                                 /home/vladimir/src/libopencm3/lib/libopencm3_stm32f4.a(vector.o)
otg_hs_ep1_out_isr                                /home/vladimir/src/libopencm3/lib/libopencm3_stm32f4.a(vector.o)
otg_hs_isr                                        /home/vladimir/src/libopencm3/lib/libopencm3_stm32f4.a(vector.o)
otg_hs_wkup_isr                                   /home/vladimir/src/libopencm3/lib/libopencm3_stm32f4.a(vector.o)
params                                            src/comms.o
pend_sv_handler                                   /home/vladimir/src/libopencm3/lib/libopencm3_stm32f4.a(vector.o)
pop                                               src/comms.o
push                                              src/comms.o
pvd_isr                                           /home/vladimir/src/libopencm3/lib/libopencm3_stm32f4.a(vector.o)
pwr_set_vos_scale                                 /home/vladimir/src/libopencm3/lib/libopencm3_stm32f4.a(pwr.o)
                                                  /home/vladimir/src/libopencm3/lib/libopencm3_stm32f4.a(rcc.o)
rcc_ahb_frequency                                 /home/vladimir/src/libopencm3/lib/libopencm3_stm32f4.a(rcc.o)
rcc_apb1_frequency                                /home/vladimir/src/libopencm3/lib/libopencm3_stm32f4.a(rcc.o)
rcc_apb2_frequency                                /home/vladimir/src/libopencm3/lib/libopencm3_stm32f4.a(rcc.o)
rcc_clock_setup_hse_3v3                           /home/vladimir/src/libopencm3/lib/libopencm3_stm32f4.a(rcc.o)
                                                  src/init.o
rcc_css_disable                                   /home/vladimir/src/libopencm3/lib/libopencm3_stm32f4.a(rcc.o)
rcc_css_enable                                    /home/vladimir/src/libopencm3/lib/libopencm3_stm32f4.a(rcc.o)
rcc_css_int_clear                                 /home/vladimir/src/libopencm3/lib/libopencm3_stm32f4.a(rcc.o)
rcc_css_int_flag                                  /home/vladimir/src/libopencm3/lib/libopencm3_stm32f4.a(rcc.o)
rcc_hse_12mhz_3v3                                 /home/vladimir/src/libopencm3/lib/libopencm3_stm32f4.a(rcc.o)
rcc_hse_16mhz_3v3                                 /home/vladimir/src/libopencm3/lib/libopencm3_stm32f4.a(rcc.o)
rcc_hse_25mhz_3v3                                 /home/vladimir/src/libopencm3/lib/libopencm3_stm32f4.a(rcc.o)
rcc_hse_8mhz_3v3                                  /home/vladimir/src/libopencm3/lib/libopencm3_stm32f4.a(rcc.o)
                                                  src/init.o
rcc_is_osc_ready                                  /home/vladimir/src/libopencm3/lib/libopencm3_stm32f4.a(rcc.o)
rcc_isr                                           /home/vladimir/src/libopencm3/lib/libopencm3_stm32f4.a(vector.o)
rcc_osc_bypass_disable                            /home/vladimir/src/libopencm3/lib/libopencm3_stm32f4.a(rcc_common_all.o)
rcc_osc_bypass_enable                             /home/vladimir/src/libopencm3/lib/libopencm3_stm32f4.a(rcc_common_all.o)
rcc_osc_off                                       /home/vladimir/src/libopencm3/lib/libopencm3_stm32f4.a(rcc.o)
rcc_osc_on                                        /home/vladimir/src/libopencm3/lib/libopencm3_stm32f4.a(rcc.o)
rcc_osc_ready_int_clear                           /home/vladimir/src/libopencm3/lib/libopencm3_stm32f4.a(rcc.o)
rcc_osc_ready_int_disable                         /home/vladimir/src/libopencm3/lib/libopencm3_stm32f4.a(rcc.o)
rcc_osc_ready_int_enable                          /home/vladimir/src/libopencm3/lib/libopencm3_stm32f4.a(rcc.o)
rcc_osc_ready_int_flag                            /home/vladimir/src/libopencm3/lib/libopencm3_stm32f4.a(rcc.o)
rcc_periph_clock_disable                          /home/vladimir/src/libopencm3/lib/libopencm3_stm32f4.a(rcc_common_all.o)
rcc_periph_clock_enable                           /home/vladimir/src/libopencm3/lib/libopencm3_stm32f4.a(rcc_common_all.o)
                                                  /home/vladimir/src/libopencm3/lib/libopencm3_stm32f4.a(usb_f107.o)
                                                  src/usb.o
                                                  src/init.o
rcc_periph_reset_hold                             /home/vladimir/src/libopencm3/lib/libopencm3_stm32f4.a(rcc_common_all.o)
rcc_periph_reset_pulse                            /home/vladimir/src/libopencm3/lib/libopencm3_stm32f4.a(rcc_common_all.o)
                                                  /home/vladimir/src/libopencm3/lib/libopencm3_stm32f4.a(spi_common_all.o)
rcc_periph_reset_release                          /home/vladimir/src/libopencm3/lib/libopencm3_stm32f4.a(rcc_common_all.o)
rcc_peripheral_clear_reset                        /home/vladimir/src/libopencm3/lib/libopencm3_stm32f4.a(rcc_common_all.o)
rcc_peripheral_disable_clock                      /home/vladimir/src/libopencm3/lib/libopencm3_stm32f4.a(rcc_common_all.o)
rcc_peripheral_enable_clock                       /home/vladimir/src/libopencm3/lib/libopencm3_stm32f4.a(rcc_common_all.o)
rcc_peripheral_reset                              /home/vladimir/src/libopencm3/lib/libopencm3_stm32f4.a(rcc_common_all.o)
rcc_pllsai_config                                 /home/vladimir/src/libopencm3/lib/libopencm3_stm32f4.a(rcc.o)
rcc_pllsai_postscalers                            /home/vladimir/src/libopencm3/lib/libopencm3_stm32f4.a(rcc.o)
rcc_set_hpre                                      /home/vladimir/src/libopencm3/lib/libopencm3_stm32f4.a(rcc.o)
rcc_set_main_pll_hse                              /home/vladimir/src/libopencm3/lib/libopencm3_stm32f4.a(rcc.o)
rcc_set_main_pll_hsi                              /home/vladimir/src/libopencm3/lib/libopencm3_stm32f4.a(rcc.o)
rcc_set_mco                                       /home/vladimir/src/libopencm3/lib/libopencm3_stm32f4.a(rcc_common_all.o)
rcc_set_pll_source                                /home/vladimir/src/libopencm3/lib/libopencm3_stm32f4.a(rcc.o)